Archive member included because of file (symbol)

../../Libraries/libstm32l1.a(stm32l1xx_gpio.o)
                              /var/folders/8f/zhq2rlhx6sl47y8ztwk74bcr0000gn/T//ccyf3lgV.o (GPIO_Init)
../../Libraries/libstm32l1.a(stm32l1xx_pwr.o)
                              /var/folders/8f/zhq2rlhx6sl47y8ztwk74bcr0000gn/T//ccLk2zzz.o (PWR_RTCAccessCmd)
../../Libraries/libstm32l1.a(stm32l1xx_rcc.o)
                              /var/folders/8f/zhq2rlhx6sl47y8ztwk74bcr0000gn/T//ccLk2zzz.o (RCC_HSICmd)
../../Libraries/libstm32l1.a(stm32l1xx_tim.o)
                              /var/folders/8f/zhq2rlhx6sl47y8ztwk74bcr0000gn/T//ccLk2zzz.o (TIM_TimeBaseInit)
../../Libraries/libstm32l1.a(stm32l1xx_lcd.o)
                              /var/folders/8f/zhq2rlhx6sl47y8ztwk74bcr0000gn/T//ccyf3lgV.o (LCD_Init)
/Users/nathanogates/Development/embedded/redux/gcc-arm/bin/../lib/gcc/arm-none-eabi/4.8.4/armv6-m/libgcc.a(_thumb1_case_uqi.o)
                              /var/folders/8f/zhq2rlhx6sl47y8ztwk74bcr0000gn/T//cccTzOA7.o (__gnu_thumb1_case_uqi)
/Users/nathanogates/Development/embedded/redux/gcc-arm/bin/../lib/gcc/arm-none-eabi/4.8.4/armv6-m/libgcc.a(_thumb1_case_uhi.o)
                              /var/folders/8f/zhq2rlhx6sl47y8ztwk74bcr0000gn/T//ccyf3lgV.o (__gnu_thumb1_case_uhi)
/Users/nathanogates/Development/embedded/redux/gcc-arm/bin/../lib/gcc/arm-none-eabi/4.8.4/armv6-m/libgcc.a(_udivsi3.o)
                              /var/folders/8f/zhq2rlhx6sl47y8ztwk74bcr0000gn/T//ccLk2zzz.o (__aeabi_uidiv)
/Users/nathanogates/Development/embedded/redux/gcc-arm/bin/../lib/gcc/arm-none-eabi/4.8.4/armv6-m/libgcc.a(_divsi3.o)
                              /var/folders/8f/zhq2rlhx6sl47y8ztwk74bcr0000gn/T//ccLk2zzz.o (__aeabi_idiv)
/Users/nathanogates/Development/embedded/redux/gcc-arm/bin/../lib/gcc/arm-none-eabi/4.8.4/armv6-m/libgcc.a(_dvmd_tls.o)
                              /Users/nathanogates/Development/embedded/redux/gcc-arm/bin/../lib/gcc/arm-none-eabi/4.8.4/armv6-m/libgcc.a(_udivsi3.o) (__aeabi_idiv0)
/Users/nathanogates/Development/embedded/redux/gcc-arm/bin/../lib/gcc/arm-none-eabi/4.8.4/../../../../arm-none-eabi/lib/armv6-m/libg.a(lib_a-exit.o)
                              /Users/nathanogates/Development/embedded/redux/gcc-arm/bin/../lib/gcc/arm-none-eabi/4.8.4/../../../../arm-none-eabi/lib/armv6-m/crt0.o (exit)
/Users/nathanogates/Development/embedded/redux/gcc-arm/bin/../lib/gcc/arm-none-eabi/4.8.4/../../../../arm-none-eabi/lib/armv6-m/libg.a(lib_a-impure.o)
                              /Users/nathanogates/Development/embedded/redux/gcc-arm/bin/../lib/gcc/arm-none-eabi/4.8.4/../../../../arm-none-eabi/lib/armv6-m/libg.a(lib_a-exit.o) (_global_impure_ptr)
/Users/nathanogates/Development/embedded/redux/gcc-arm/bin/../lib/gcc/arm-none-eabi/4.8.4/../../../../arm-none-eabi/lib/armv6-m/libg.a(lib_a-init.o)
                              /Users/nathanogates/Development/embedded/redux/gcc-arm/bin/../lib/gcc/arm-none-eabi/4.8.4/../../../../arm-none-eabi/lib/armv6-m/crt0.o (__libc_init_array)
/Users/nathanogates/Development/embedded/redux/gcc-arm/bin/../lib/gcc/arm-none-eabi/4.8.4/../../../../arm-none-eabi/lib/armv6-m/libg.a(lib_a-memset.o)
                              /Users/nathanogates/Development/embedded/redux/gcc-arm/bin/../lib/gcc/arm-none-eabi/4.8.4/../../../../arm-none-eabi/lib/armv6-m/crt0.o (memset)
/Users/nathanogates/Development/embedded/redux/gcc-arm/bin/../lib/gcc/arm-none-eabi/4.8.4/../../../../arm-none-eabi/lib/armv6-m/libg.a(lib_a-__call_atexit.o)
                              /Users/nathanogates/Development/embedded/redux/gcc-arm/bin/../lib/gcc/arm-none-eabi/4.8.4/../../../../arm-none-eabi/lib/armv6-m/libg.a(lib_a-exit.o) (__call_exitprocs)
/Users/nathanogates/Development/embedded/redux/gcc-arm/bin/../lib/gcc/arm-none-eabi/4.8.4/../../../../arm-none-eabi/lib/armv6-m/libg.a(lib_a-atexit.o)
                              /Users/nathanogates/Development/embedded/redux/gcc-arm/bin/../lib/gcc/arm-none-eabi/4.8.4/../../../../arm-none-eabi/lib/armv6-m/libg.a(lib_a-__call_atexit.o) (atexit)
/Users/nathanogates/Development/embedded/redux/gcc-arm/bin/../lib/gcc/arm-none-eabi/4.8.4/../../../../arm-none-eabi/lib/armv6-m/libg.a(lib_a-fini.o)
                              /Users/nathanogates/Development/embedded/redux/gcc-arm/bin/../lib/gcc/arm-none-eabi/4.8.4/../../../../arm-none-eabi/lib/armv6-m/libg.a(lib_a-__call_atexit.o) (__libc_fini_array)
/Users/nathanogates/Development/embedded/redux/gcc-arm/bin/../lib/gcc/arm-none-eabi/4.8.4/../../../../arm-none-eabi/lib/armv6-m/libg.a(lib_a-__atexit.o)
                              /Users/nathanogates/Development/embedded/redux/gcc-arm/bin/../lib/gcc/arm-none-eabi/4.8.4/../../../../arm-none-eabi/lib/armv6-m/libg.a(lib_a-atexit.o) (__register_exitproc)

Allocating common symbols
Common symbol       size              file

strDisp             0x14              /var/folders/8f/zhq2rlhx6sl47y8ztwk74bcr0000gn/T//ccLk2zzz.o

Discarded input sections

 .text          0x0000000000000000        0x0 /Users/nathanogates/Development/embedded/redux/gcc-arm/bin/../lib/gcc/arm-none-eabi/4.8.4/armv6-m/crti.o
 .data          0x0000000000000000        0x0 /Users/nathanogates/Development/embedded/redux/gcc-arm/bin/../lib/gcc/arm-none-eabi/4.8.4/armv6-m/crti.o
 .bss           0x0000000000000000        0x0 /Users/nathanogates/Development/embedded/redux/gcc-arm/bin/../lib/gcc/arm-none-eabi/4.8.4/armv6-m/crti.o
 .text          0x0000000000000000       0x60 /Users/nathanogates/Development/embedded/redux/gcc-arm/bin/../lib/gcc/arm-none-eabi/4.8.4/armv6-m/crtbegin.o
 .data          0x0000000000000000        0x4 /Users/nathanogates/Development/embedded/redux/gcc-arm/bin/../lib/gcc/arm-none-eabi/4.8.4/armv6-m/crtbegin.o
 .bss           0x0000000000000000       0x1c /Users/nathanogates/Development/embedded/redux/gcc-arm/bin/../lib/gcc/arm-none-eabi/4.8.4/armv6-m/crtbegin.o
 .init_array    0x0000000000000000        0x4 /Users/nathanogates/Development/embedded/redux/gcc-arm/bin/../lib/gcc/arm-none-eabi/4.8.4/armv6-m/crtbegin.o
 .fini_array    0x0000000000000000        0x4 /Users/nathanogates/Development/embedded/redux/gcc-arm/bin/../lib/gcc/arm-none-eabi/4.8.4/armv6-m/crtbegin.o
 .eh_frame      0x0000000000000000        0x0 /Users/nathanogates/Development/embedded/redux/gcc-arm/bin/../lib/gcc/arm-none-eabi/4.8.4/armv6-m/crtbegin.o
 .jcr           0x0000000000000000        0x0 /Users/nathanogates/Development/embedded/redux/gcc-arm/bin/../lib/gcc/arm-none-eabi/4.8.4/armv6-m/crtbegin.o
 .ARM.attributes
                0x0000000000000000       0x2c /Users/nathanogates/Development/embedded/redux/gcc-arm/bin/../lib/gcc/arm-none-eabi/4.8.4/armv6-m/crtbegin.o
 .text          0x0000000000000000       0x78 /Users/nathanogates/Development/embedded/redux/gcc-arm/bin/../lib/gcc/arm-none-eabi/4.8.4/../../../../arm-none-eabi/lib/armv6-m/crt0.o
 .data          0x0000000000000000        0x0 /Users/nathanogates/Development/embedded/redux/gcc-arm/bin/../lib/gcc/arm-none-eabi/4.8.4/../../../../arm-none-eabi/lib/armv6-m/crt0.o
 .bss           0x0000000000000000        0x0 /Users/nathanogates/Development/embedded/redux/gcc-arm/bin/../lib/gcc/arm-none-eabi/4.8.4/../../../../arm-none-eabi/lib/armv6-m/crt0.o
 .ARM.extab     0x0000000000000000        0x0 /Users/nathanogates/Development/embedded/redux/gcc-arm/bin/../lib/gcc/arm-none-eabi/4.8.4/../../../../arm-none-eabi/lib/armv6-m/crt0.o
 .ARM.exidx     0x0000000000000000        0x8 /Users/nathanogates/Development/embedded/redux/gcc-arm/bin/../lib/gcc/arm-none-eabi/4.8.4/../../../../arm-none-eabi/lib/armv6-m/crt0.o
 .ARM.attributes
                0x0000000000000000       0x1b /Users/nathanogates/Development/embedded/redux/gcc-arm/bin/../lib/gcc/arm-none-eabi/4.8.4/../../../../arm-none-eabi/lib/armv6-m/crt0.o
 .text          0x0000000000000000        0x0 /var/folders/8f/zhq2rlhx6sl47y8ztwk74bcr0000gn/T//ccLk2zzz.o
 .data          0x0000000000000000        0x0 /var/folders/8f/zhq2rlhx6sl47y8ztwk74bcr0000gn/T//ccLk2zzz.o
 .bss           0x0000000000000000        0x0 /var/folders/8f/zhq2rlhx6sl47y8ztwk74bcr0000gn/T//ccLk2zzz.o
 .text          0x0000000000000000        0x0 /var/folders/8f/zhq2rlhx6sl47y8ztwk74bcr0000gn/T//ccyf3lgV.o
 .data          0x0000000000000000        0x0 /var/folders/8f/zhq2rlhx6sl47y8ztwk74bcr0000gn/T//ccyf3lgV.o
 .bss           0x0000000000000000        0x0 /var/folders/8f/zhq2rlhx6sl47y8ztwk74bcr0000gn/T//ccyf3lgV.o
 .text          0x0000000000000000        0x0 /var/folders/8f/zhq2rlhx6sl47y8ztwk74bcr0000gn/T//ccQef8iV.o
 .data          0x0000000000000000        0x0 /var/folders/8f/zhq2rlhx6sl47y8ztwk74bcr0000gn/T//ccQef8iV.o
 .bss           0x0000000000000000        0x0 /var/folders/8f/zhq2rlhx6sl47y8ztwk74bcr0000gn/T//ccQef8iV.o
 .text          0x0000000000000000        0x0 /var/folders/8f/zhq2rlhx6sl47y8ztwk74bcr0000gn/T//cccTzOA7.o
 .data          0x0000000000000000        0x0 /var/folders/8f/zhq2rlhx6sl47y8ztwk74bcr0000gn/T//cccTzOA7.o
 .bss           0x0000000000000000        0x0 /var/folders/8f/zhq2rlhx6sl47y8ztwk74bcr0000gn/T//cccTzOA7.o
 .text.SystemCoreClockUpdate
                0x0000000000000000       0x8c /var/folders/8f/zhq2rlhx6sl47y8ztwk74bcr0000gn/T//cccTzOA7.o
 .data.PLLMulTable
                0x0000000000000000        0x9 /var/folders/8f/zhq2rlhx6sl47y8ztwk74bcr0000gn/T//cccTzOA7.o
 .data.AHBPrescTable
                0x0000000000000000       0x10 /var/folders/8f/zhq2rlhx6sl47y8ztwk74bcr0000gn/T//cccTzOA7.o
 .data.SystemCoreClock
                0x0000000000000000        0x4 /var/folders/8f/zhq2rlhx6sl47y8ztwk74bcr0000gn/T//cccTzOA7.o
 .text          0x0000000000000000       0x14 /var/folders/8f/zhq2rlhx6sl47y8ztwk74bcr0000gn/T//ccwxblJX.o
 .data          0x0000000000000000        0x0 /var/folders/8f/zhq2rlhx6sl47y8ztwk74bcr0000gn/T//ccwxblJX.o
 .bss           0x0000000000000000        0x0 /var/folders/8f/zhq2rlhx6sl47y8ztwk74bcr0000gn/T//ccwxblJX.o
 .data          0x0000000000000000        0x0 ../../Libraries/libstm32l1.a(stm32l1xx_gpio.o)
 .bss           0x0000000000000000        0x0 ../../Libraries/libstm32l1.a(stm32l1xx_gpio.o)
 .data          0x0000000000000000        0x0 ../../Libraries/libstm32l1.a(stm32l1xx_pwr.o)
 .bss           0x0000000000000000        0x0 ../../Libraries/libstm32l1.a(stm32l1xx_pwr.o)
 .bss           0x0000000000000000        0x0 ../../Libraries/libstm32l1.a(stm32l1xx_rcc.o)
 .data          0x0000000000000000        0x0 ../../Libraries/libstm32l1.a(stm32l1xx_tim.o)
 .bss           0x0000000000000000        0x0 ../../Libraries/libstm32l1.a(stm32l1xx_tim.o)
 .data          0x0000000000000000        0x0 ../../Libraries/libstm32l1.a(stm32l1xx_lcd.o)
 .bss           0x0000000000000000        0x0 ../../Libraries/libstm32l1.a(stm32l1xx_lcd.o)
 .text          0x0000000000000000       0x14 /Users/nathanogates/Development/embedded/redux/gcc-arm/bin/../lib/gcc/arm-none-eabi/4.8.4/armv6-m/libgcc.a(_thumb1_case_uqi.o)
 .data          0x0000000000000000        0x0 /Users/nathanogates/Development/embedded/redux/gcc-arm/bin/../lib/gcc/arm-none-eabi/4.8.4/armv6-m/libgcc.a(_thumb1_case_uqi.o)
 .bss           0x0000000000000000        0x0 /Users/nathanogates/Development/embedded/redux/gcc-arm/bin/../lib/gcc/arm-none-eabi/4.8.4/armv6-m/libgcc.a(_thumb1_case_uqi.o)
 .ARM.attributes
                0x0000000000000000       0x1e /Users/nathanogates/Development/embedded/redux/gcc-arm/bin/../lib/gcc/arm-none-eabi/4.8.4/armv6-m/libgcc.a(_thumb1_case_uqi.o)
 .data          0x0000000000000000        0x0 /Users/nathanogates/Development/embedded/redux/gcc-arm/bin/../lib/gcc/arm-none-eabi/4.8.4/armv6-m/libgcc.a(_thumb1_case_uhi.o)
 .bss           0x0000000000000000        0x0 /Users/nathanogates/Development/embedded/redux/gcc-arm/bin/../lib/gcc/arm-none-eabi/4.8.4/armv6-m/libgcc.a(_thumb1_case_uhi.o)
 .data          0x0000000000000000        0x0 /Users/nathanogates/Development/embedded/redux/gcc-arm/bin/../lib/gcc/arm-none-eabi/4.8.4/armv6-m/libgcc.a(_udivsi3.o)
 .bss           0x0000000000000000        0x0 /Users/nathanogates/Development/embedded/redux/gcc-arm/bin/../lib/gcc/arm-none-eabi/4.8.4/armv6-m/libgcc.a(_udivsi3.o)
 .data          0x0000000000000000        0x0 /Users/nathanogates/Development/embedded/redux/gcc-arm/bin/../lib/gcc/arm-none-eabi/4.8.4/armv6-m/libgcc.a(_divsi3.o)
 .bss           0x0000000000000000        0x0 /Users/nathanogates/Development/embedded/redux/gcc-arm/bin/../lib/gcc/arm-none-eabi/4.8.4/armv6-m/libgcc.a(_divsi3.o)
 .data          0x0000000000000000        0x0 /Users/nathanogates/Development/embedded/redux/gcc-arm/bin/../lib/gcc/arm-none-eabi/4.8.4/armv6-m/libgcc.a(_dvmd_tls.o)
 .bss           0x0000000000000000        0x0 /Users/nathanogates/Development/embedded/redux/gcc-arm/bin/../lib/gcc/arm-none-eabi/4.8.4/armv6-m/libgcc.a(_dvmd_tls.o)
 .text          0x0000000000000000        0x0 /Users/nathanogates/Development/embedded/redux/gcc-arm/bin/../lib/gcc/arm-none-eabi/4.8.4/../../../../arm-none-eabi/lib/armv6-m/libg.a(lib_a-exit.o)
 .data          0x0000000000000000        0x0 /Users/nathanogates/Development/embedded/redux/gcc-arm/bin/../lib/gcc/arm-none-eabi/4.8.4/../../../../arm-none-eabi/lib/armv6-m/libg.a(lib_a-exit.o)
 .bss           0x0000000000000000        0x0 /Users/nathanogates/Development/embedded/redux/gcc-arm/bin/../lib/gcc/arm-none-eabi/4.8.4/../../../../arm-none-eabi/lib/armv6-m/libg.a(lib_a-exit.o)
 .text.exit     0x0000000000000000       0x20 /Users/nathanogates/Development/embedded/redux/gcc-arm/bin/../lib/gcc/arm-none-eabi/4.8.4/../../../../arm-none-eabi/lib/armv6-m/libg.a(lib_a-exit.o)
 .ARM.attributes
                0x0000000000000000       0x2c /Users/nathanogates/Development/embedded/redux/gcc-arm/bin/../lib/gcc/arm-none-eabi/4.8.4/../../../../arm-none-eabi/lib/armv6-m/libg.a(lib_a-exit.o)
 .debug_frame   0x0000000000000000       0x28 /Users/nathanogates/Development/embedded/redux/gcc-arm/bin/../lib/gcc/arm-none-eabi/4.8.4/../../../../arm-none-eabi/lib/armv6-m/libg.a(lib_a-exit.o)
 .text          0x0000000000000000        0x0 /Users/nathanogates/Development/embedded/redux/gcc-arm/bin/../lib/gcc/arm-none-eabi/4.8.4/../../../../arm-none-eabi/lib/armv6-m/libg.a(lib_a-impure.o)
 .data          0x0000000000000000        0x0 /Users/nathanogates/Development/embedded/redux/gcc-arm/bin/../lib/gcc/arm-none-eabi/4.8.4/../../../../arm-none-eabi/lib/armv6-m/libg.a(lib_a-impure.o)
 .bss           0x0000000000000000        0x0 /Users/nathanogates/Development/embedded/redux/gcc-arm/bin/../lib/gcc/arm-none-eabi/4.8.4/../../../../arm-none-eabi/lib/armv6-m/libg.a(lib_a-impure.o)
 .data.impure_data
                0x0000000000000000      0x428 /Users/nathanogates/Development/embedded/redux/gcc-arm/bin/../lib/gcc/arm-none-eabi/4.8.4/../../../../arm-none-eabi/lib/armv6-m/libg.a(lib_a-impure.o)
 .data._impure_ptr
                0x0000000000000000        0x4 /Users/nathanogates/Development/embedded/redux/gcc-arm/bin/../lib/gcc/arm-none-eabi/4.8.4/../../../../arm-none-eabi/lib/armv6-m/libg.a(lib_a-impure.o)
 .rodata.str1.4
                0x0000000000000000        0x4 /Users/nathanogates/Development/embedded/redux/gcc-arm/bin/../lib/gcc/arm-none-eabi/4.8.4/../../../../arm-none-eabi/lib/armv6-m/libg.a(lib_a-impure.o)
 .rodata._global_impure_ptr
                0x0000000000000000        0x4 /Users/nathanogates/Development/embedded/redux/gcc-arm/bin/../lib/gcc/arm-none-eabi/4.8.4/../../../../arm-none-eabi/lib/armv6-m/libg.a(lib_a-impure.o)
 .ARM.attributes
                0x0000000000000000       0x2c /Users/nathanogates/Development/embedded/redux/gcc-arm/bin/../lib/gcc/arm-none-eabi/4.8.4/../../../../arm-none-eabi/lib/armv6-m/libg.a(lib_a-impure.o)
 .text          0x0000000000000000        0x0 /Users/nathanogates/Development/embedded/redux/gcc-arm/bin/../lib/gcc/arm-none-eabi/4.8.4/../../../../arm-none-eabi/lib/armv6-m/libg.a(lib_a-init.o)
 .data          0x0000000000000000        0x0 /Users/nathanogates/Development/embedded/redux/gcc-arm/bin/../lib/gcc/arm-none-eabi/4.8.4/../../../../arm-none-eabi/lib/armv6-m/libg.a(lib_a-init.o)
 .bss           0x0000000000000000        0x0 /Users/nathanogates/Development/embedded/redux/gcc-arm/bin/../lib/gcc/arm-none-eabi/4.8.4/../../../../arm-none-eabi/lib/armv6-m/libg.a(lib_a-init.o)
 .text          0x0000000000000000        0x0 /Users/nathanogates/Development/embedded/redux/gcc-arm/bin/../lib/gcc/arm-none-eabi/4.8.4/../../../../arm-none-eabi/lib/armv6-m/libg.a(lib_a-memset.o)
 .data          0x0000000000000000        0x0 /Users/nathanogates/Development/embedded/redux/gcc-arm/bin/../lib/gcc/arm-none-eabi/4.8.4/../../../../arm-none-eabi/lib/armv6-m/libg.a(lib_a-memset.o)
 .bss           0x0000000000000000        0x0 /Users/nathanogates/Development/embedded/redux/gcc-arm/bin/../lib/gcc/arm-none-eabi/4.8.4/../../../../arm-none-eabi/lib/armv6-m/libg.a(lib_a-memset.o)
 .text.memset   0x0000000000000000       0x9c /Users/nathanogates/Development/embedded/redux/gcc-arm/bin/../lib/gcc/arm-none-eabi/4.8.4/../../../../arm-none-eabi/lib/armv6-m/libg.a(lib_a-memset.o)
 .ARM.attributes
                0x0000000000000000       0x2c /Users/nathanogates/Development/embedded/redux/gcc-arm/bin/../lib/gcc/arm-none-eabi/4.8.4/../../../../arm-none-eabi/lib/armv6-m/libg.a(lib_a-memset.o)
 .debug_frame   0x0000000000000000       0x30 /Users/nathanogates/Development/embedded/redux/gcc-arm/bin/../lib/gcc/arm-none-eabi/4.8.4/../../../../arm-none-eabi/lib/armv6-m/libg.a(lib_a-memset.o)
 .text          0x0000000000000000        0x0 /Users/nathanogates/Development/embedded/redux/gcc-arm/bin/../lib/gcc/arm-none-eabi/4.8.4/../../../../arm-none-eabi/lib/armv6-m/libg.a(lib_a-__call_atexit.o)
 .data          0x0000000000000000        0x0 /Users/nathanogates/Development/embedded/redux/gcc-arm/bin/../lib/gcc/arm-none-eabi/4.8.4/../../../../arm-none-eabi/lib/armv6-m/libg.a(lib_a-__call_atexit.o)
 .bss           0x0000000000000000        0x0 /Users/nathanogates/Development/embedded/redux/gcc-arm/bin/../lib/gcc/arm-none-eabi/4.8.4/../../../../arm-none-eabi/lib/armv6-m/libg.a(lib_a-__call_atexit.o)
 .text.startup.register_fini
                0x0000000000000000       0x18 /Users/nathanogates/Development/embedded/redux/gcc-arm/bin/../lib/gcc/arm-none-eabi/4.8.4/../../../../arm-none-eabi/lib/armv6-m/libg.a(lib_a-__call_atexit.o)
 .init_array.00000
                0x0000000000000000        0x4 /Users/nathanogates/Development/embedded/redux/gcc-arm/bin/../lib/gcc/arm-none-eabi/4.8.4/../../../../arm-none-eabi/lib/armv6-m/libg.a(lib_a-__call_atexit.o)
 .text.__call_exitprocs
                0x0000000000000000      0x118 /Users/nathanogates/Development/embedded/redux/gcc-arm/bin/../lib/gcc/arm-none-eabi/4.8.4/../../../../arm-none-eabi/lib/armv6-m/libg.a(lib_a-__call_atexit.o)
 .ARM.attributes
                0x0000000000000000       0x2c /Users/nathanogates/Development/embedded/redux/gcc-arm/bin/../lib/gcc/arm-none-eabi/4.8.4/../../../../arm-none-eabi/lib/armv6-m/libg.a(lib_a-__call_atexit.o)
 .debug_frame   0x0000000000000000       0x54 /Users/nathanogates/Development/embedded/redux/gcc-arm/bin/../lib/gcc/arm-none-eabi/4.8.4/../../../../arm-none-eabi/lib/armv6-m/libg.a(lib_a-__call_atexit.o)
 .text          0x0000000000000000        0x0 /Users/nathanogates/Development/embedded/redux/gcc-arm/bin/../lib/gcc/arm-none-eabi/4.8.4/../../../../arm-none-eabi/lib/armv6-m/libg.a(lib_a-atexit.o)
 .data          0x0000000000000000        0x0 /Users/nathanogates/Development/embedded/redux/gcc-arm/bin/../lib/gcc/arm-none-eabi/4.8.4/../../../../arm-none-eabi/lib/armv6-m/libg.a(lib_a-atexit.o)
 .bss           0x0000000000000000        0x0 /Users/nathanogates/Development/embedded/redux/gcc-arm/bin/../lib/gcc/arm-none-eabi/4.8.4/../../../../arm-none-eabi/lib/armv6-m/libg.a(lib_a-atexit.o)
 .text.atexit   0x0000000000000000       0x10 /Users/nathanogates/Development/embedded/redux/gcc-arm/bin/../lib/gcc/arm-none-eabi/4.8.4/../../../../arm-none-eabi/lib/armv6-m/libg.a(lib_a-atexit.o)
 .ARM.attributes
                0x0000000000000000       0x2c /Users/nathanogates/Development/embedded/redux/gcc-arm/bin/../lib/gcc/arm-none-eabi/4.8.4/../../../../arm-none-eabi/lib/armv6-m/libg.a(lib_a-atexit.o)
 .debug_frame   0x0000000000000000       0x28 /Users/nathanogates/Development/embedded/redux/gcc-arm/bin/../lib/gcc/arm-none-eabi/4.8.4/../../../../arm-none-eabi/lib/armv6-m/libg.a(lib_a-atexit.o)
 .text          0x0000000000000000        0x0 /Users/nathanogates/Development/embedded/redux/gcc-arm/bin/../lib/gcc/arm-none-eabi/4.8.4/../../../../arm-none-eabi/lib/armv6-m/libg.a(lib_a-fini.o)
 .data          0x0000000000000000        0x0 /Users/nathanogates/Development/embedded/redux/gcc-arm/bin/../lib/gcc/arm-none-eabi/4.8.4/../../../../arm-none-eabi/lib/armv6-m/libg.a(lib_a-fini.o)
 .bss           0x0000000000000000        0x0 /Users/nathanogates/Development/embedded/redux/gcc-arm/bin/../lib/gcc/arm-none-eabi/4.8.4/../../../../arm-none-eabi/lib/armv6-m/libg.a(lib_a-fini.o)
 .text.__libc_fini_array
                0x0000000000000000       0x30 /Users/nathanogates/Development/embedded/redux/gcc-arm/bin/../lib/gcc/arm-none-eabi/4.8.4/../../../../arm-none-eabi/lib/armv6-m/libg.a(lib_a-fini.o)
 .ARM.attributes
                0x0000000000000000       0x2c /Users/nathanogates/Development/embedded/redux/gcc-arm/bin/../lib/gcc/arm-none-eabi/4.8.4/../../../../arm-none-eabi/lib/armv6-m/libg.a(lib_a-fini.o)
 .debug_frame   0x0000000000000000       0x2c /Users/nathanogates/Development/embedded/redux/gcc-arm/bin/../lib/gcc/arm-none-eabi/4.8.4/../../../../arm-none-eabi/lib/armv6-m/libg.a(lib_a-fini.o)
 .text          0x0000000000000000        0x0 /Users/nathanogates/Development/embedded/redux/gcc-arm/bin/../lib/gcc/arm-none-eabi/4.8.4/../../../../arm-none-eabi/lib/armv6-m/libg.a(lib_a-__atexit.o)
 .data          0x0000000000000000        0x0 /Users/nathanogates/Development/embedded/redux/gcc-arm/bin/../lib/gcc/arm-none-eabi/4.8.4/../../../../arm-none-eabi/lib/armv6-m/libg.a(lib_a-__atexit.o)
 .bss           0x0000000000000000        0x0 /Users/nathanogates/Development/embedded/redux/gcc-arm/bin/../lib/gcc/arm-none-eabi/4.8.4/../../../../arm-none-eabi/lib/armv6-m/libg.a(lib_a-__atexit.o)
 .text.__register_exitproc
                0x0000000000000000       0xc0 /Users/nathanogates/Development/embedded/redux/gcc-arm/bin/../lib/gcc/arm-none-eabi/4.8.4/../../../../arm-none-eabi/lib/armv6-m/libg.a(lib_a-__atexit.o)
 .ARM.attributes
                0x0000000000000000       0x2c /Users/nathanogates/Development/embedded/redux/gcc-arm/bin/../lib/gcc/arm-none-eabi/4.8.4/../../../../arm-none-eabi/lib/armv6-m/libg.a(lib_a-__atexit.o)
 .debug_frame   0x0000000000000000       0x38 /Users/nathanogates/Development/embedded/redux/gcc-arm/bin/../lib/gcc/arm-none-eabi/4.8.4/../../../../arm-none-eabi/lib/armv6-m/libg.a(lib_a-__atexit.o)
 .text          0x0000000000000000        0x0 /Users/nathanogates/Development/embedded/redux/gcc-arm/bin/../lib/gcc/arm-none-eabi/4.8.4/armv6-m/crtend.o
 .data          0x0000000000000000        0x0 /Users/nathanogates/Development/embedded/redux/gcc-arm/bin/../lib/gcc/arm-none-eabi/4.8.4/armv6-m/crtend.o
 .bss           0x0000000000000000        0x0 /Users/nathanogates/Development/embedded/redux/gcc-arm/bin/../lib/gcc/arm-none-eabi/4.8.4/armv6-m/crtend.o
 .eh_frame      0x0000000000000000        0x4 /Users/nathanogates/Development/embedded/redux/gcc-arm/bin/../lib/gcc/arm-none-eabi/4.8.4/armv6-m/crtend.o
 .jcr           0x0000000000000000        0x4 /Users/nathanogates/Development/embedded/redux/gcc-arm/bin/../lib/gcc/arm-none-eabi/4.8.4/armv6-m/crtend.o
 .ARM.attributes
                0x0000000000000000       0x2c /Users/nathanogates/Development/embedded/redux/gcc-arm/bin/../lib/gcc/arm-none-eabi/4.8.4/armv6-m/crtend.o
 .text          0x0000000000000000        0x0 /Users/nathanogates/Development/embedded/redux/gcc-arm/bin/../lib/gcc/arm-none-eabi/4.8.4/armv6-m/crtn.o
 .data          0x0000000000000000        0x0 /Users/nathanogates/Development/embedded/redux/gcc-arm/bin/../lib/gcc/arm-none-eabi/4.8.4/armv6-m/crtn.o
 .bss           0x0000000000000000        0x0 /Users/nathanogates/Development/embedded/redux/gcc-arm/bin/../lib/gcc/arm-none-eabi/4.8.4/armv6-m/crtn.o

Memory Configuration

Name             Origin             Length             Attributes
FLASH            0x0000000008000000 0x0000000000020000 xr
RAM              0x0000000020000000 0x0000000000004000 xrw
*default*        0x0000000000000000 0xffffffffffffffff

Linker script and memory map

LOAD /Users/nathanogates/Development/embedded/redux/gcc-arm/bin/../lib/gcc/arm-none-eabi/4.8.4/armv6-m/crti.o
LOAD /Users/nathanogates/Development/embedded/redux/gcc-arm/bin/../lib/gcc/arm-none-eabi/4.8.4/armv6-m/crtbegin.o
LOAD /Users/nathanogates/Development/embedded/redux/gcc-arm/bin/../lib/gcc/arm-none-eabi/4.8.4/../../../../arm-none-eabi/lib/armv6-m/crt0.o
LOAD /var/folders/8f/zhq2rlhx6sl47y8ztwk74bcr0000gn/T//ccLk2zzz.o
LOAD /var/folders/8f/zhq2rlhx6sl47y8ztwk74bcr0000gn/T//ccyf3lgV.o
LOAD /var/folders/8f/zhq2rlhx6sl47y8ztwk74bcr0000gn/T//ccQef8iV.o
LOAD /var/folders/8f/zhq2rlhx6sl47y8ztwk74bcr0000gn/T//cccTzOA7.o
LOAD /var/folders/8f/zhq2rlhx6sl47y8ztwk74bcr0000gn/T//ccwxblJX.o
LOAD ../../Libraries/libstm32l1.a
LOAD /Users/nathanogates/Development/embedded/redux/gcc-arm/bin/../lib/gcc/arm-none-eabi/4.8.4/../../../../arm-none-eabi/lib/armv6-m/libnosys.a
START GROUP
LOAD /Users/nathanogates/Development/embedded/redux/gcc-arm/bin/../lib/gcc/arm-none-eabi/4.8.4/armv6-m/libgcc.a
LOAD /Users/nathanogates/Development/embedded/redux/gcc-arm/bin/../lib/gcc/arm-none-eabi/4.8.4/../../../../arm-none-eabi/lib/armv6-m/libg.a
LOAD /Users/nathanogates/Development/embedded/redux/gcc-arm/bin/../lib/gcc/arm-none-eabi/4.8.4/../../../../arm-none-eabi/lib/armv6-m/libc.a
END GROUP
LOAD /Users/nathanogates/Development/embedded/redux/gcc-arm/bin/../lib/gcc/arm-none-eabi/4.8.4/armv6-m/crtend.o
LOAD /Users/nathanogates/Development/embedded/redux/gcc-arm/bin/../lib/gcc/arm-none-eabi/4.8.4/armv6-m/crtn.o
                0x0000000020002000                _estack = 0x20002000

.isr_vector     0x0000000008000000      0x10c
                0x0000000008000000                . = ALIGN (0x4)
 *(.isr_vector)
 .isr_vector    0x0000000008000000      0x10c /var/folders/8f/zhq2rlhx6sl47y8ztwk74bcr0000gn/T//ccwxblJX.o
                0x0000000008000000                g_pfnVectors
                0x000000000800010c                . = ALIGN (0x4)

.text           0x000000000800010c     0x2198
                0x000000000800010c                . = ALIGN (0x4)
 *(.text)
 .text          0x000000000800010c      0x23c ../../Libraries/libstm32l1.a(stm32l1xx_gpio.o)
                0x000000000800010c                GPIO_DeInit
                0x00000000080001f0                GPIO_Init
                0x00000000080002a0                GPIO_StructInit
                0x00000000080002b4                GPIO_PinLockConfig
                0x00000000080002d8                GPIO_ReadInputDataBit
                0x00000000080002e4                GPIO_ReadInputData
                0x00000000080002ec                GPIO_ReadOutputDataBit
                0x00000000080002f8                GPIO_ReadOutputData
                0x0000000008000300                GPIO_SetBits
                0x0000000008000304                GPIO_ResetBits
                0x0000000008000308                GPIO_WriteBit
                0x0000000008000314                GPIO_Write
                0x0000000008000318                GPIO_ToggleBits
                0x0000000008000324                GPIO_PinAFConfig
 .text          0x0000000008000348      0x174 ../../Libraries/libstm32l1.a(stm32l1xx_pwr.o)
                0x0000000008000348                PWR_DeInit
                0x0000000008000360                PWR_RTCAccessCmd
                0x000000000800036c                PWR_PVDLevelConfig
                0x0000000008000380                PWR_PVDCmd
                0x000000000800038c                PWR_WakeUpPinCmd
                0x00000000080003a4                PWR_FastWakeUpCmd
                0x00000000080003b0                PWR_UltraLowPowerCmd
                0x00000000080003bc                PWR_VoltageScalingConfig
                0x00000000080003d8                PWR_EnterLowPowerRunMode
                0x000000000800040c                PWR_EnterSleepMode
                0x0000000008000438                PWR_EnterSTOPMode
                0x0000000008000470                PWR_EnterSTANDBYMode
                0x0000000008000498                PWR_GetFlagStatus
                0x00000000080004ac                PWR_ClearFlag
 .text          0x00000000080004bc      0x404 ../../Libraries/libstm32l1.a(stm32l1xx_rcc.o)
                0x00000000080004bc                RCC_DeInit
                0x0000000008000504                RCC_HSEConfig
                0x0000000008000514                RCC_WaitForHSEStartUp
                0x0000000008000550                RCC_AdjustMSICalibrationValue
                0x000000000800055c                RCC_MSIRangeConfig
                0x0000000008000574                RCC_MSICmd
                0x0000000008000580                RCC_AdjustHSICalibrationValue
                0x0000000008000598                RCC_HSICmd
                0x00000000080005a4                RCC_LSEConfig
                0x00000000080005b4                RCC_LSICmd
                0x00000000080005c0                RCC_PLLConfig
                0x00000000080005d0                RCC_PLLCmd
                0x00000000080005dc                RCC_ClockSecuritySystemCmd
                0x00000000080005e8                RCC_LSEClockSecuritySystemCmd
                0x00000000080005f4                RCC_MCOConfig
                0x0000000008000600                RCC_SYSCLKConfig
                0x0000000008000614                RCC_GetSYSCLKSource
                0x0000000008000624                RCC_HCLKConfig
                0x0000000008000638                RCC_PCLK1Config
                0x0000000008000650                RCC_PCLK2Config
                0x0000000008000668                RCC_GetClocksFreq
                0x0000000008000720                RCC_RTCCLKConfig
                0x0000000008000760                RCC_RTCCLKCmd
                0x000000000800076c                RCC_RTCResetCmd
                0x0000000008000778                RCC_AHBPeriphClockCmd
                0x0000000008000790                RCC_APB2PeriphClockCmd
                0x00000000080007a8                RCC_APB1PeriphClockCmd
                0x00000000080007c0                RCC_AHBPeriphResetCmd
                0x00000000080007d8                RCC_APB2PeriphResetCmd
                0x00000000080007f0                RCC_APB1PeriphResetCmd
                0x0000000008000808                RCC_AHBPeriphClockLPModeCmd
                0x0000000008000820                RCC_APB2PeriphClockLPModeCmd
                0x0000000008000838                RCC_APB1PeriphClockLPModeCmd
                0x0000000008000850                RCC_ITConfig
                0x0000000008000868                RCC_GetFlagStatus
                0x000000000800088c                RCC_ClearFlag
                0x00000000080008a0                RCC_GetITStatus
                0x00000000080008b4                RCC_ClearITPendingBit
 .text          0x00000000080008c0      0xb60 ../../Libraries/libstm32l1.a(stm32l1xx_tim.o)
                0x00000000080008c0                TIM_DeInit
                0x00000000080009c0                TIM_TimeBaseInit
                0x0000000008000a28                TIM_TimeBaseStructInit
                0x0000000008000a38                TIM_PrescalerConfig
                0x0000000008000a40                TIM_CounterModeConfig
                0x0000000008000a50                TIM_SetCounter
                0x0000000008000a54                TIM_SetAutoreload
                0x0000000008000a58                TIM_GetCounter
                0x0000000008000a5c                TIM_GetPrescaler
                0x0000000008000a64                TIM_UpdateDisableConfig
                0x0000000008000a84                TIM_UpdateRequestConfig
                0x0000000008000aa4                TIM_ARRPreloadConfig
                0x0000000008000ac4                TIM_SelectOnePulseMode
                0x0000000008000adc                TIM_SetClockDivision
                0x0000000008000af4                TIM_Cmd
                0x0000000008000b14                TIM_OC1Init
                0x0000000008000b4c                TIM_OC2Init
                0x0000000008000b90                TIM_OC3Init
                0x0000000008000bd0                TIM_OC4Init
                0x0000000008000c14                TIM_OCStructInit
                0x0000000008000c20                TIM_SelectOCxM
                0x0000000008000c70                TIM_SetCompare1
                0x0000000008000c74                TIM_SetCompare2
                0x0000000008000c78                TIM_SetCompare3
                0x0000000008000c7c                TIM_SetCompare4
                0x0000000008000c80                TIM_ForcedOC1Config
                0x0000000008000c90                TIM_ForcedOC2Config
                0x0000000008000ca8                TIM_ForcedOC3Config
                0x0000000008000cb8                TIM_ForcedOC4Config
                0x0000000008000cd0                TIM_OC1PreloadConfig
                0x0000000008000ce0                TIM_OC2PreloadConfig
                0x0000000008000cf8                TIM_OC3PreloadConfig
                0x0000000008000d08                TIM_OC4PreloadConfig
                0x0000000008000d20                TIM_OC1FastConfig
                0x0000000008000d30                TIM_OC2FastConfig
                0x0000000008000d48                TIM_OC3FastConfig
                0x0000000008000d58                TIM_OC4FastConfig
                0x0000000008000d70                TIM_ClearOC1Ref
                0x0000000008000d80                TIM_ClearOC2Ref
                0x0000000008000d90                TIM_ClearOC3Ref
                0x0000000008000da0                TIM_ClearOC4Ref
                0x0000000008000db0                TIM_OC1PolarityConfig
                0x0000000008000dc0                TIM_OC2PolarityConfig
                0x0000000008000dd8                TIM_OC3PolarityConfig
                0x0000000008000df0                TIM_OC4PolarityConfig
                0x0000000008000e08                TIM_SelectOCREFClear
                0x0000000008000e20                TIM_CCxCmd
                0x0000000008000e3c                TIM_ICInit
                0x0000000008000fa0                TIM_ICStructInit
                0x0000000008000fb0                TIM_PWMIConfig
                0x0000000008001138                TIM_GetCapture1
                0x000000000800113c                TIM_GetCapture2
                0x0000000008001140                TIM_GetCapture3
                0x0000000008001144                TIM_GetCapture4
                0x0000000008001148                TIM_SetIC1Prescaler
                0x0000000008001160                TIM_SetIC2Prescaler
                0x000000000800117c                TIM_SetIC3Prescaler
                0x0000000008001194                TIM_SetIC4Prescaler
                0x00000000080011b0                TIM_ITConfig
                0x00000000080011c4                TIM_GenerateEvent
                0x00000000080011c8                TIM_GetFlagStatus
                0x00000000080011d4                TIM_ClearFlag
                0x00000000080011dc                TIM_GetITStatus
                0x00000000080011f4                TIM_ClearITPendingBit
                0x00000000080011fc                TIM_DMAConfig
                0x0000000008001204                TIM_DMACmd
                0x0000000008001218                TIM_SelectCCDMA
                0x0000000008001238                TIM_InternalClockConfig
                0x0000000008001248                TIM_ITRxExternalClockConfig
                0x0000000008001264                TIM_TIxExternalClockConfig
                0x00000000080012f8                TIM_ETRClockMode1Config
                0x0000000008001320                TIM_ETRClockMode2Config
                0x0000000008001344                TIM_SelectInputTrigger
                0x0000000008001354                TIM_SelectOutputTrigger
                0x000000000800136c                TIM_SelectSlaveMode
                0x0000000008001384                TIM_SelectMasterSlaveMode
                0x000000000800139c                TIM_ETRConfig
                0x00000000080013b4                TIM_EncoderInterfaceConfig
                0x00000000080013ec                TIM_SelectHallSensor
                0x000000000800140c                TIM_RemapConfig
 .text          0x0000000008001420      0x18c ../../Libraries/libstm32l1.a(stm32l1xx_lcd.o)
                0x0000000008001420                LCD_DeInit
                0x0000000008001438                LCD_Init
                0x000000000800147c                LCD_StructInit
                0x000000000800148c                LCD_Cmd
                0x0000000008001498                LCD_WaitForSynchro
                0x00000000080014a8                LCD_HighDriveCmd
                0x00000000080014b4                LCD_MuxSegmentCmd
                0x00000000080014c0                LCD_PulseOnDurationConfig
                0x00000000080014d8                LCD_DeadTimeConfig
                0x00000000080014f4                LCD_BlinkConfig
                0x0000000008001514                LCD_ContrastConfig
                0x0000000008001530                LCD_Write
                0x0000000008001540                LCD_UpdateDisplayRequest
                0x000000000800154c                LCD_ITConfig
                0x0000000008001564                LCD_GetFlagStatus
                0x0000000008001578                LCD_ClearFlag
                0x0000000008001584                LCD_GetITStatus
                0x00000000080015a0                LCD_ClearITPendingBit
 .text          0x00000000080015ac       0x14 /Users/nathanogates/Development/embedded/redux/gcc-arm/bin/../lib/gcc/arm-none-eabi/4.8.4/armv6-m/libgcc.a(_thumb1_case_uhi.o)
                0x00000000080015ac                __gnu_thumb1_case_uhi
 .text          0x00000000080015c0       0x9c /Users/nathanogates/Development/embedded/redux/gcc-arm/bin/../lib/gcc/arm-none-eabi/4.8.4/armv6-m/libgcc.a(_udivsi3.o)
                0x00000000080015c0                __udivsi3
                0x00000000080015c0                __aeabi_uidiv
                0x0000000008001648                __aeabi_uidivmod
 .text          0x000000000800165c       0xc0 /Users/nathanogates/Development/embedded/redux/gcc-arm/bin/../lib/gcc/arm-none-eabi/4.8.4/armv6-m/libgcc.a(_divsi3.o)
                0x000000000800165c                __aeabi_idiv
                0x000000000800165c                __divsi3
                0x0000000008001708                __aeabi_idivmod
 .text          0x000000000800171c        0x4 /Users/nathanogates/Development/embedded/redux/gcc-arm/bin/../lib/gcc/arm-none-eabi/4.8.4/armv6-m/libgcc.a(_dvmd_tls.o)
                0x000000000800171c                __aeabi_ldiv0
                0x000000000800171c                __aeabi_idiv0
 *(.text.*)
 .text.initTimer
                0x0000000008001720       0x48 /var/folders/8f/zhq2rlhx6sl47y8ztwk74bcr0000gn/T//ccLk2zzz.o
                0x0000000008001720                initTimer
 .text.EnableClock
                0x0000000008001768       0x40 /var/folders/8f/zhq2rlhx6sl47y8ztwk74bcr0000gn/T//ccLk2zzz.o
                0x0000000008001768                EnableClock
 .text.RCC_Configuration
                0x00000000080017a8       0x4c /var/folders/8f/zhq2rlhx6sl47y8ztwk74bcr0000gn/T//ccLk2zzz.o
                0x00000000080017a8                RCC_Configuration
 .text.startup.main
                0x00000000080017f4       0x70 /var/folders/8f/zhq2rlhx6sl47y8ztwk74bcr0000gn/T//ccLk2zzz.o
                0x00000000080017f4                main
 .text.LCD_bar  0x0000000008001864       0x34 /var/folders/8f/zhq2rlhx6sl47y8ztwk74bcr0000gn/T//ccyf3lgV.o
                0x0000000008001864                LCD_bar
 .text.LCD_GLASS_WriteChar
                0x0000000008001898      0x3c4 /var/folders/8f/zhq2rlhx6sl47y8ztwk74bcr0000gn/T//ccyf3lgV.o
                0x0000000008001898                LCD_GLASS_WriteChar
 .text.LCD_GLASS_DisplayString
                0x0000000008001c5c       0x34 /var/folders/8f/zhq2rlhx6sl47y8ztwk74bcr0000gn/T//ccyf3lgV.o
                0x0000000008001c5c                LCD_GLASS_DisplayString
 .text.LCD_GLASS_Clear
                0x0000000008001c90       0x28 /var/folders/8f/zhq2rlhx6sl47y8ztwk74bcr0000gn/T//ccyf3lgV.o
                0x0000000008001c90                LCD_GLASS_Clear
 .text.LCD_GLASS_Configure_GPIO
                0x0000000008001cb8      0x184 /var/folders/8f/zhq2rlhx6sl47y8ztwk74bcr0000gn/T//ccyf3lgV.o
                0x0000000008001cb8                LCD_GLASS_Configure_GPIO
 .text.LCD_GLASS_Init
                0x0000000008001e3c       0x68 /var/folders/8f/zhq2rlhx6sl47y8ztwk74bcr0000gn/T//ccyf3lgV.o
                0x0000000008001e3c                LCD_GLASS_Init
 .text._putc.6581
                0x0000000008001ea4       0x24 /var/folders/8f/zhq2rlhx6sl47y8ztwk74bcr0000gn/T//ccQef8iV.o
 .text._puts.6585
                0x0000000008001ec8       0x32 /var/folders/8f/zhq2rlhx6sl47y8ztwk74bcr0000gn/T//ccQef8iV.o
 .text.mini_itoa.part.0
                0x0000000008001efa       0x90 /var/folders/8f/zhq2rlhx6sl47y8ztwk74bcr0000gn/T//ccQef8iV.o
 .text.mini_vsnprintf
                0x0000000008001f8a       0xee /var/folders/8f/zhq2rlhx6sl47y8ztwk74bcr0000gn/T//ccQef8iV.o
                0x0000000008001f8a                mini_vsnprintf
 .text.mini_snprintf
                0x0000000008002078       0x16 /var/folders/8f/zhq2rlhx6sl47y8ztwk74bcr0000gn/T//ccQef8iV.o
                0x0000000008002078                mini_snprintf
 *fill*         0x000000000800208e        0x2 
 .text.SystemInit
                0x0000000008002090      0x114 /var/folders/8f/zhq2rlhx6sl47y8ztwk74bcr0000gn/T//cccTzOA7.o
                0x0000000008002090                SystemInit
 .text.Reset_Handler
                0x00000000080021a4       0x50 /var/folders/8f/zhq2rlhx6sl47y8ztwk74bcr0000gn/T//ccwxblJX.o
                0x00000000080021a4                Reset_Handler
 .text.Default_Handler
                0x00000000080021f4        0x4 /var/folders/8f/zhq2rlhx6sl47y8ztwk74bcr0000gn/T//ccwxblJX.o
                0x00000000080021f4                I2C1_ER_IRQHandler
                0x00000000080021f4                EXTI2_IRQHandler
                0x00000000080021f4                DebugMon_Handler
                0x00000000080021f4                HardFault_Handler
                0x00000000080021f4                TIM10_IRQHandler
                0x00000000080021f4                USB_HP_IRQHandler
                0x00000000080021f4                TIM6_IRQHandler
                0x00000000080021f4                SysTick_Handler
                0x00000000080021f4                PVD_IRQHandler
                0x00000000080021f4                PendSV_Handler
                0x00000000080021f4                NMI_Handler
                0x00000000080021f4                EXTI3_IRQHandler
                0x00000000080021f4                EXTI0_IRQHandler
                0x00000000080021f4                I2C2_EV_IRQHandler
                0x00000000080021f4                UsageFault_Handler
                0x00000000080021f4                SPI1_IRQHandler
                0x00000000080021f4                USB_FS_WKUP_IRQHandler
                0x00000000080021f4                DMA1_Channel4_IRQHandler
                0x00000000080021f4                ADC1_IRQHandler
                0x00000000080021f4                USART3_IRQHandler
                0x00000000080021f4                DMA1_Channel7_IRQHandler
                0x00000000080021f4                LCD_IRQHandler
                0x00000000080021f4                TIM4_IRQHandler
                0x00000000080021f4                I2C1_EV_IRQHandler
                0x00000000080021f4                DMA1_Channel6_IRQHandler
                0x00000000080021f4                TIM3_IRQHandler
                0x00000000080021f4                RCC_IRQHandler
                0x00000000080021f4                DMA1_Channel1_IRQHandler
                0x00000000080021f4                Default_Handler
                0x00000000080021f4                EXTI15_10_IRQHandler
                0x00000000080021f4                TIM7_IRQHandler
                0x00000000080021f4                EXTI9_5_IRQHandler
                0x00000000080021f4                TIM9_IRQHandler
                0x00000000080021f4                TAMPER_STAMP_IRQHandler
                0x00000000080021f4                RTC_WKUP_IRQHandler
                0x00000000080021f4                SPI2_IRQHandler
                0x00000000080021f4                MemManage_Handler
                0x00000000080021f4                SVC_Handler
                0x00000000080021f4                DMA1_Channel5_IRQHandler
                0x00000000080021f4                USB_LP_IRQHandler
                0x00000000080021f4                EXTI4_IRQHandler
                0x00000000080021f4                DMA1_Channel3_IRQHandler
                0x00000000080021f4                COMP_IRQHandler
                0x00000000080021f4                WWDG_IRQHandler
                0x00000000080021f4                TIM2_IRQHandler
                0x00000000080021f4                DAC_IRQHandler
                0x00000000080021f4                EXTI1_IRQHandler
                0x00000000080021f4                TIM11_IRQHandler
                0x00000000080021f4                USART2_IRQHandler
                0x00000000080021f4                I2C2_ER_IRQHandler
                0x00000000080021f4                DMA1_Channel2_IRQHandler
                0x00000000080021f4                FLASH_IRQHandler
                0x00000000080021f4                BusFault_Handler
                0x00000000080021f4                USART1_IRQHandler
                0x00000000080021f4                RTC_Alarm_IRQHandler
 .text.__libc_init_array
                0x00000000080021f8       0x48 /Users/nathanogates/Development/embedded/redux/gcc-arm/bin/../lib/gcc/arm-none-eabi/4.8.4/../../../../arm-none-eabi/lib/armv6-m/libg.a(lib_a-init.o)
                0x00000000080021f8                __libc_init_array
 *(.rodata)
 *(.rodata*)
 .rodata.str1.1
                0x0000000008002240        0x3 /var/folders/8f/zhq2rlhx6sl47y8ztwk74bcr0000gn/T//ccLk2zzz.o
 *fill*         0x0000000008002243        0x1 
 .rodata.CapLetterMap
                0x0000000008002244       0x34 /var/folders/8f/zhq2rlhx6sl47y8ztwk74bcr0000gn/T//ccyf3lgV.o
                0x0000000008002244                CapLetterMap
 .rodata.NumberMap
                0x0000000008002278       0x14 /var/folders/8f/zhq2rlhx6sl47y8ztwk74bcr0000gn/T//ccyf3lgV.o
                0x0000000008002278                NumberMap
 *(.glue_7)
 .glue_7        0x0000000000000000        0x0 linker stubs
 *(.glue_7t)
 .glue_7t       0x0000000000000000        0x0 linker stubs
 *(.init)
 .init          0x000000000800228c        0x4 /Users/nathanogates/Development/embedded/redux/gcc-arm/bin/../lib/gcc/arm-none-eabi/4.8.4/armv6-m/crti.o
                0x000000000800228c                _init
 .init          0x0000000008002290        0x8 /Users/nathanogates/Development/embedded/redux/gcc-arm/bin/../lib/gcc/arm-none-eabi/4.8.4/armv6-m/crtn.o
 *(.fini)
 .fini          0x0000000008002298        0x4 /Users/nathanogates/Development/embedded/redux/gcc-arm/bin/../lib/gcc/arm-none-eabi/4.8.4/armv6-m/crti.o
                0x0000000008002298                _fini
 .fini          0x000000000800229c        0x8 /Users/nathanogates/Development/embedded/redux/gcc-arm/bin/../lib/gcc/arm-none-eabi/4.8.4/armv6-m/crtn.o
                0x00000000080022a4                . = ALIGN (0x4)
                0x00000000080022a4                _etext = .
                0x00000000080022a4                _sidata = _etext

.vfp11_veneer   0x00000000080022a4        0x0
 .vfp11_veneer  0x0000000000000000        0x0 linker stubs

.v4_bx          0x00000000080022a4        0x0
 .v4_bx         0x0000000000000000        0x0 linker stubs

.iplt           0x00000000080022a4        0x0
 .iplt          0x0000000000000000        0x0 /Users/nathanogates/Development/embedded/redux/gcc-arm/bin/../lib/gcc/arm-none-eabi/4.8.4/armv6-m/crtbegin.o

.rel.dyn        0x00000000080022a4        0x0
 .rel.iplt      0x0000000000000000        0x0 /Users/nathanogates/Development/embedded/redux/gcc-arm/bin/../lib/gcc/arm-none-eabi/4.8.4/armv6-m/crtbegin.o

.data           0x0000000020000000       0x1c load address 0x00000000080022a4
                0x0000000020000000                . = ALIGN (0x4)
                0x0000000020000000                _sdata = .
                0x0000000020000000                _data = .
 *(.data)
 .data          0x0000000020000000       0x1c ../../Libraries/libstm32l1.a(stm32l1xx_rcc.o)
 *(.data.*)
 *(.RAMtext)
                0x000000002000001c                . = ALIGN (0x4)
                0x000000002000001c                _edata = .

.igot.plt       0x000000002000001c        0x0 load address 0x00000000080022c0
 .igot.plt      0x0000000000000000        0x0 /Users/nathanogates/Development/embedded/redux/gcc-arm/bin/../lib/gcc/arm-none-eabi/4.8.4/armv6-m/crtbegin.o

.bss            0x000000002000001c       0x18 load address 0x00000000080022c0
                0x000000002000001c                . = ALIGN (0x4)
                0x000000002000001c                _sbss = .
                0x000000002000001c                _bss = .
 *(.bss)
 *(.bss.*)
 .bss.t_bar     0x000000002000001c        0x2 /var/folders/8f/zhq2rlhx6sl47y8ztwk74bcr0000gn/T//ccyf3lgV.o
                0x000000002000001c                t_bar
 *(COMMON)
 COMMON         0x000000002000001e       0x14 /var/folders/8f/zhq2rlhx6sl47y8ztwk74bcr0000gn/T//ccLk2zzz.o
                0x000000002000001e                strDisp
                0x0000000020000034                . = ALIGN (0x4)
 *fill*         0x0000000020000032        0x2 
                0x0000000020000034                _ebss = .
                0x0000000020000034                PROVIDE (end, _ebss)
                0x0000000020000034                PROVIDE (_end, _ebss)
                0x0000000020000034                __exidx_start = .
                0x0000000020000034                __exidx_end = .

/DISCARD/
 libc.a(*)
 libm.a(*)
 libgcc.a(*)

.stab
 *(.stab)

.stabstr
 *(.stabstr)

.stab.excl
 *(.stab.excl)

.stab.exclstr
 *(.stab.exclstr)

.stab.index
 *(.stab.index)

.stab.indexstr
 *(.stab.indexstr)

.comment        0x0000000000000000       0xe0
 *(.comment)
 .comment       0x0000000000000000       0x70 /var/folders/8f/zhq2rlhx6sl47y8ztwk74bcr0000gn/T//ccLk2zzz.o
                                         0x71 (size before relaxing)
 .comment       0x0000000000000000       0x71 /var/folders/8f/zhq2rlhx6sl47y8ztwk74bcr0000gn/T//ccyf3lgV.o
 .comment       0x0000000000000000       0x71 /var/folders/8f/zhq2rlhx6sl47y8ztwk74bcr0000gn/T//ccQef8iV.o
 .comment       0x0000000000000000       0x71 /var/folders/8f/zhq2rlhx6sl47y8ztwk74bcr0000gn/T//cccTzOA7.o
 .comment       0x0000000000000070       0x70 ../../Libraries/libstm32l1.a(stm32l1xx_gpio.o)
                                         0x71 (size before relaxing)
 .comment       0x0000000000000000       0x71 ../../Libraries/libstm32l1.a(stm32l1xx_pwr.o)
 .comment       0x0000000000000000       0x71 ../../Libraries/libstm32l1.a(stm32l1xx_rcc.o)
 .comment       0x0000000000000000       0x71 ../../Libraries/libstm32l1.a(stm32l1xx_tim.o)
 .comment       0x0000000000000000       0x71 ../../Libraries/libstm32l1.a(stm32l1xx_lcd.o)

.ARM.attributes
                0x0000000000000000       0x2d
 .ARM.attributes
                0x0000000000000000       0x1e /Users/nathanogates/Development/embedded/redux/gcc-arm/bin/../lib/gcc/arm-none-eabi/4.8.4/armv6-m/crti.o
 .ARM.attributes
                0x000000000000001e       0x31 /var/folders/8f/zhq2rlhx6sl47y8ztwk74bcr0000gn/T//ccLk2zzz.o
 .ARM.attributes
                0x000000000000004f       0x31 /var/folders/8f/zhq2rlhx6sl47y8ztwk74bcr0000gn/T//ccyf3lgV.o
 .ARM.attributes
                0x0000000000000080       0x31 /var/folders/8f/zhq2rlhx6sl47y8ztwk74bcr0000gn/T//ccQef8iV.o
 .ARM.attributes
                0x00000000000000b1       0x31 /var/folders/8f/zhq2rlhx6sl47y8ztwk74bcr0000gn/T//cccTzOA7.o
 .ARM.attributes
                0x00000000000000e2       0x21 /var/folders/8f/zhq2rlhx6sl47y8ztwk74bcr0000gn/T//ccwxblJX.o
 .ARM.attributes
                0x0000000000000103       0x31 ../../Libraries/libstm32l1.a(stm32l1xx_gpio.o)
 .ARM.attributes
                0x0000000000000134       0x31 ../../Libraries/libstm32l1.a(stm32l1xx_pwr.o)
 .ARM.attributes
                0x0000000000000165       0x31 ../../Libraries/libstm32l1.a(stm32l1xx_rcc.o)
 .ARM.attributes
                0x0000000000000196       0x31 ../../Libraries/libstm32l1.a(stm32l1xx_tim.o)
 .ARM.attributes
                0x00000000000001c7       0x31 ../../Libraries/libstm32l1.a(stm32l1xx_lcd.o)
 .ARM.attributes
                0x00000000000001f8       0x1e /Users/nathanogates/Development/embedded/redux/gcc-arm/bin/../lib/gcc/arm-none-eabi/4.8.4/armv6-m/libgcc.a(_thumb1_case_uhi.o)
 .ARM.attributes
                0x0000000000000216       0x1e /Users/nathanogates/Development/embedded/redux/gcc-arm/bin/../lib/gcc/arm-none-eabi/4.8.4/armv6-m/libgcc.a(_udivsi3.o)
 .ARM.attributes
                0x0000000000000234       0x1e /Users/nathanogates/Development/embedded/redux/gcc-arm/bin/../lib/gcc/arm-none-eabi/4.8.4/armv6-m/libgcc.a(_divsi3.o)
 .ARM.attributes
                0x0000000000000252       0x1e /Users/nathanogates/Development/embedded/redux/gcc-arm/bin/../lib/gcc/arm-none-eabi/4.8.4/armv6-m/libgcc.a(_dvmd_tls.o)
 .ARM.attributes
                0x0000000000000270       0x2c /Users/nathanogates/Development/embedded/redux/gcc-arm/bin/../lib/gcc/arm-none-eabi/4.8.4/../../../../arm-none-eabi/lib/armv6-m/libg.a(lib_a-init.o)
 .ARM.attributes
                0x000000000000029c       0x1e /Users/nathanogates/Development/embedded/redux/gcc-arm/bin/../lib/gcc/arm-none-eabi/4.8.4/armv6-m/crtn.o

.debug
 *(.debug)

.line
 *(.line)

.debug_srcinfo
 *(.debug_srcinfo)

.debug_sfnames
 *(.debug_sfnames)

.debug_aranges  0x0000000000000000      0x1b0
 *(.debug_aranges)
 .debug_aranges
                0x0000000000000000       0x38 /var/folders/8f/zhq2rlhx6sl47y8ztwk74bcr0000gn/T//ccLk2zzz.o
 .debug_aranges
                0x0000000000000038       0x48 /var/folders/8f/zhq2rlhx6sl47y8ztwk74bcr0000gn/T//ccyf3lgV.o
 .debug_aranges
                0x0000000000000080       0x40 /var/folders/8f/zhq2rlhx6sl47y8ztwk74bcr0000gn/T//ccQef8iV.o
 .debug_aranges
                0x00000000000000c0       0x28 /var/folders/8f/zhq2rlhx6sl47y8ztwk74bcr0000gn/T//cccTzOA7.o
 .debug_aranges
                0x00000000000000e8       0x28 /var/folders/8f/zhq2rlhx6sl47y8ztwk74bcr0000gn/T//ccwxblJX.o
 .debug_aranges
                0x0000000000000110       0x20 ../../Libraries/libstm32l1.a(stm32l1xx_gpio.o)
 .debug_aranges
                0x0000000000000130       0x20 ../../Libraries/libstm32l1.a(stm32l1xx_pwr.o)
 .debug_aranges
                0x0000000000000150       0x20 ../../Libraries/libstm32l1.a(stm32l1xx_rcc.o)
 .debug_aranges
                0x0000000000000170       0x20 ../../Libraries/libstm32l1.a(stm32l1xx_tim.o)
 .debug_aranges
                0x0000000000000190       0x20 ../../Libraries/libstm32l1.a(stm32l1xx_lcd.o)

.debug_pubnames
 *(.debug_pubnames)

.debug_info     0x0000000000000000     0x5dda
 *(.debug_info .gnu.linkonce.wi.*)
 .debug_info    0x0000000000000000      0x86e /var/folders/8f/zhq2rlhx6sl47y8ztwk74bcr0000gn/T//ccLk2zzz.o
 .debug_info    0x000000000000086e      0xc3b /var/folders/8f/zhq2rlhx6sl47y8ztwk74bcr0000gn/T//ccyf3lgV.o
 .debug_info    0x00000000000014a9      0x56b /var/folders/8f/zhq2rlhx6sl47y8ztwk74bcr0000gn/T//ccQef8iV.o
 .debug_info    0x0000000000001a14      0x56b /var/folders/8f/zhq2rlhx6sl47y8ztwk74bcr0000gn/T//cccTzOA7.o
 .debug_info    0x0000000000001f7f       0x9f /var/folders/8f/zhq2rlhx6sl47y8ztwk74bcr0000gn/T//ccwxblJX.o
 .debug_info    0x000000000000201e      0x7bd ../../Libraries/libstm32l1.a(stm32l1xx_gpio.o)
 .debug_info    0x00000000000027db      0x5d5 ../../Libraries/libstm32l1.a(stm32l1xx_pwr.o)
 .debug_info    0x0000000000002db0      0xa93 ../../Libraries/libstm32l1.a(stm32l1xx_rcc.o)
 .debug_info    0x0000000000003843     0x20b8 ../../Libraries/libstm32l1.a(stm32l1xx_tim.o)
 .debug_info    0x00000000000058fb      0x4df ../../Libraries/libstm32l1.a(stm32l1xx_lcd.o)

.debug_abbrev   0x0000000000000000     0x1352
 *(.debug_abbrev)
 .debug_abbrev  0x0000000000000000      0x21d /var/folders/8f/zhq2rlhx6sl47y8ztwk74bcr0000gn/T//ccLk2zzz.o
 .debug_abbrev  0x000000000000021d      0x28f /var/folders/8f/zhq2rlhx6sl47y8ztwk74bcr0000gn/T//ccyf3lgV.o
 .debug_abbrev  0x00000000000004ac      0x23d /var/folders/8f/zhq2rlhx6sl47y8ztwk74bcr0000gn/T//ccQef8iV.o
 .debug_abbrev  0x00000000000006e9      0x15f /var/folders/8f/zhq2rlhx6sl47y8ztwk74bcr0000gn/T//cccTzOA7.o
 .debug_abbrev  0x0000000000000848       0x12 /var/folders/8f/zhq2rlhx6sl47y8ztwk74bcr0000gn/T//ccwxblJX.o
 .debug_abbrev  0x000000000000085a      0x1e5 ../../Libraries/libstm32l1.a(stm32l1xx_gpio.o)
 .debug_abbrev  0x0000000000000a3f      0x1e1 ../../Libraries/libstm32l1.a(stm32l1xx_pwr.o)
 .debug_abbrev  0x0000000000000c20      0x29a ../../Libraries/libstm32l1.a(stm32l1xx_rcc.o)
 .debug_abbrev  0x0000000000000eba      0x2ab ../../Libraries/libstm32l1.a(stm32l1xx_tim.o)
 .debug_abbrev  0x0000000000001165      0x1ed ../../Libraries/libstm32l1.a(stm32l1xx_lcd.o)

.debug_line     0x0000000000000000     0x1a03
 *(.debug_line)
 .debug_line    0x0000000000000000      0x263 /var/folders/8f/zhq2rlhx6sl47y8ztwk74bcr0000gn/T//ccLk2zzz.o
 .debug_line    0x0000000000000263      0x345 /var/folders/8f/zhq2rlhx6sl47y8ztwk74bcr0000gn/T//ccyf3lgV.o
 .debug_line    0x00000000000005a8      0x252 /var/folders/8f/zhq2rlhx6sl47y8ztwk74bcr0000gn/T//ccQef8iV.o
 .debug_line    0x00000000000007fa      0x1ca /var/folders/8f/zhq2rlhx6sl47y8ztwk74bcr0000gn/T//cccTzOA7.o
 .debug_line    0x00000000000009c4       0x80 /var/folders/8f/zhq2rlhx6sl47y8ztwk74bcr0000gn/T//ccwxblJX.o
 .debug_line    0x0000000000000a44      0x20b ../../Libraries/libstm32l1.a(stm32l1xx_gpio.o)
 .debug_line    0x0000000000000c4f      0x209 ../../Libraries/libstm32l1.a(stm32l1xx_pwr.o)
 .debug_line    0x0000000000000e58      0x30d ../../Libraries/libstm32l1.a(stm32l1xx_rcc.o)
 .debug_line    0x0000000000001165      0x696 ../../Libraries/libstm32l1.a(stm32l1xx_tim.o)
 .debug_line    0x00000000000017fb      0x208 ../../Libraries/libstm32l1.a(stm32l1xx_lcd.o)

.debug_frame    0x0000000000000000      0xe44
 *(.debug_frame)
 .debug_frame   0x0000000000000000       0x7c /var/folders/8f/zhq2rlhx6sl47y8ztwk74bcr0000gn/T//ccLk2zzz.o
 .debug_frame   0x000000000000007c       0xb0 /var/folders/8f/zhq2rlhx6sl47y8ztwk74bcr0000gn/T//ccyf3lgV.o
 .debug_frame   0x000000000000012c       0xac /var/folders/8f/zhq2rlhx6sl47y8ztwk74bcr0000gn/T//ccQef8iV.o
 .debug_frame   0x00000000000001d8       0x4c /var/folders/8f/zhq2rlhx6sl47y8ztwk74bcr0000gn/T//cccTzOA7.o
 .debug_frame   0x0000000000000224      0x120 ../../Libraries/libstm32l1.a(stm32l1xx_gpio.o)
 .debug_frame   0x0000000000000344      0x10c ../../Libraries/libstm32l1.a(stm32l1xx_pwr.o)
 .debug_frame   0x0000000000000450      0x288 ../../Libraries/libstm32l1.a(stm32l1xx_rcc.o)
 .debug_frame   0x00000000000006d8      0x5b8 ../../Libraries/libstm32l1.a(stm32l1xx_tim.o)
 .debug_frame   0x0000000000000c90      0x148 ../../Libraries/libstm32l1.a(stm32l1xx_lcd.o)
 .debug_frame   0x0000000000000dd8       0x20 /Users/nathanogates/Development/embedded/redux/gcc-arm/bin/../lib/gcc/arm-none-eabi/4.8.4/armv6-m/libgcc.a(_udivsi3.o)
 .debug_frame   0x0000000000000df8       0x20 /Users/nathanogates/Development/embedded/redux/gcc-arm/bin/../lib/gcc/arm-none-eabi/4.8.4/armv6-m/libgcc.a(_divsi3.o)
 .debug_frame   0x0000000000000e18       0x2c /Users/nathanogates/Development/embedded/redux/gcc-arm/bin/../lib/gcc/arm-none-eabi/4.8.4/../../../../arm-none-eabi/lib/armv6-m/libg.a(lib_a-init.o)

.debug_str      0x0000000000000000     0x1c80
 *(.debug_str)
 .debug_str     0x0000000000000000      0x51f /var/folders/8f/zhq2rlhx6sl47y8ztwk74bcr0000gn/T//ccLk2zzz.o
                                        0x58b (size before relaxing)
 .debug_str     0x000000000000051f      0x380 /var/folders/8f/zhq2rlhx6sl47y8ztwk74bcr0000gn/T//ccyf3lgV.o
                                        0x619 (size before relaxing)
 .debug_str     0x000000000000089f       0x92 /var/folders/8f/zhq2rlhx6sl47y8ztwk74bcr0000gn/T//ccQef8iV.o
                                        0x277 (size before relaxing)
 .debug_str     0x0000000000000931      0x19d /var/folders/8f/zhq2rlhx6sl47y8ztwk74bcr0000gn/T//cccTzOA7.o
                                        0x3b5 (size before relaxing)
 .debug_str     0x0000000000000ace      0x233 ../../Libraries/libstm32l1.a(stm32l1xx_gpio.o)
                                        0x4e6 (size before relaxing)
 .debug_str     0x0000000000000d01      0x1b1 ../../Libraries/libstm32l1.a(stm32l1xx_pwr.o)
                                        0x3d7 (size before relaxing)
 .debug_str     0x0000000000000eb2      0x2f3 ../../Libraries/libstm32l1.a(stm32l1xx_rcc.o)
                                        0x704 (size before relaxing)
 .debug_str     0x00000000000011a5      0x8e5 ../../Libraries/libstm32l1.a(stm32l1xx_tim.o)
                                        0xc72 (size before relaxing)
 .debug_str     0x0000000000001a8a      0x1f6 ../../Libraries/libstm32l1.a(stm32l1xx_lcd.o)
                                        0x430 (size before relaxing)

.debug_loc      0x0000000000000000     0x3f6c
 *(.debug_loc)
 .debug_loc     0x0000000000000000       0x55 /var/folders/8f/zhq2rlhx6sl47y8ztwk74bcr0000gn/T//ccLk2zzz.o
 .debug_loc     0x0000000000000055      0x320 /var/folders/8f/zhq2rlhx6sl47y8ztwk74bcr0000gn/T//ccyf3lgV.o
 .debug_loc     0x0000000000000375      0x5c1 /var/folders/8f/zhq2rlhx6sl47y8ztwk74bcr0000gn/T//ccQef8iV.o
 .debug_loc     0x0000000000000936      0x119 /var/folders/8f/zhq2rlhx6sl47y8ztwk74bcr0000gn/T//cccTzOA7.o
 .debug_loc     0x0000000000000a4f      0x38c ../../Libraries/libstm32l1.a(stm32l1xx_gpio.o)
 .debug_loc     0x0000000000000ddb      0x23a ../../Libraries/libstm32l1.a(stm32l1xx_pwr.o)
 .debug_loc     0x0000000000001015      0x98f ../../Libraries/libstm32l1.a(stm32l1xx_rcc.o)
 .debug_loc     0x00000000000019a4     0x240d ../../Libraries/libstm32l1.a(stm32l1xx_tim.o)
 .debug_loc     0x0000000000003db1      0x1bb ../../Libraries/libstm32l1.a(stm32l1xx_lcd.o)

.debug_macinfo
 *(.debug_macinfo)

.debug_weaknames
 *(.debug_weaknames)

.debug_funcnames
 *(.debug_funcnames)

.debug_typenames
 *(.debug_typenames)

.debug_varnames
 *(.debug_varnames)
OUTPUT(main.elf elf32-littlearm)

.debug_ranges   0x0000000000000000      0x318
 .debug_ranges  0x0000000000000000       0x28 /var/folders/8f/zhq2rlhx6sl47y8ztwk74bcr0000gn/T//ccLk2zzz.o
 .debug_ranges  0x0000000000000028       0x50 /var/folders/8f/zhq2rlhx6sl47y8ztwk74bcr0000gn/T//ccyf3lgV.o
 .debug_ranges  0x0000000000000078       0x70 /var/folders/8f/zhq2rlhx6sl47y8ztwk74bcr0000gn/T//ccQef8iV.o
 .debug_ranges  0x00000000000000e8       0x30 /var/folders/8f/zhq2rlhx6sl47y8ztwk74bcr0000gn/T//cccTzOA7.o
 .debug_ranges  0x0000000000000118       0x20 /var/folders/8f/zhq2rlhx6sl47y8ztwk74bcr0000gn/T//ccwxblJX.o
 .debug_ranges  0x0000000000000138       0x18 ../../Libraries/libstm32l1.a(stm32l1xx_rcc.o)
 .debug_ranges  0x0000000000000150      0x1c8 ../../Libraries/libstm32l1.a(stm32l1xx_tim.o)
