Archive member included because of file (symbol)

../../Libraries/libstm32l1.a(stm32l1xx_gpio.o)
                              /var/folders/h0/2q1j9d79277fqdqkv5jkhpq80000gp/T//ccvou8zF.o (GPIO_Init)
../../Libraries/libstm32l1.a(stm32l1xx_rcc.o)
                              /var/folders/h0/2q1j9d79277fqdqkv5jkhpq80000gp/T//ccvou8zF.o (RCC_AHBPeriphClockCmd)
/Users/interactive/Development/embedded/stm32/toolchain/armm-gcc/gccArm/bin/../lib/gcc/arm-none-eabi/4.8.3/armv6-m/libgcc.a(_thumb1_case_uqi.o)
                              /var/folders/h0/2q1j9d79277fqdqkv5jkhpq80000gp/T//ccj1CDWL.o (__gnu_thumb1_case_uqi)
/Users/interactive/Development/embedded/stm32/toolchain/armm-gcc/gccArm/bin/../lib/gcc/arm-none-eabi/4.8.3/armv6-m/libgcc.a(_udivsi3.o)
                              /var/folders/h0/2q1j9d79277fqdqkv5jkhpq80000gp/T//ccvou8zF.o (__aeabi_uidiv)
/Users/interactive/Development/embedded/stm32/toolchain/armm-gcc/gccArm/bin/../lib/gcc/arm-none-eabi/4.8.3/armv6-m/libgcc.a(_dvmd_tls.o)
                              /Users/interactive/Development/embedded/stm32/toolchain/armm-gcc/gccArm/bin/../lib/gcc/arm-none-eabi/4.8.3/armv6-m/libgcc.a(_udivsi3.o) (__aeabi_idiv0)
/Users/interactive/Development/embedded/stm32/toolchain/armm-gcc/gccArm/bin/../lib/gcc/arm-none-eabi/4.8.3/../../../../arm-none-eabi/lib/armv6-m/libg.a(lib_a-exit.o)
                              /Users/interactive/Development/embedded/stm32/toolchain/armm-gcc/gccArm/bin/../lib/gcc/arm-none-eabi/4.8.3/../../../../arm-none-eabi/lib/armv6-m/crt0.o (exit)
/Users/interactive/Development/embedded/stm32/toolchain/armm-gcc/gccArm/bin/../lib/gcc/arm-none-eabi/4.8.3/../../../../arm-none-eabi/lib/armv6-m/libg.a(lib_a-impure.o)
                              /Users/interactive/Development/embedded/stm32/toolchain/armm-gcc/gccArm/bin/../lib/gcc/arm-none-eabi/4.8.3/../../../../arm-none-eabi/lib/armv6-m/libg.a(lib_a-exit.o) (_global_impure_ptr)
/Users/interactive/Development/embedded/stm32/toolchain/armm-gcc/gccArm/bin/../lib/gcc/arm-none-eabi/4.8.3/../../../../arm-none-eabi/lib/armv6-m/libg.a(lib_a-init.o)
                              /Users/interactive/Development/embedded/stm32/toolchain/armm-gcc/gccArm/bin/../lib/gcc/arm-none-eabi/4.8.3/../../../../arm-none-eabi/lib/armv6-m/crt0.o (__libc_init_array)
/Users/interactive/Development/embedded/stm32/toolchain/armm-gcc/gccArm/bin/../lib/gcc/arm-none-eabi/4.8.3/../../../../arm-none-eabi/lib/armv6-m/libg.a(lib_a-memset.o)
                              /Users/interactive/Development/embedded/stm32/toolchain/armm-gcc/gccArm/bin/../lib/gcc/arm-none-eabi/4.8.3/../../../../arm-none-eabi/lib/armv6-m/crt0.o (memset)
/Users/interactive/Development/embedded/stm32/toolchain/armm-gcc/gccArm/bin/../lib/gcc/arm-none-eabi/4.8.3/../../../../arm-none-eabi/lib/armv6-m/libg.a(lib_a-__call_atexit.o)
                              /Users/interactive/Development/embedded/stm32/toolchain/armm-gcc/gccArm/bin/../lib/gcc/arm-none-eabi/4.8.3/../../../../arm-none-eabi/lib/armv6-m/libg.a(lib_a-exit.o) (__call_exitprocs)
/Users/interactive/Development/embedded/stm32/toolchain/armm-gcc/gccArm/bin/../lib/gcc/arm-none-eabi/4.8.3/../../../../arm-none-eabi/lib/armv6-m/libg.a(lib_a-atexit.o)
                              /Users/interactive/Development/embedded/stm32/toolchain/armm-gcc/gccArm/bin/../lib/gcc/arm-none-eabi/4.8.3/../../../../arm-none-eabi/lib/armv6-m/libg.a(lib_a-__call_atexit.o) (atexit)
/Users/interactive/Development/embedded/stm32/toolchain/armm-gcc/gccArm/bin/../lib/gcc/arm-none-eabi/4.8.3/../../../../arm-none-eabi/lib/armv6-m/libg.a(lib_a-fini.o)
                              /Users/interactive/Development/embedded/stm32/toolchain/armm-gcc/gccArm/bin/../lib/gcc/arm-none-eabi/4.8.3/../../../../arm-none-eabi/lib/armv6-m/libg.a(lib_a-__call_atexit.o) (__libc_fini_array)
/Users/interactive/Development/embedded/stm32/toolchain/armm-gcc/gccArm/bin/../lib/gcc/arm-none-eabi/4.8.3/../../../../arm-none-eabi/lib/armv6-m/libg.a(lib_a-__atexit.o)
                              /Users/interactive/Development/embedded/stm32/toolchain/armm-gcc/gccArm/bin/../lib/gcc/arm-none-eabi/4.8.3/../../../../arm-none-eabi/lib/armv6-m/libg.a(lib_a-atexit.o) (__register_exitproc)

Discarded input sections

 .text          0x0000000000000000        0x0 /Users/interactive/Development/embedded/stm32/toolchain/armm-gcc/gccArm/bin/../lib/gcc/arm-none-eabi/4.8.3/armv6-m/crti.o
 .data          0x0000000000000000        0x0 /Users/interactive/Development/embedded/stm32/toolchain/armm-gcc/gccArm/bin/../lib/gcc/arm-none-eabi/4.8.3/armv6-m/crti.o
 .bss           0x0000000000000000        0x0 /Users/interactive/Development/embedded/stm32/toolchain/armm-gcc/gccArm/bin/../lib/gcc/arm-none-eabi/4.8.3/armv6-m/crti.o
 .text          0x0000000000000000       0x60 /Users/interactive/Development/embedded/stm32/toolchain/armm-gcc/gccArm/bin/../lib/gcc/arm-none-eabi/4.8.3/armv6-m/crtbegin.o
 .data          0x0000000000000000        0x4 /Users/interactive/Development/embedded/stm32/toolchain/armm-gcc/gccArm/bin/../lib/gcc/arm-none-eabi/4.8.3/armv6-m/crtbegin.o
 .bss           0x0000000000000000       0x1c /Users/interactive/Development/embedded/stm32/toolchain/armm-gcc/gccArm/bin/../lib/gcc/arm-none-eabi/4.8.3/armv6-m/crtbegin.o
 .init_array    0x0000000000000000        0x4 /Users/interactive/Development/embedded/stm32/toolchain/armm-gcc/gccArm/bin/../lib/gcc/arm-none-eabi/4.8.3/armv6-m/crtbegin.o
 .fini_array    0x0000000000000000        0x4 /Users/interactive/Development/embedded/stm32/toolchain/armm-gcc/gccArm/bin/../lib/gcc/arm-none-eabi/4.8.3/armv6-m/crtbegin.o
 .eh_frame      0x0000000000000000        0x0 /Users/interactive/Development/embedded/stm32/toolchain/armm-gcc/gccArm/bin/../lib/gcc/arm-none-eabi/4.8.3/armv6-m/crtbegin.o
 .jcr           0x0000000000000000        0x0 /Users/interactive/Development/embedded/stm32/toolchain/armm-gcc/gccArm/bin/../lib/gcc/arm-none-eabi/4.8.3/armv6-m/crtbegin.o
 .ARM.attributes
                0x0000000000000000       0x2c /Users/interactive/Development/embedded/stm32/toolchain/armm-gcc/gccArm/bin/../lib/gcc/arm-none-eabi/4.8.3/armv6-m/crtbegin.o
 .text          0x0000000000000000       0x78 /Users/interactive/Development/embedded/stm32/toolchain/armm-gcc/gccArm/bin/../lib/gcc/arm-none-eabi/4.8.3/../../../../arm-none-eabi/lib/armv6-m/crt0.o
 .data          0x0000000000000000        0x0 /Users/interactive/Development/embedded/stm32/toolchain/armm-gcc/gccArm/bin/../lib/gcc/arm-none-eabi/4.8.3/../../../../arm-none-eabi/lib/armv6-m/crt0.o
 .bss           0x0000000000000000        0x0 /Users/interactive/Development/embedded/stm32/toolchain/armm-gcc/gccArm/bin/../lib/gcc/arm-none-eabi/4.8.3/../../../../arm-none-eabi/lib/armv6-m/crt0.o
 .ARM.extab     0x0000000000000000        0x0 /Users/interactive/Development/embedded/stm32/toolchain/armm-gcc/gccArm/bin/../lib/gcc/arm-none-eabi/4.8.3/../../../../arm-none-eabi/lib/armv6-m/crt0.o
 .ARM.exidx     0x0000000000000000        0x8 /Users/interactive/Development/embedded/stm32/toolchain/armm-gcc/gccArm/bin/../lib/gcc/arm-none-eabi/4.8.3/../../../../arm-none-eabi/lib/armv6-m/crt0.o
 .ARM.attributes
                0x0000000000000000       0x1b /Users/interactive/Development/embedded/stm32/toolchain/armm-gcc/gccArm/bin/../lib/gcc/arm-none-eabi/4.8.3/../../../../arm-none-eabi/lib/armv6-m/crt0.o
 .text          0x0000000000000000        0x0 /var/folders/h0/2q1j9d79277fqdqkv5jkhpq80000gp/T//ccvou8zF.o
 .data          0x0000000000000000        0x0 /var/folders/h0/2q1j9d79277fqdqkv5jkhpq80000gp/T//ccvou8zF.o
 .bss           0x0000000000000000        0x0 /var/folders/h0/2q1j9d79277fqdqkv5jkhpq80000gp/T//ccvou8zF.o
 .text.delay    0x0000000000000000       0x1c /var/folders/h0/2q1j9d79277fqdqkv5jkhpq80000gp/T//ccvou8zF.o
 .text.delayuss
                0x0000000000000000       0x12 /var/folders/h0/2q1j9d79277fqdqkv5jkhpq80000gp/T//ccvou8zF.o
 .text.delayms  0x0000000000000000       0x42 /var/folders/h0/2q1j9d79277fqdqkv5jkhpq80000gp/T//ccvou8zF.o
 .text          0x0000000000000000        0x0 /var/folders/h0/2q1j9d79277fqdqkv5jkhpq80000gp/T//ccj1CDWL.o
 .data          0x0000000000000000        0x0 /var/folders/h0/2q1j9d79277fqdqkv5jkhpq80000gp/T//ccj1CDWL.o
 .bss           0x0000000000000000        0x0 /var/folders/h0/2q1j9d79277fqdqkv5jkhpq80000gp/T//ccj1CDWL.o
 .text.SystemCoreClockUpdate
                0x0000000000000000       0x8c /var/folders/h0/2q1j9d79277fqdqkv5jkhpq80000gp/T//ccj1CDWL.o
 .data.PLLMulTable
                0x0000000000000000        0x9 /var/folders/h0/2q1j9d79277fqdqkv5jkhpq80000gp/T//ccj1CDWL.o
 .data.AHBPrescTable
                0x0000000000000000       0x10 /var/folders/h0/2q1j9d79277fqdqkv5jkhpq80000gp/T//ccj1CDWL.o
 .data.SystemCoreClock
                0x0000000000000000        0x4 /var/folders/h0/2q1j9d79277fqdqkv5jkhpq80000gp/T//ccj1CDWL.o
 .text          0x0000000000000000       0x14 /var/folders/h0/2q1j9d79277fqdqkv5jkhpq80000gp/T//cclqusCp.o
 .data          0x0000000000000000        0x0 /var/folders/h0/2q1j9d79277fqdqkv5jkhpq80000gp/T//cclqusCp.o
 .bss           0x0000000000000000        0x0 /var/folders/h0/2q1j9d79277fqdqkv5jkhpq80000gp/T//cclqusCp.o
 .data          0x0000000000000000        0x0 ../../Libraries/libstm32l1.a(stm32l1xx_gpio.o)
 .bss           0x0000000000000000        0x0 ../../Libraries/libstm32l1.a(stm32l1xx_gpio.o)
 .bss           0x0000000000000000        0x0 ../../Libraries/libstm32l1.a(stm32l1xx_rcc.o)
 .text          0x0000000000000000       0x14 /Users/interactive/Development/embedded/stm32/toolchain/armm-gcc/gccArm/bin/../lib/gcc/arm-none-eabi/4.8.3/armv6-m/libgcc.a(_thumb1_case_uqi.o)
 .data          0x0000000000000000        0x0 /Users/interactive/Development/embedded/stm32/toolchain/armm-gcc/gccArm/bin/../lib/gcc/arm-none-eabi/4.8.3/armv6-m/libgcc.a(_thumb1_case_uqi.o)
 .bss           0x0000000000000000        0x0 /Users/interactive/Development/embedded/stm32/toolchain/armm-gcc/gccArm/bin/../lib/gcc/arm-none-eabi/4.8.3/armv6-m/libgcc.a(_thumb1_case_uqi.o)
 .ARM.attributes
                0x0000000000000000       0x1e /Users/interactive/Development/embedded/stm32/toolchain/armm-gcc/gccArm/bin/../lib/gcc/arm-none-eabi/4.8.3/armv6-m/libgcc.a(_thumb1_case_uqi.o)
 .data          0x0000000000000000        0x0 /Users/interactive/Development/embedded/stm32/toolchain/armm-gcc/gccArm/bin/../lib/gcc/arm-none-eabi/4.8.3/armv6-m/libgcc.a(_udivsi3.o)
 .bss           0x0000000000000000        0x0 /Users/interactive/Development/embedded/stm32/toolchain/armm-gcc/gccArm/bin/../lib/gcc/arm-none-eabi/4.8.3/armv6-m/libgcc.a(_udivsi3.o)
 .data          0x0000000000000000        0x0 /Users/interactive/Development/embedded/stm32/toolchain/armm-gcc/gccArm/bin/../lib/gcc/arm-none-eabi/4.8.3/armv6-m/libgcc.a(_dvmd_tls.o)
 .bss           0x0000000000000000        0x0 /Users/interactive/Development/embedded/stm32/toolchain/armm-gcc/gccArm/bin/../lib/gcc/arm-none-eabi/4.8.3/armv6-m/libgcc.a(_dvmd_tls.o)
 .text          0x0000000000000000        0x0 /Users/interactive/Development/embedded/stm32/toolchain/armm-gcc/gccArm/bin/../lib/gcc/arm-none-eabi/4.8.3/../../../../arm-none-eabi/lib/armv6-m/libg.a(lib_a-exit.o)
 .data          0x0000000000000000        0x0 /Users/interactive/Development/embedded/stm32/toolchain/armm-gcc/gccArm/bin/../lib/gcc/arm-none-eabi/4.8.3/../../../../arm-none-eabi/lib/armv6-m/libg.a(lib_a-exit.o)
 .bss           0x0000000000000000        0x0 /Users/interactive/Development/embedded/stm32/toolchain/armm-gcc/gccArm/bin/../lib/gcc/arm-none-eabi/4.8.3/../../../../arm-none-eabi/lib/armv6-m/libg.a(lib_a-exit.o)
 .text.exit     0x0000000000000000       0x20 /Users/interactive/Development/embedded/stm32/toolchain/armm-gcc/gccArm/bin/../lib/gcc/arm-none-eabi/4.8.3/../../../../arm-none-eabi/lib/armv6-m/libg.a(lib_a-exit.o)
 .ARM.attributes
                0x0000000000000000       0x2c /Users/interactive/Development/embedded/stm32/toolchain/armm-gcc/gccArm/bin/../lib/gcc/arm-none-eabi/4.8.3/../../../../arm-none-eabi/lib/armv6-m/libg.a(lib_a-exit.o)
 .debug_frame   0x0000000000000000       0x28 /Users/interactive/Development/embedded/stm32/toolchain/armm-gcc/gccArm/bin/../lib/gcc/arm-none-eabi/4.8.3/../../../../arm-none-eabi/lib/armv6-m/libg.a(lib_a-exit.o)
 .text          0x0000000000000000        0x0 /Users/interactive/Development/embedded/stm32/toolchain/armm-gcc/gccArm/bin/../lib/gcc/arm-none-eabi/4.8.3/../../../../arm-none-eabi/lib/armv6-m/libg.a(lib_a-impure.o)
 .data          0x0000000000000000        0x0 /Users/interactive/Development/embedded/stm32/toolchain/armm-gcc/gccArm/bin/../lib/gcc/arm-none-eabi/4.8.3/../../../../arm-none-eabi/lib/armv6-m/libg.a(lib_a-impure.o)
 .bss           0x0000000000000000        0x0 /Users/interactive/Development/embedded/stm32/toolchain/armm-gcc/gccArm/bin/../lib/gcc/arm-none-eabi/4.8.3/../../../../arm-none-eabi/lib/armv6-m/libg.a(lib_a-impure.o)
 .data.impure_data
                0x0000000000000000      0x428 /Users/interactive/Development/embedded/stm32/toolchain/armm-gcc/gccArm/bin/../lib/gcc/arm-none-eabi/4.8.3/../../../../arm-none-eabi/lib/armv6-m/libg.a(lib_a-impure.o)
 .data._impure_ptr
                0x0000000000000000        0x4 /Users/interactive/Development/embedded/stm32/toolchain/armm-gcc/gccArm/bin/../lib/gcc/arm-none-eabi/4.8.3/../../../../arm-none-eabi/lib/armv6-m/libg.a(lib_a-impure.o)
 .rodata.str1.4
                0x0000000000000000        0x4 /Users/interactive/Development/embedded/stm32/toolchain/armm-gcc/gccArm/bin/../lib/gcc/arm-none-eabi/4.8.3/../../../../arm-none-eabi/lib/armv6-m/libg.a(lib_a-impure.o)
 .rodata._global_impure_ptr
                0x0000000000000000        0x4 /Users/interactive/Development/embedded/stm32/toolchain/armm-gcc/gccArm/bin/../lib/gcc/arm-none-eabi/4.8.3/../../../../arm-none-eabi/lib/armv6-m/libg.a(lib_a-impure.o)
 .ARM.attributes
                0x0000000000000000       0x2c /Users/interactive/Development/embedded/stm32/toolchain/armm-gcc/gccArm/bin/../lib/gcc/arm-none-eabi/4.8.3/../../../../arm-none-eabi/lib/armv6-m/libg.a(lib_a-impure.o)
 .text          0x0000000000000000        0x0 /Users/interactive/Development/embedded/stm32/toolchain/armm-gcc/gccArm/bin/../lib/gcc/arm-none-eabi/4.8.3/../../../../arm-none-eabi/lib/armv6-m/libg.a(lib_a-init.o)
 .data          0x0000000000000000        0x0 /Users/interactive/Development/embedded/stm32/toolchain/armm-gcc/gccArm/bin/../lib/gcc/arm-none-eabi/4.8.3/../../../../arm-none-eabi/lib/armv6-m/libg.a(lib_a-init.o)
 .bss           0x0000000000000000        0x0 /Users/interactive/Development/embedded/stm32/toolchain/armm-gcc/gccArm/bin/../lib/gcc/arm-none-eabi/4.8.3/../../../../arm-none-eabi/lib/armv6-m/libg.a(lib_a-init.o)
 .text          0x0000000000000000        0x0 /Users/interactive/Development/embedded/stm32/toolchain/armm-gcc/gccArm/bin/../lib/gcc/arm-none-eabi/4.8.3/../../../../arm-none-eabi/lib/armv6-m/libg.a(lib_a-memset.o)
 .data          0x0000000000000000        0x0 /Users/interactive/Development/embedded/stm32/toolchain/armm-gcc/gccArm/bin/../lib/gcc/arm-none-eabi/4.8.3/../../../../arm-none-eabi/lib/armv6-m/libg.a(lib_a-memset.o)
 .bss           0x0000000000000000        0x0 /Users/interactive/Development/embedded/stm32/toolchain/armm-gcc/gccArm/bin/../lib/gcc/arm-none-eabi/4.8.3/../../../../arm-none-eabi/lib/armv6-m/libg.a(lib_a-memset.o)
 .text.memset   0x0000000000000000       0x9c /Users/interactive/Development/embedded/stm32/toolchain/armm-gcc/gccArm/bin/../lib/gcc/arm-none-eabi/4.8.3/../../../../arm-none-eabi/lib/armv6-m/libg.a(lib_a-memset.o)
 .ARM.attributes
                0x0000000000000000       0x2c /Users/interactive/Development/embedded/stm32/toolchain/armm-gcc/gccArm/bin/../lib/gcc/arm-none-eabi/4.8.3/../../../../arm-none-eabi/lib/armv6-m/libg.a(lib_a-memset.o)
 .debug_frame   0x0000000000000000       0x30 /Users/interactive/Development/embedded/stm32/toolchain/armm-gcc/gccArm/bin/../lib/gcc/arm-none-eabi/4.8.3/../../../../arm-none-eabi/lib/armv6-m/libg.a(lib_a-memset.o)
 .text          0x0000000000000000        0x0 /Users/interactive/Development/embedded/stm32/toolchain/armm-gcc/gccArm/bin/../lib/gcc/arm-none-eabi/4.8.3/../../../../arm-none-eabi/lib/armv6-m/libg.a(lib_a-__call_atexit.o)
 .data          0x0000000000000000        0x0 /Users/interactive/Development/embedded/stm32/toolchain/armm-gcc/gccArm/bin/../lib/gcc/arm-none-eabi/4.8.3/../../../../arm-none-eabi/lib/armv6-m/libg.a(lib_a-__call_atexit.o)
 .bss           0x0000000000000000        0x0 /Users/interactive/Development/embedded/stm32/toolchain/armm-gcc/gccArm/bin/../lib/gcc/arm-none-eabi/4.8.3/../../../../arm-none-eabi/lib/armv6-m/libg.a(lib_a-__call_atexit.o)
 .text.startup.register_fini
                0x0000000000000000       0x18 /Users/interactive/Development/embedded/stm32/toolchain/armm-gcc/gccArm/bin/../lib/gcc/arm-none-eabi/4.8.3/../../../../arm-none-eabi/lib/armv6-m/libg.a(lib_a-__call_atexit.o)
 .init_array.00000
                0x0000000000000000        0x4 /Users/interactive/Development/embedded/stm32/toolchain/armm-gcc/gccArm/bin/../lib/gcc/arm-none-eabi/4.8.3/../../../../arm-none-eabi/lib/armv6-m/libg.a(lib_a-__call_atexit.o)
 .text.__call_exitprocs
                0x0000000000000000      0x118 /Users/interactive/Development/embedded/stm32/toolchain/armm-gcc/gccArm/bin/../lib/gcc/arm-none-eabi/4.8.3/../../../../arm-none-eabi/lib/armv6-m/libg.a(lib_a-__call_atexit.o)
 .ARM.attributes
                0x0000000000000000       0x2c /Users/interactive/Development/embedded/stm32/toolchain/armm-gcc/gccArm/bin/../lib/gcc/arm-none-eabi/4.8.3/../../../../arm-none-eabi/lib/armv6-m/libg.a(lib_a-__call_atexit.o)
 .debug_frame   0x0000000000000000       0x54 /Users/interactive/Development/embedded/stm32/toolchain/armm-gcc/gccArm/bin/../lib/gcc/arm-none-eabi/4.8.3/../../../../arm-none-eabi/lib/armv6-m/libg.a(lib_a-__call_atexit.o)
 .text          0x0000000000000000        0x0 /Users/interactive/Development/embedded/stm32/toolchain/armm-gcc/gccArm/bin/../lib/gcc/arm-none-eabi/4.8.3/../../../../arm-none-eabi/lib/armv6-m/libg.a(lib_a-atexit.o)
 .data          0x0000000000000000        0x0 /Users/interactive/Development/embedded/stm32/toolchain/armm-gcc/gccArm/bin/../lib/gcc/arm-none-eabi/4.8.3/../../../../arm-none-eabi/lib/armv6-m/libg.a(lib_a-atexit.o)
 .bss           0x0000000000000000        0x0 /Users/interactive/Development/embedded/stm32/toolchain/armm-gcc/gccArm/bin/../lib/gcc/arm-none-eabi/4.8.3/../../../../arm-none-eabi/lib/armv6-m/libg.a(lib_a-atexit.o)
 .text.atexit   0x0000000000000000       0x10 /Users/interactive/Development/embedded/stm32/toolchain/armm-gcc/gccArm/bin/../lib/gcc/arm-none-eabi/4.8.3/../../../../arm-none-eabi/lib/armv6-m/libg.a(lib_a-atexit.o)
 .ARM.attributes
                0x0000000000000000       0x2c /Users/interactive/Development/embedded/stm32/toolchain/armm-gcc/gccArm/bin/../lib/gcc/arm-none-eabi/4.8.3/../../../../arm-none-eabi/lib/armv6-m/libg.a(lib_a-atexit.o)
 .debug_frame   0x0000000000000000       0x28 /Users/interactive/Development/embedded/stm32/toolchain/armm-gcc/gccArm/bin/../lib/gcc/arm-none-eabi/4.8.3/../../../../arm-none-eabi/lib/armv6-m/libg.a(lib_a-atexit.o)
 .text          0x0000000000000000        0x0 /Users/interactive/Development/embedded/stm32/toolchain/armm-gcc/gccArm/bin/../lib/gcc/arm-none-eabi/4.8.3/../../../../arm-none-eabi/lib/armv6-m/libg.a(lib_a-fini.o)
 .data          0x0000000000000000        0x0 /Users/interactive/Development/embedded/stm32/toolchain/armm-gcc/gccArm/bin/../lib/gcc/arm-none-eabi/4.8.3/../../../../arm-none-eabi/lib/armv6-m/libg.a(lib_a-fini.o)
 .bss           0x0000000000000000        0x0 /Users/interactive/Development/embedded/stm32/toolchain/armm-gcc/gccArm/bin/../lib/gcc/arm-none-eabi/4.8.3/../../../../arm-none-eabi/lib/armv6-m/libg.a(lib_a-fini.o)
 .text.__libc_fini_array
                0x0000000000000000       0x30 /Users/interactive/Development/embedded/stm32/toolchain/armm-gcc/gccArm/bin/../lib/gcc/arm-none-eabi/4.8.3/../../../../arm-none-eabi/lib/armv6-m/libg.a(lib_a-fini.o)
 .ARM.attributes
                0x0000000000000000       0x2c /Users/interactive/Development/embedded/stm32/toolchain/armm-gcc/gccArm/bin/../lib/gcc/arm-none-eabi/4.8.3/../../../../arm-none-eabi/lib/armv6-m/libg.a(lib_a-fini.o)
 .debug_frame   0x0000000000000000       0x2c /Users/interactive/Development/embedded/stm32/toolchain/armm-gcc/gccArm/bin/../lib/gcc/arm-none-eabi/4.8.3/../../../../arm-none-eabi/lib/armv6-m/libg.a(lib_a-fini.o)
 .text          0x0000000000000000        0x0 /Users/interactive/Development/embedded/stm32/toolchain/armm-gcc/gccArm/bin/../lib/gcc/arm-none-eabi/4.8.3/../../../../arm-none-eabi/lib/armv6-m/libg.a(lib_a-__atexit.o)
 .data          0x0000000000000000        0x0 /Users/interactive/Development/embedded/stm32/toolchain/armm-gcc/gccArm/bin/../lib/gcc/arm-none-eabi/4.8.3/../../../../arm-none-eabi/lib/armv6-m/libg.a(lib_a-__atexit.o)
 .bss           0x0000000000000000        0x0 /Users/interactive/Development/embedded/stm32/toolchain/armm-gcc/gccArm/bin/../lib/gcc/arm-none-eabi/4.8.3/../../../../arm-none-eabi/lib/armv6-m/libg.a(lib_a-__atexit.o)
 .text.__register_exitproc
                0x0000000000000000       0xc0 /Users/interactive/Development/embedded/stm32/toolchain/armm-gcc/gccArm/bin/../lib/gcc/arm-none-eabi/4.8.3/../../../../arm-none-eabi/lib/armv6-m/libg.a(lib_a-__atexit.o)
 .ARM.attributes
                0x0000000000000000       0x2c /Users/interactive/Development/embedded/stm32/toolchain/armm-gcc/gccArm/bin/../lib/gcc/arm-none-eabi/4.8.3/../../../../arm-none-eabi/lib/armv6-m/libg.a(lib_a-__atexit.o)
 .debug_frame   0x0000000000000000       0x38 /Users/interactive/Development/embedded/stm32/toolchain/armm-gcc/gccArm/bin/../lib/gcc/arm-none-eabi/4.8.3/../../../../arm-none-eabi/lib/armv6-m/libg.a(lib_a-__atexit.o)
 .text          0x0000000000000000        0x0 /Users/interactive/Development/embedded/stm32/toolchain/armm-gcc/gccArm/bin/../lib/gcc/arm-none-eabi/4.8.3/armv6-m/crtend.o
 .data          0x0000000000000000        0x0 /Users/interactive/Development/embedded/stm32/toolchain/armm-gcc/gccArm/bin/../lib/gcc/arm-none-eabi/4.8.3/armv6-m/crtend.o
 .bss           0x0000000000000000        0x0 /Users/interactive/Development/embedded/stm32/toolchain/armm-gcc/gccArm/bin/../lib/gcc/arm-none-eabi/4.8.3/armv6-m/crtend.o
 .eh_frame      0x0000000000000000        0x4 /Users/interactive/Development/embedded/stm32/toolchain/armm-gcc/gccArm/bin/../lib/gcc/arm-none-eabi/4.8.3/armv6-m/crtend.o
 .jcr           0x0000000000000000        0x4 /Users/interactive/Development/embedded/stm32/toolchain/armm-gcc/gccArm/bin/../lib/gcc/arm-none-eabi/4.8.3/armv6-m/crtend.o
 .ARM.attributes
                0x0000000000000000       0x2c /Users/interactive/Development/embedded/stm32/toolchain/armm-gcc/gccArm/bin/../lib/gcc/arm-none-eabi/4.8.3/armv6-m/crtend.o
 .text          0x0000000000000000        0x0 /Users/interactive/Development/embedded/stm32/toolchain/armm-gcc/gccArm/bin/../lib/gcc/arm-none-eabi/4.8.3/armv6-m/crtn.o
 .data          0x0000000000000000        0x0 /Users/interactive/Development/embedded/stm32/toolchain/armm-gcc/gccArm/bin/../lib/gcc/arm-none-eabi/4.8.3/armv6-m/crtn.o
 .bss           0x0000000000000000        0x0 /Users/interactive/Development/embedded/stm32/toolchain/armm-gcc/gccArm/bin/../lib/gcc/arm-none-eabi/4.8.3/armv6-m/crtn.o

Memory Configuration

Name             Origin             Length             Attributes
FLASH            0x0000000008000000 0x0000000000020000 xr
RAM              0x0000000020000000 0x0000000000004000 xrw
*default*        0x0000000000000000 0xffffffffffffffff

Linker script and memory map

LOAD /Users/interactive/Development/embedded/stm32/toolchain/armm-gcc/gccArm/bin/../lib/gcc/arm-none-eabi/4.8.3/armv6-m/crti.o
LOAD /Users/interactive/Development/embedded/stm32/toolchain/armm-gcc/gccArm/bin/../lib/gcc/arm-none-eabi/4.8.3/armv6-m/crtbegin.o
LOAD /Users/interactive/Development/embedded/stm32/toolchain/armm-gcc/gccArm/bin/../lib/gcc/arm-none-eabi/4.8.3/../../../../arm-none-eabi/lib/armv6-m/crt0.o
LOAD /var/folders/h0/2q1j9d79277fqdqkv5jkhpq80000gp/T//ccvou8zF.o
LOAD /var/folders/h0/2q1j9d79277fqdqkv5jkhpq80000gp/T//ccj1CDWL.o
LOAD /var/folders/h0/2q1j9d79277fqdqkv5jkhpq80000gp/T//cclqusCp.o
LOAD ../../Libraries/libstm32l1.a
START GROUP
LOAD /Users/interactive/Development/embedded/stm32/toolchain/armm-gcc/gccArm/bin/../lib/gcc/arm-none-eabi/4.8.3/armv6-m/libgcc.a
LOAD /Users/interactive/Development/embedded/stm32/toolchain/armm-gcc/gccArm/bin/../lib/gcc/arm-none-eabi/4.8.3/../../../../arm-none-eabi/lib/armv6-m/libg.a
LOAD /Users/interactive/Development/embedded/stm32/toolchain/armm-gcc/gccArm/bin/../lib/gcc/arm-none-eabi/4.8.3/../../../../arm-none-eabi/lib/armv6-m/libc.a
END GROUP
LOAD /Users/interactive/Development/embedded/stm32/toolchain/armm-gcc/gccArm/bin/../lib/gcc/arm-none-eabi/4.8.3/armv6-m/crtend.o
LOAD /Users/interactive/Development/embedded/stm32/toolchain/armm-gcc/gccArm/bin/../lib/gcc/arm-none-eabi/4.8.3/armv6-m/crtn.o
                0x0000000020002000                _estack = 0x20002000

.isr_vector     0x0000000008000000      0x10c
                0x0000000008000000                . = ALIGN (0x4)
 *(.isr_vector)
 .isr_vector    0x0000000008000000      0x10c /var/folders/h0/2q1j9d79277fqdqkv5jkhpq80000gp/T//cclqusCp.o
                0x0000000008000000                g_pfnVectors
                0x000000000800010c                . = ALIGN (0x4)

.text           0x000000000800010c      0xc94
                0x000000000800010c                . = ALIGN (0x4)
 *(.text)
 .text          0x000000000800010c      0x23c ../../Libraries/libstm32l1.a(stm32l1xx_gpio.o)
                0x000000000800010c                GPIO_DeInit
                0x00000000080001f0                GPIO_Init
                0x00000000080002a0                GPIO_StructInit
                0x00000000080002b4                GPIO_PinLockConfig
                0x00000000080002d8                GPIO_ReadInputDataBit
                0x00000000080002e4                GPIO_ReadInputData
                0x00000000080002ec                GPIO_ReadOutputDataBit
                0x00000000080002f8                GPIO_ReadOutputData
                0x0000000008000300                GPIO_SetBits
                0x0000000008000304                GPIO_ResetBits
                0x0000000008000308                GPIO_WriteBit
                0x0000000008000314                GPIO_Write
                0x0000000008000318                GPIO_ToggleBits
                0x0000000008000324                GPIO_PinAFConfig
 .text          0x0000000008000348      0x404 ../../Libraries/libstm32l1.a(stm32l1xx_rcc.o)
                0x0000000008000348                RCC_DeInit
                0x0000000008000390                RCC_HSEConfig
                0x00000000080003a0                RCC_WaitForHSEStartUp
                0x00000000080003dc                RCC_AdjustMSICalibrationValue
                0x00000000080003e8                RCC_MSIRangeConfig
                0x0000000008000400                RCC_MSICmd
                0x000000000800040c                RCC_AdjustHSICalibrationValue
                0x0000000008000424                RCC_HSICmd
                0x0000000008000430                RCC_LSEConfig
                0x0000000008000440                RCC_LSICmd
                0x000000000800044c                RCC_PLLConfig
                0x000000000800045c                RCC_PLLCmd
                0x0000000008000468                RCC_ClockSecuritySystemCmd
                0x0000000008000474                RCC_LSEClockSecuritySystemCmd
                0x0000000008000480                RCC_MCOConfig
                0x000000000800048c                RCC_SYSCLKConfig
                0x00000000080004a0                RCC_GetSYSCLKSource
                0x00000000080004b0                RCC_HCLKConfig
                0x00000000080004c4                RCC_PCLK1Config
                0x00000000080004dc                RCC_PCLK2Config
                0x00000000080004f4                RCC_GetClocksFreq
                0x00000000080005ac                RCC_RTCCLKConfig
                0x00000000080005ec                RCC_RTCCLKCmd
                0x00000000080005f8                RCC_RTCResetCmd
                0x0000000008000604                RCC_AHBPeriphClockCmd
                0x000000000800061c                RCC_APB2PeriphClockCmd
                0x0000000008000634                RCC_APB1PeriphClockCmd
                0x000000000800064c                RCC_AHBPeriphResetCmd
                0x0000000008000664                RCC_APB2PeriphResetCmd
                0x000000000800067c                RCC_APB1PeriphResetCmd
                0x0000000008000694                RCC_AHBPeriphClockLPModeCmd
                0x00000000080006ac                RCC_APB2PeriphClockLPModeCmd
                0x00000000080006c4                RCC_APB1PeriphClockLPModeCmd
                0x00000000080006dc                RCC_ITConfig
                0x00000000080006f4                RCC_GetFlagStatus
                0x0000000008000718                RCC_ClearFlag
                0x000000000800072c                RCC_GetITStatus
                0x0000000008000740                RCC_ClearITPendingBit
 .text          0x000000000800074c       0x9c /Users/interactive/Development/embedded/stm32/toolchain/armm-gcc/gccArm/bin/../lib/gcc/arm-none-eabi/4.8.3/armv6-m/libgcc.a(_udivsi3.o)
                0x000000000800074c                __udivsi3
                0x000000000800074c                __aeabi_uidiv
                0x00000000080007d4                __aeabi_uidivmod
 .text          0x00000000080007e8        0x4 /Users/interactive/Development/embedded/stm32/toolchain/armm-gcc/gccArm/bin/../lib/gcc/arm-none-eabi/4.8.3/armv6-m/libgcc.a(_dvmd_tls.o)
                0x00000000080007e8                __aeabi_ldiv0
                0x00000000080007e8                __aeabi_idiv0
 *(.text.*)
 .text.startup.main
                0x00000000080007ec      0x3ec /var/folders/h0/2q1j9d79277fqdqkv5jkhpq80000gp/T//ccvou8zF.o
                0x00000000080007ec                main
 .text.SystemInit
                0x0000000008000bd8      0x114 /var/folders/h0/2q1j9d79277fqdqkv5jkhpq80000gp/T//ccj1CDWL.o
                0x0000000008000bd8                SystemInit
 .text.Reset_Handler
                0x0000000008000cec       0x50 /var/folders/h0/2q1j9d79277fqdqkv5jkhpq80000gp/T//cclqusCp.o
                0x0000000008000cec                Reset_Handler
 .text.Default_Handler
                0x0000000008000d3c        0x4 /var/folders/h0/2q1j9d79277fqdqkv5jkhpq80000gp/T//cclqusCp.o
                0x0000000008000d3c                I2C1_ER_IRQHandler
                0x0000000008000d3c                EXTI2_IRQHandler
                0x0000000008000d3c                DebugMon_Handler
                0x0000000008000d3c                HardFault_Handler
                0x0000000008000d3c                TIM10_IRQHandler
                0x0000000008000d3c                USB_HP_IRQHandler
                0x0000000008000d3c                TIM6_IRQHandler
                0x0000000008000d3c                SysTick_Handler
                0x0000000008000d3c                PVD_IRQHandler
                0x0000000008000d3c                PendSV_Handler
                0x0000000008000d3c                NMI_Handler
                0x0000000008000d3c                EXTI3_IRQHandler
                0x0000000008000d3c                EXTI0_IRQHandler
                0x0000000008000d3c                I2C2_EV_IRQHandler
                0x0000000008000d3c                UsageFault_Handler
                0x0000000008000d3c                SPI1_IRQHandler
                0x0000000008000d3c                USB_FS_WKUP_IRQHandler
                0x0000000008000d3c                DMA1_Channel4_IRQHandler
                0x0000000008000d3c                ADC1_IRQHandler
                0x0000000008000d3c                USART3_IRQHandler
                0x0000000008000d3c                DMA1_Channel7_IRQHandler
                0x0000000008000d3c                LCD_IRQHandler
                0x0000000008000d3c                TIM4_IRQHandler
                0x0000000008000d3c                I2C1_EV_IRQHandler
                0x0000000008000d3c                DMA1_Channel6_IRQHandler
                0x0000000008000d3c                TIM3_IRQHandler
                0x0000000008000d3c                RCC_IRQHandler
                0x0000000008000d3c                DMA1_Channel1_IRQHandler
                0x0000000008000d3c                Default_Handler
                0x0000000008000d3c                EXTI15_10_IRQHandler
                0x0000000008000d3c                TIM7_IRQHandler
                0x0000000008000d3c                EXTI9_5_IRQHandler
                0x0000000008000d3c                TIM9_IRQHandler
                0x0000000008000d3c                TAMPER_STAMP_IRQHandler
                0x0000000008000d3c                RTC_WKUP_IRQHandler
                0x0000000008000d3c                SPI2_IRQHandler
                0x0000000008000d3c                MemManage_Handler
                0x0000000008000d3c                SVC_Handler
                0x0000000008000d3c                DMA1_Channel5_IRQHandler
                0x0000000008000d3c                USB_LP_IRQHandler
                0x0000000008000d3c                EXTI4_IRQHandler
                0x0000000008000d3c                DMA1_Channel3_IRQHandler
                0x0000000008000d3c                COMP_IRQHandler
                0x0000000008000d3c                WWDG_IRQHandler
                0x0000000008000d3c                TIM2_IRQHandler
                0x0000000008000d3c                DAC_IRQHandler
                0x0000000008000d3c                EXTI1_IRQHandler
                0x0000000008000d3c                TIM11_IRQHandler
                0x0000000008000d3c                USART2_IRQHandler
                0x0000000008000d3c                I2C2_ER_IRQHandler
                0x0000000008000d3c                DMA1_Channel2_IRQHandler
                0x0000000008000d3c                FLASH_IRQHandler
                0x0000000008000d3c                BusFault_Handler
                0x0000000008000d3c                USART1_IRQHandler
                0x0000000008000d3c                RTC_Alarm_IRQHandler
 .text.__libc_init_array
                0x0000000008000d40       0x48 /Users/interactive/Development/embedded/stm32/toolchain/armm-gcc/gccArm/bin/../lib/gcc/arm-none-eabi/4.8.3/../../../../arm-none-eabi/lib/armv6-m/libg.a(lib_a-init.o)
                0x0000000008000d40                __libc_init_array
 *(.rodata)
 *(.rodata*)
 *(.glue_7)
 .glue_7        0x0000000000000000        0x0 linker stubs
 *(.glue_7t)
 .glue_7t       0x0000000000000000        0x0 linker stubs
 *(.init)
 .init          0x0000000008000d88        0x4 /Users/interactive/Development/embedded/stm32/toolchain/armm-gcc/gccArm/bin/../lib/gcc/arm-none-eabi/4.8.3/armv6-m/crti.o
                0x0000000008000d88                _init
 .init          0x0000000008000d8c        0x8 /Users/interactive/Development/embedded/stm32/toolchain/armm-gcc/gccArm/bin/../lib/gcc/arm-none-eabi/4.8.3/armv6-m/crtn.o
 *(.fini)
 .fini          0x0000000008000d94        0x4 /Users/interactive/Development/embedded/stm32/toolchain/armm-gcc/gccArm/bin/../lib/gcc/arm-none-eabi/4.8.3/armv6-m/crti.o
                0x0000000008000d94                _fini
 .fini          0x0000000008000d98        0x8 /Users/interactive/Development/embedded/stm32/toolchain/armm-gcc/gccArm/bin/../lib/gcc/arm-none-eabi/4.8.3/armv6-m/crtn.o
                0x0000000008000da0                . = ALIGN (0x4)
                0x0000000008000da0                _etext = .
                0x0000000008000da0                _sidata = _etext

.vfp11_veneer   0x0000000008000da0        0x0
 .vfp11_veneer  0x0000000000000000        0x0 linker stubs

.v4_bx          0x0000000008000da0        0x0
 .v4_bx         0x0000000000000000        0x0 linker stubs

.iplt           0x0000000008000da0        0x0
 .iplt          0x0000000000000000        0x0 /Users/interactive/Development/embedded/stm32/toolchain/armm-gcc/gccArm/bin/../lib/gcc/arm-none-eabi/4.8.3/armv6-m/crtbegin.o

.rel.dyn        0x0000000008000da0        0x0
 .rel.iplt      0x0000000000000000        0x0 /Users/interactive/Development/embedded/stm32/toolchain/armm-gcc/gccArm/bin/../lib/gcc/arm-none-eabi/4.8.3/armv6-m/crtbegin.o

.data           0x0000000020000000       0x20 load address 0x0000000008000da0
                0x0000000020000000                . = ALIGN (0x4)
                0x0000000020000000                _sdata = .
                0x0000000020000000                _data = .
 *(.data)
 .data          0x0000000020000000       0x1c ../../Libraries/libstm32l1.a(stm32l1xx_rcc.o)
 *(.data.*)
 .data.NextRandom
                0x000000002000001c        0x4 /var/folders/h0/2q1j9d79277fqdqkv5jkhpq80000gp/T//ccvou8zF.o
                0x000000002000001c                NextRandom
 *(.RAMtext)
                0x0000000020000020                . = ALIGN (0x4)
                0x0000000020000020                _edata = .

.igot.plt       0x0000000020000020        0x0 load address 0x0000000008000dc0
 .igot.plt      0x0000000000000000        0x0 /Users/interactive/Development/embedded/stm32/toolchain/armm-gcc/gccArm/bin/../lib/gcc/arm-none-eabi/4.8.3/armv6-m/crtbegin.o

.bss            0x0000000020000020        0x0
                0x0000000020000020                . = ALIGN (0x4)
                0x0000000020000020                _sbss = .
                0x0000000020000020                _bss = .
 *(.bss)
 *(.bss.*)
 *(COMMON)
                0x0000000020000020                . = ALIGN (0x4)
                0x0000000020000020                _ebss = .
                0x0000000020000020                PROVIDE (end, _ebss)
                0x0000000020000020                PROVIDE (_end, _ebss)
                0x0000000020000020                __exidx_start = .
                0x0000000020000020                __exidx_end = .

/DISCARD/
 libc.a(*)
 libm.a(*)
 libgcc.a(*)

.stab
 *(.stab)

.stabstr
 *(.stabstr)

.stab.excl
 *(.stab.excl)

.stab.exclstr
 *(.stab.exclstr)

.stab.index
 *(.stab.index)

.stab.indexstr
 *(.stab.indexstr)

.comment        0x0000000000000000       0xe0
 *(.comment)
 .comment       0x0000000000000000       0x70 /var/folders/h0/2q1j9d79277fqdqkv5jkhpq80000gp/T//ccvou8zF.o
                                         0x71 (size before relaxing)
 .comment       0x0000000000000000       0x71 /var/folders/h0/2q1j9d79277fqdqkv5jkhpq80000gp/T//ccj1CDWL.o
 .comment       0x0000000000000070       0x70 ../../Libraries/libstm32l1.a(stm32l1xx_gpio.o)
                                         0x71 (size before relaxing)
 .comment       0x0000000000000000       0x71 ../../Libraries/libstm32l1.a(stm32l1xx_rcc.o)

.ARM.attributes
                0x0000000000000000       0x2d
 .ARM.attributes
                0x0000000000000000       0x1e /Users/interactive/Development/embedded/stm32/toolchain/armm-gcc/gccArm/bin/../lib/gcc/arm-none-eabi/4.8.3/armv6-m/crti.o
 .ARM.attributes
                0x000000000000001e       0x31 /var/folders/h0/2q1j9d79277fqdqkv5jkhpq80000gp/T//ccvou8zF.o
 .ARM.attributes
                0x000000000000004f       0x31 /var/folders/h0/2q1j9d79277fqdqkv5jkhpq80000gp/T//ccj1CDWL.o
 .ARM.attributes
                0x0000000000000080       0x21 /var/folders/h0/2q1j9d79277fqdqkv5jkhpq80000gp/T//cclqusCp.o
 .ARM.attributes
                0x00000000000000a1       0x31 ../../Libraries/libstm32l1.a(stm32l1xx_gpio.o)
 .ARM.attributes
                0x00000000000000d2       0x31 ../../Libraries/libstm32l1.a(stm32l1xx_rcc.o)
 .ARM.attributes
                0x0000000000000103       0x1e /Users/interactive/Development/embedded/stm32/toolchain/armm-gcc/gccArm/bin/../lib/gcc/arm-none-eabi/4.8.3/armv6-m/libgcc.a(_udivsi3.o)
 .ARM.attributes
                0x0000000000000121       0x1e /Users/interactive/Development/embedded/stm32/toolchain/armm-gcc/gccArm/bin/../lib/gcc/arm-none-eabi/4.8.3/armv6-m/libgcc.a(_dvmd_tls.o)
 .ARM.attributes
                0x000000000000013f       0x2c /Users/interactive/Development/embedded/stm32/toolchain/armm-gcc/gccArm/bin/../lib/gcc/arm-none-eabi/4.8.3/../../../../arm-none-eabi/lib/armv6-m/libg.a(lib_a-init.o)
 .ARM.attributes
                0x000000000000016b       0x1e /Users/interactive/Development/embedded/stm32/toolchain/armm-gcc/gccArm/bin/../lib/gcc/arm-none-eabi/4.8.3/armv6-m/crtn.o

.debug
 *(.debug)

.line
 *(.line)

.debug_srcinfo
 *(.debug_srcinfo)

.debug_sfnames
 *(.debug_sfnames)

.debug_aranges  0x0000000000000000       0xc8
 *(.debug_aranges)
 .debug_aranges
                0x0000000000000000       0x38 /var/folders/h0/2q1j9d79277fqdqkv5jkhpq80000gp/T//ccvou8zF.o
 .debug_aranges
                0x0000000000000038       0x28 /var/folders/h0/2q1j9d79277fqdqkv5jkhpq80000gp/T//ccj1CDWL.o
 .debug_aranges
                0x0000000000000060       0x28 /var/folders/h0/2q1j9d79277fqdqkv5jkhpq80000gp/T//cclqusCp.o
 .debug_aranges
                0x0000000000000088       0x20 ../../Libraries/libstm32l1.a(stm32l1xx_gpio.o)
 .debug_aranges
                0x00000000000000a8       0x20 ../../Libraries/libstm32l1.a(stm32l1xx_rcc.o)

.debug_pubnames
 *(.debug_pubnames)

.debug_info     0x0000000000000000     0x2197
 *(.debug_info .gnu.linkonce.wi.*)
 .debug_info    0x0000000000000000      0x946 /var/folders/h0/2q1j9d79277fqdqkv5jkhpq80000gp/T//ccvou8zF.o
 .debug_info    0x0000000000000946      0x56b /var/folders/h0/2q1j9d79277fqdqkv5jkhpq80000gp/T//ccj1CDWL.o
 .debug_info    0x0000000000000eb1       0x96 /var/folders/h0/2q1j9d79277fqdqkv5jkhpq80000gp/T//cclqusCp.o
 .debug_info    0x0000000000000f47      0x7bd ../../Libraries/libstm32l1.a(stm32l1xx_gpio.o)
 .debug_info    0x0000000000001704      0xa93 ../../Libraries/libstm32l1.a(stm32l1xx_rcc.o)

.debug_abbrev   0x0000000000000000      0x833
 *(.debug_abbrev)
 .debug_abbrev  0x0000000000000000      0x243 /var/folders/h0/2q1j9d79277fqdqkv5jkhpq80000gp/T//ccvou8zF.o
 .debug_abbrev  0x0000000000000243      0x15f /var/folders/h0/2q1j9d79277fqdqkv5jkhpq80000gp/T//ccj1CDWL.o
 .debug_abbrev  0x00000000000003a2       0x12 /var/folders/h0/2q1j9d79277fqdqkv5jkhpq80000gp/T//cclqusCp.o
 .debug_abbrev  0x00000000000003b4      0x1e5 ../../Libraries/libstm32l1.a(stm32l1xx_gpio.o)
 .debug_abbrev  0x0000000000000599      0x29a ../../Libraries/libstm32l1.a(stm32l1xx_rcc.o)

.debug_line     0x0000000000000000      0xbe5
 *(.debug_line)
 .debug_line    0x0000000000000000      0x461 /var/folders/h0/2q1j9d79277fqdqkv5jkhpq80000gp/T//ccvou8zF.o
 .debug_line    0x0000000000000461      0x1ec /var/folders/h0/2q1j9d79277fqdqkv5jkhpq80000gp/T//ccj1CDWL.o
 .debug_line    0x000000000000064d       0x80 /var/folders/h0/2q1j9d79277fqdqkv5jkhpq80000gp/T//cclqusCp.o
 .debug_line    0x00000000000006cd      0x20b ../../Libraries/libstm32l1.a(stm32l1xx_gpio.o)
 .debug_line    0x00000000000008d8      0x30d ../../Libraries/libstm32l1.a(stm32l1xx_rcc.o)

.debug_frame    0x0000000000000000      0x4bc
 *(.debug_frame)
 .debug_frame   0x0000000000000000       0x7c /var/folders/h0/2q1j9d79277fqdqkv5jkhpq80000gp/T//ccvou8zF.o
 .debug_frame   0x000000000000007c       0x4c /var/folders/h0/2q1j9d79277fqdqkv5jkhpq80000gp/T//ccj1CDWL.o
 .debug_frame   0x00000000000000c8      0x120 ../../Libraries/libstm32l1.a(stm32l1xx_gpio.o)
 .debug_frame   0x00000000000001e8      0x288 ../../Libraries/libstm32l1.a(stm32l1xx_rcc.o)
 .debug_frame   0x0000000000000470       0x20 /Users/interactive/Development/embedded/stm32/toolchain/armm-gcc/gccArm/bin/../lib/gcc/arm-none-eabi/4.8.3/armv6-m/libgcc.a(_udivsi3.o)
 .debug_frame   0x0000000000000490       0x2c /Users/interactive/Development/embedded/stm32/toolchain/armm-gcc/gccArm/bin/../lib/gcc/arm-none-eabi/4.8.3/../../../../arm-none-eabi/lib/armv6-m/libg.a(lib_a-init.o)

.debug_str      0x0000000000000000      0xe61
 *(.debug_str)
 .debug_str     0x0000000000000000      0x66d /var/folders/h0/2q1j9d79277fqdqkv5jkhpq80000gp/T//ccvou8zF.o
                                        0x6cf (size before relaxing)
 .debug_str     0x000000000000066d      0x1a6 /var/folders/h0/2q1j9d79277fqdqkv5jkhpq80000gp/T//ccj1CDWL.o
                                        0x3ac (size before relaxing)
 .debug_str     0x0000000000000813      0x204 ../../Libraries/libstm32l1.a(stm32l1xx_gpio.o)
                                        0x4e6 (size before relaxing)
 .debug_str     0x0000000000000a17      0x44a ../../Libraries/libstm32l1.a(stm32l1xx_rcc.o)
                                        0x704 (size before relaxing)

.debug_loc      0x0000000000000000     0x181d
 *(.debug_loc)
 .debug_loc     0x0000000000000000      0x9e9 /var/folders/h0/2q1j9d79277fqdqkv5jkhpq80000gp/T//ccvou8zF.o
 .debug_loc     0x00000000000009e9      0x119 /var/folders/h0/2q1j9d79277fqdqkv5jkhpq80000gp/T//ccj1CDWL.o
 .debug_loc     0x0000000000000b02      0x38c ../../Libraries/libstm32l1.a(stm32l1xx_gpio.o)
 .debug_loc     0x0000000000000e8e      0x98f ../../Libraries/libstm32l1.a(stm32l1xx_rcc.o)

.debug_macinfo
 *(.debug_macinfo)

.debug_weaknames
 *(.debug_weaknames)

.debug_funcnames
 *(.debug_funcnames)

.debug_typenames
 *(.debug_typenames)

.debug_varnames
 *(.debug_varnames)
OUTPUT(main.elf elf32-littlearm)

.debug_ranges   0x0000000000000000      0x2b8
 .debug_ranges  0x0000000000000000      0x250 /var/folders/h0/2q1j9d79277fqdqkv5jkhpq80000gp/T//ccvou8zF.o
 .debug_ranges  0x0000000000000250       0x30 /var/folders/h0/2q1j9d79277fqdqkv5jkhpq80000gp/T//ccj1CDWL.o
 .debug_ranges  0x0000000000000280       0x20 /var/folders/h0/2q1j9d79277fqdqkv5jkhpq80000gp/T//cclqusCp.o
 .debug_ranges  0x00000000000002a0       0x18 ../../Libraries/libstm32l1.a(stm32l1xx_rcc.o)
