Archive member included because of file (symbol)

../../Libraries/libstm32l1.a(stm32l1xx_dac.o)
                              /var/folders/8f/zhq2rlhx6sl47y8ztwk74bcr0000gn/T//ccN74MyT.o (DAC_DeInit)
../../Libraries/libstm32l1.a(stm32l1xx_dma.o)
                              /var/folders/8f/zhq2rlhx6sl47y8ztwk74bcr0000gn/T//ccN74MyT.o (DMA_DeInit)
../../Libraries/libstm32l1.a(stm32l1xx_exti.o)
                              /var/folders/8f/zhq2rlhx6sl47y8ztwk74bcr0000gn/T//ccN74MyT.o (EXTI_Init)
../../Libraries/libstm32l1.a(stm32l1xx_gpio.o)
                              /var/folders/8f/zhq2rlhx6sl47y8ztwk74bcr0000gn/T//ccN74MyT.o (GPIO_Init)
../../Libraries/libstm32l1.a(misc.o)
                              /var/folders/8f/zhq2rlhx6sl47y8ztwk74bcr0000gn/T//ccN74MyT.o (NVIC_Init)
../../Libraries/libstm32l1.a(stm32l1xx_rcc.o)
                              /var/folders/8f/zhq2rlhx6sl47y8ztwk74bcr0000gn/T//ccN74MyT.o (RCC_AHBPeriphClockCmd)
../../Libraries/libstm32l1.a(stm32l1xx_syscfg.o)
                              /var/folders/8f/zhq2rlhx6sl47y8ztwk74bcr0000gn/T//ccN74MyT.o (SYSCFG_EXTILineConfig)
../../Libraries/libstm32l1.a(stm32l1xx_tim.o)
                              /var/folders/8f/zhq2rlhx6sl47y8ztwk74bcr0000gn/T//ccN74MyT.o (TIM_TimeBaseInit)
/Users/nathanogates/Copy/Development/embedded/redux/gcc-arm/bin/../lib/gcc/arm-none-eabi/4.8.4/armv6-m/libgcc.a(_thumb1_case_uqi.o)
                              /var/folders/8f/zhq2rlhx6sl47y8ztwk74bcr0000gn/T//cc7oEbWX.o (__gnu_thumb1_case_uqi)
/Users/nathanogates/Copy/Development/embedded/redux/gcc-arm/bin/../lib/gcc/arm-none-eabi/4.8.4/armv6-m/libgcc.a(_udivsi3.o)
                              /var/folders/8f/zhq2rlhx6sl47y8ztwk74bcr0000gn/T//cc7oEbWX.o (__aeabi_uidiv)
/Users/nathanogates/Copy/Development/embedded/redux/gcc-arm/bin/../lib/gcc/arm-none-eabi/4.8.4/armv6-m/libgcc.a(_dvmd_tls.o)
                              /Users/nathanogates/Copy/Development/embedded/redux/gcc-arm/bin/../lib/gcc/arm-none-eabi/4.8.4/armv6-m/libgcc.a(_udivsi3.o) (__aeabi_idiv0)
/Users/nathanogates/Copy/Development/embedded/redux/gcc-arm/bin/../lib/gcc/arm-none-eabi/4.8.4/../../../../arm-none-eabi/lib/armv6-m/libg.a(lib_a-exit.o)
                              /Users/nathanogates/Copy/Development/embedded/redux/gcc-arm/bin/../lib/gcc/arm-none-eabi/4.8.4/../../../../arm-none-eabi/lib/armv6-m/crt0.o (exit)
/Users/nathanogates/Copy/Development/embedded/redux/gcc-arm/bin/../lib/gcc/arm-none-eabi/4.8.4/../../../../arm-none-eabi/lib/armv6-m/libg.a(lib_a-impure.o)
                              /Users/nathanogates/Copy/Development/embedded/redux/gcc-arm/bin/../lib/gcc/arm-none-eabi/4.8.4/../../../../arm-none-eabi/lib/armv6-m/libg.a(lib_a-exit.o) (_global_impure_ptr)
/Users/nathanogates/Copy/Development/embedded/redux/gcc-arm/bin/../lib/gcc/arm-none-eabi/4.8.4/../../../../arm-none-eabi/lib/armv6-m/libg.a(lib_a-init.o)
                              /Users/nathanogates/Copy/Development/embedded/redux/gcc-arm/bin/../lib/gcc/arm-none-eabi/4.8.4/../../../../arm-none-eabi/lib/armv6-m/crt0.o (__libc_init_array)
/Users/nathanogates/Copy/Development/embedded/redux/gcc-arm/bin/../lib/gcc/arm-none-eabi/4.8.4/../../../../arm-none-eabi/lib/armv6-m/libg.a(lib_a-memset.o)
                              /Users/nathanogates/Copy/Development/embedded/redux/gcc-arm/bin/../lib/gcc/arm-none-eabi/4.8.4/../../../../arm-none-eabi/lib/armv6-m/crt0.o (memset)
/Users/nathanogates/Copy/Development/embedded/redux/gcc-arm/bin/../lib/gcc/arm-none-eabi/4.8.4/../../../../arm-none-eabi/lib/armv6-m/libg.a(lib_a-__call_atexit.o)
                              /Users/nathanogates/Copy/Development/embedded/redux/gcc-arm/bin/../lib/gcc/arm-none-eabi/4.8.4/../../../../arm-none-eabi/lib/armv6-m/libg.a(lib_a-exit.o) (__call_exitprocs)
/Users/nathanogates/Copy/Development/embedded/redux/gcc-arm/bin/../lib/gcc/arm-none-eabi/4.8.4/../../../../arm-none-eabi/lib/armv6-m/libg.a(lib_a-atexit.o)
                              /Users/nathanogates/Copy/Development/embedded/redux/gcc-arm/bin/../lib/gcc/arm-none-eabi/4.8.4/../../../../arm-none-eabi/lib/armv6-m/libg.a(lib_a-__call_atexit.o) (atexit)
/Users/nathanogates/Copy/Development/embedded/redux/gcc-arm/bin/../lib/gcc/arm-none-eabi/4.8.4/../../../../arm-none-eabi/lib/armv6-m/libg.a(lib_a-fini.o)
                              /Users/nathanogates/Copy/Development/embedded/redux/gcc-arm/bin/../lib/gcc/arm-none-eabi/4.8.4/../../../../arm-none-eabi/lib/armv6-m/libg.a(lib_a-__call_atexit.o) (__libc_fini_array)
/Users/nathanogates/Copy/Development/embedded/redux/gcc-arm/bin/../lib/gcc/arm-none-eabi/4.8.4/../../../../arm-none-eabi/lib/armv6-m/libg.a(lib_a-__atexit.o)
                              /Users/nathanogates/Copy/Development/embedded/redux/gcc-arm/bin/../lib/gcc/arm-none-eabi/4.8.4/../../../../arm-none-eabi/lib/armv6-m/libg.a(lib_a-atexit.o) (__register_exitproc)

Allocating common symbols
Common symbol       size              file

TIM_TimeBaseStructure
                    0xc               /var/folders/8f/zhq2rlhx6sl47y8ztwk74bcr0000gn/T//ccN74MyT.o
DAC_InitStructure   0x10              /var/folders/8f/zhq2rlhx6sl47y8ztwk74bcr0000gn/T//ccN74MyT.o
GPIO_InitStructure  0x8               /var/folders/8f/zhq2rlhx6sl47y8ztwk74bcr0000gn/T//ccN74MyT.o
NVIC_InitStructure  0x4               /var/folders/8f/zhq2rlhx6sl47y8ztwk74bcr0000gn/T//ccN74MyT.o
EXTI_InitStructure  0x8               /var/folders/8f/zhq2rlhx6sl47y8ztwk74bcr0000gn/T//ccN74MyT.o
DMA_InitStructure   0x2c              /var/folders/8f/zhq2rlhx6sl47y8ztwk74bcr0000gn/T//ccN74MyT.o

Discarded input sections

 .text          0x0000000000000000        0x0 /Users/nathanogates/Copy/Development/embedded/redux/gcc-arm/bin/../lib/gcc/arm-none-eabi/4.8.4/armv6-m/crti.o
 .data          0x0000000000000000        0x0 /Users/nathanogates/Copy/Development/embedded/redux/gcc-arm/bin/../lib/gcc/arm-none-eabi/4.8.4/armv6-m/crti.o
 .bss           0x0000000000000000        0x0 /Users/nathanogates/Copy/Development/embedded/redux/gcc-arm/bin/../lib/gcc/arm-none-eabi/4.8.4/armv6-m/crti.o
 .text          0x0000000000000000       0x60 /Users/nathanogates/Copy/Development/embedded/redux/gcc-arm/bin/../lib/gcc/arm-none-eabi/4.8.4/armv6-m/crtbegin.o
 .data          0x0000000000000000        0x4 /Users/nathanogates/Copy/Development/embedded/redux/gcc-arm/bin/../lib/gcc/arm-none-eabi/4.8.4/armv6-m/crtbegin.o
 .bss           0x0000000000000000       0x1c /Users/nathanogates/Copy/Development/embedded/redux/gcc-arm/bin/../lib/gcc/arm-none-eabi/4.8.4/armv6-m/crtbegin.o
 .init_array    0x0000000000000000        0x4 /Users/nathanogates/Copy/Development/embedded/redux/gcc-arm/bin/../lib/gcc/arm-none-eabi/4.8.4/armv6-m/crtbegin.o
 .fini_array    0x0000000000000000        0x4 /Users/nathanogates/Copy/Development/embedded/redux/gcc-arm/bin/../lib/gcc/arm-none-eabi/4.8.4/armv6-m/crtbegin.o
 .eh_frame      0x0000000000000000        0x0 /Users/nathanogates/Copy/Development/embedded/redux/gcc-arm/bin/../lib/gcc/arm-none-eabi/4.8.4/armv6-m/crtbegin.o
 .jcr           0x0000000000000000        0x0 /Users/nathanogates/Copy/Development/embedded/redux/gcc-arm/bin/../lib/gcc/arm-none-eabi/4.8.4/armv6-m/crtbegin.o
 .ARM.attributes
                0x0000000000000000       0x2c /Users/nathanogates/Copy/Development/embedded/redux/gcc-arm/bin/../lib/gcc/arm-none-eabi/4.8.4/armv6-m/crtbegin.o
 .text          0x0000000000000000       0x78 /Users/nathanogates/Copy/Development/embedded/redux/gcc-arm/bin/../lib/gcc/arm-none-eabi/4.8.4/../../../../arm-none-eabi/lib/armv6-m/crt0.o
 .data          0x0000000000000000        0x0 /Users/nathanogates/Copy/Development/embedded/redux/gcc-arm/bin/../lib/gcc/arm-none-eabi/4.8.4/../../../../arm-none-eabi/lib/armv6-m/crt0.o
 .bss           0x0000000000000000        0x0 /Users/nathanogates/Copy/Development/embedded/redux/gcc-arm/bin/../lib/gcc/arm-none-eabi/4.8.4/../../../../arm-none-eabi/lib/armv6-m/crt0.o
 .ARM.extab     0x0000000000000000        0x0 /Users/nathanogates/Copy/Development/embedded/redux/gcc-arm/bin/../lib/gcc/arm-none-eabi/4.8.4/../../../../arm-none-eabi/lib/armv6-m/crt0.o
 .ARM.exidx     0x0000000000000000        0x8 /Users/nathanogates/Copy/Development/embedded/redux/gcc-arm/bin/../lib/gcc/arm-none-eabi/4.8.4/../../../../arm-none-eabi/lib/armv6-m/crt0.o
 .ARM.attributes
                0x0000000000000000       0x1b /Users/nathanogates/Copy/Development/embedded/redux/gcc-arm/bin/../lib/gcc/arm-none-eabi/4.8.4/../../../../arm-none-eabi/lib/armv6-m/crt0.o
 .text          0x0000000000000000        0x0 /var/folders/8f/zhq2rlhx6sl47y8ztwk74bcr0000gn/T//ccN74MyT.o
 .data          0x0000000000000000        0x0 /var/folders/8f/zhq2rlhx6sl47y8ztwk74bcr0000gn/T//ccN74MyT.o
 .bss           0x0000000000000000        0x0 /var/folders/8f/zhq2rlhx6sl47y8ztwk74bcr0000gn/T//ccN74MyT.o
 .bss.Idx       0x0000000000000000        0x1 /var/folders/8f/zhq2rlhx6sl47y8ztwk74bcr0000gn/T//ccN74MyT.o
 .text          0x0000000000000000        0x0 /var/folders/8f/zhq2rlhx6sl47y8ztwk74bcr0000gn/T//cc7oEbWX.o
 .data          0x0000000000000000        0x0 /var/folders/8f/zhq2rlhx6sl47y8ztwk74bcr0000gn/T//cc7oEbWX.o
 .bss           0x0000000000000000        0x0 /var/folders/8f/zhq2rlhx6sl47y8ztwk74bcr0000gn/T//cc7oEbWX.o
 .text.SystemCoreClockUpdate
                0x0000000000000000       0x8c /var/folders/8f/zhq2rlhx6sl47y8ztwk74bcr0000gn/T//cc7oEbWX.o
 .data.PLLMulTable
                0x0000000000000000        0x9 /var/folders/8f/zhq2rlhx6sl47y8ztwk74bcr0000gn/T//cc7oEbWX.o
 .data.AHBPrescTable
                0x0000000000000000       0x10 /var/folders/8f/zhq2rlhx6sl47y8ztwk74bcr0000gn/T//cc7oEbWX.o
 .data.SystemCoreClock
                0x0000000000000000        0x4 /var/folders/8f/zhq2rlhx6sl47y8ztwk74bcr0000gn/T//cc7oEbWX.o
 .text          0x0000000000000000       0x14 /var/folders/8f/zhq2rlhx6sl47y8ztwk74bcr0000gn/T//ccd1GYqg.o
 .data          0x0000000000000000        0x0 /var/folders/8f/zhq2rlhx6sl47y8ztwk74bcr0000gn/T//ccd1GYqg.o
 .bss           0x0000000000000000        0x0 /var/folders/8f/zhq2rlhx6sl47y8ztwk74bcr0000gn/T//ccd1GYqg.o
 .data          0x0000000000000000        0x0 ../../Libraries/libstm32l1.a(stm32l1xx_dac.o)
 .bss           0x0000000000000000        0x0 ../../Libraries/libstm32l1.a(stm32l1xx_dac.o)
 .data          0x0000000000000000        0x0 ../../Libraries/libstm32l1.a(stm32l1xx_dma.o)
 .bss           0x0000000000000000        0x0 ../../Libraries/libstm32l1.a(stm32l1xx_dma.o)
 .data          0x0000000000000000        0x0 ../../Libraries/libstm32l1.a(stm32l1xx_exti.o)
 .bss           0x0000000000000000        0x0 ../../Libraries/libstm32l1.a(stm32l1xx_exti.o)
 .data          0x0000000000000000        0x0 ../../Libraries/libstm32l1.a(stm32l1xx_gpio.o)
 .bss           0x0000000000000000        0x0 ../../Libraries/libstm32l1.a(stm32l1xx_gpio.o)
 .data          0x0000000000000000        0x0 ../../Libraries/libstm32l1.a(misc.o)
 .bss           0x0000000000000000        0x0 ../../Libraries/libstm32l1.a(misc.o)
 .bss           0x0000000000000000        0x0 ../../Libraries/libstm32l1.a(stm32l1xx_rcc.o)
 .data          0x0000000000000000        0x0 ../../Libraries/libstm32l1.a(stm32l1xx_syscfg.o)
 .bss           0x0000000000000000        0x0 ../../Libraries/libstm32l1.a(stm32l1xx_syscfg.o)
 .data          0x0000000000000000        0x0 ../../Libraries/libstm32l1.a(stm32l1xx_tim.o)
 .bss           0x0000000000000000        0x0 ../../Libraries/libstm32l1.a(stm32l1xx_tim.o)
 .text          0x0000000000000000       0x14 /Users/nathanogates/Copy/Development/embedded/redux/gcc-arm/bin/../lib/gcc/arm-none-eabi/4.8.4/armv6-m/libgcc.a(_thumb1_case_uqi.o)
 .data          0x0000000000000000        0x0 /Users/nathanogates/Copy/Development/embedded/redux/gcc-arm/bin/../lib/gcc/arm-none-eabi/4.8.4/armv6-m/libgcc.a(_thumb1_case_uqi.o)
 .bss           0x0000000000000000        0x0 /Users/nathanogates/Copy/Development/embedded/redux/gcc-arm/bin/../lib/gcc/arm-none-eabi/4.8.4/armv6-m/libgcc.a(_thumb1_case_uqi.o)
 .ARM.attributes
                0x0000000000000000       0x1e /Users/nathanogates/Copy/Development/embedded/redux/gcc-arm/bin/../lib/gcc/arm-none-eabi/4.8.4/armv6-m/libgcc.a(_thumb1_case_uqi.o)
 .data          0x0000000000000000        0x0 /Users/nathanogates/Copy/Development/embedded/redux/gcc-arm/bin/../lib/gcc/arm-none-eabi/4.8.4/armv6-m/libgcc.a(_udivsi3.o)
 .bss           0x0000000000000000        0x0 /Users/nathanogates/Copy/Development/embedded/redux/gcc-arm/bin/../lib/gcc/arm-none-eabi/4.8.4/armv6-m/libgcc.a(_udivsi3.o)
 .data          0x0000000000000000        0x0 /Users/nathanogates/Copy/Development/embedded/redux/gcc-arm/bin/../lib/gcc/arm-none-eabi/4.8.4/armv6-m/libgcc.a(_dvmd_tls.o)
 .bss           0x0000000000000000        0x0 /Users/nathanogates/Copy/Development/embedded/redux/gcc-arm/bin/../lib/gcc/arm-none-eabi/4.8.4/armv6-m/libgcc.a(_dvmd_tls.o)
 .text          0x0000000000000000        0x0 /Users/nathanogates/Copy/Development/embedded/redux/gcc-arm/bin/../lib/gcc/arm-none-eabi/4.8.4/../../../../arm-none-eabi/lib/armv6-m/libg.a(lib_a-exit.o)
 .data          0x0000000000000000        0x0 /Users/nathanogates/Copy/Development/embedded/redux/gcc-arm/bin/../lib/gcc/arm-none-eabi/4.8.4/../../../../arm-none-eabi/lib/armv6-m/libg.a(lib_a-exit.o)
 .bss           0x0000000000000000        0x0 /Users/nathanogates/Copy/Development/embedded/redux/gcc-arm/bin/../lib/gcc/arm-none-eabi/4.8.4/../../../../arm-none-eabi/lib/armv6-m/libg.a(lib_a-exit.o)
 .text.exit     0x0000000000000000       0x20 /Users/nathanogates/Copy/Development/embedded/redux/gcc-arm/bin/../lib/gcc/arm-none-eabi/4.8.4/../../../../arm-none-eabi/lib/armv6-m/libg.a(lib_a-exit.o)
 .ARM.attributes
                0x0000000000000000       0x2c /Users/nathanogates/Copy/Development/embedded/redux/gcc-arm/bin/../lib/gcc/arm-none-eabi/4.8.4/../../../../arm-none-eabi/lib/armv6-m/libg.a(lib_a-exit.o)
 .debug_frame   0x0000000000000000       0x28 /Users/nathanogates/Copy/Development/embedded/redux/gcc-arm/bin/../lib/gcc/arm-none-eabi/4.8.4/../../../../arm-none-eabi/lib/armv6-m/libg.a(lib_a-exit.o)
 .text          0x0000000000000000        0x0 /Users/nathanogates/Copy/Development/embedded/redux/gcc-arm/bin/../lib/gcc/arm-none-eabi/4.8.4/../../../../arm-none-eabi/lib/armv6-m/libg.a(lib_a-impure.o)
 .data          0x0000000000000000        0x0 /Users/nathanogates/Copy/Development/embedded/redux/gcc-arm/bin/../lib/gcc/arm-none-eabi/4.8.4/../../../../arm-none-eabi/lib/armv6-m/libg.a(lib_a-impure.o)
 .bss           0x0000000000000000        0x0 /Users/nathanogates/Copy/Development/embedded/redux/gcc-arm/bin/../lib/gcc/arm-none-eabi/4.8.4/../../../../arm-none-eabi/lib/armv6-m/libg.a(lib_a-impure.o)
 .data.impure_data
                0x0000000000000000      0x428 /Users/nathanogates/Copy/Development/embedded/redux/gcc-arm/bin/../lib/gcc/arm-none-eabi/4.8.4/../../../../arm-none-eabi/lib/armv6-m/libg.a(lib_a-impure.o)
 .data._impure_ptr
                0x0000000000000000        0x4 /Users/nathanogates/Copy/Development/embedded/redux/gcc-arm/bin/../lib/gcc/arm-none-eabi/4.8.4/../../../../arm-none-eabi/lib/armv6-m/libg.a(lib_a-impure.o)
 .rodata.str1.4
                0x0000000000000000        0x4 /Users/nathanogates/Copy/Development/embedded/redux/gcc-arm/bin/../lib/gcc/arm-none-eabi/4.8.4/../../../../arm-none-eabi/lib/armv6-m/libg.a(lib_a-impure.o)
 .rodata._global_impure_ptr
                0x0000000000000000        0x4 /Users/nathanogates/Copy/Development/embedded/redux/gcc-arm/bin/../lib/gcc/arm-none-eabi/4.8.4/../../../../arm-none-eabi/lib/armv6-m/libg.a(lib_a-impure.o)
 .ARM.attributes
                0x0000000000000000       0x2c /Users/nathanogates/Copy/Development/embedded/redux/gcc-arm/bin/../lib/gcc/arm-none-eabi/4.8.4/../../../../arm-none-eabi/lib/armv6-m/libg.a(lib_a-impure.o)
 .text          0x0000000000000000        0x0 /Users/nathanogates/Copy/Development/embedded/redux/gcc-arm/bin/../lib/gcc/arm-none-eabi/4.8.4/../../../../arm-none-eabi/lib/armv6-m/libg.a(lib_a-init.o)
 .data          0x0000000000000000        0x0 /Users/nathanogates/Copy/Development/embedded/redux/gcc-arm/bin/../lib/gcc/arm-none-eabi/4.8.4/../../../../arm-none-eabi/lib/armv6-m/libg.a(lib_a-init.o)
 .bss           0x0000000000000000        0x0 /Users/nathanogates/Copy/Development/embedded/redux/gcc-arm/bin/../lib/gcc/arm-none-eabi/4.8.4/../../../../arm-none-eabi/lib/armv6-m/libg.a(lib_a-init.o)
 .text          0x0000000000000000        0x0 /Users/nathanogates/Copy/Development/embedded/redux/gcc-arm/bin/../lib/gcc/arm-none-eabi/4.8.4/../../../../arm-none-eabi/lib/armv6-m/libg.a(lib_a-memset.o)
 .data          0x0000000000000000        0x0 /Users/nathanogates/Copy/Development/embedded/redux/gcc-arm/bin/../lib/gcc/arm-none-eabi/4.8.4/../../../../arm-none-eabi/lib/armv6-m/libg.a(lib_a-memset.o)
 .bss           0x0000000000000000        0x0 /Users/nathanogates/Copy/Development/embedded/redux/gcc-arm/bin/../lib/gcc/arm-none-eabi/4.8.4/../../../../arm-none-eabi/lib/armv6-m/libg.a(lib_a-memset.o)
 .text.memset   0x0000000000000000       0x9c /Users/nathanogates/Copy/Development/embedded/redux/gcc-arm/bin/../lib/gcc/arm-none-eabi/4.8.4/../../../../arm-none-eabi/lib/armv6-m/libg.a(lib_a-memset.o)
 .ARM.attributes
                0x0000000000000000       0x2c /Users/nathanogates/Copy/Development/embedded/redux/gcc-arm/bin/../lib/gcc/arm-none-eabi/4.8.4/../../../../arm-none-eabi/lib/armv6-m/libg.a(lib_a-memset.o)
 .debug_frame   0x0000000000000000       0x30 /Users/nathanogates/Copy/Development/embedded/redux/gcc-arm/bin/../lib/gcc/arm-none-eabi/4.8.4/../../../../arm-none-eabi/lib/armv6-m/libg.a(lib_a-memset.o)
 .text          0x0000000000000000        0x0 /Users/nathanogates/Copy/Development/embedded/redux/gcc-arm/bin/../lib/gcc/arm-none-eabi/4.8.4/../../../../arm-none-eabi/lib/armv6-m/libg.a(lib_a-__call_atexit.o)
 .data          0x0000000000000000        0x0 /Users/nathanogates/Copy/Development/embedded/redux/gcc-arm/bin/../lib/gcc/arm-none-eabi/4.8.4/../../../../arm-none-eabi/lib/armv6-m/libg.a(lib_a-__call_atexit.o)
 .bss           0x0000000000000000        0x0 /Users/nathanogates/Copy/Development/embedded/redux/gcc-arm/bin/../lib/gcc/arm-none-eabi/4.8.4/../../../../arm-none-eabi/lib/armv6-m/libg.a(lib_a-__call_atexit.o)
 .text.startup.register_fini
                0x0000000000000000       0x18 /Users/nathanogates/Copy/Development/embedded/redux/gcc-arm/bin/../lib/gcc/arm-none-eabi/4.8.4/../../../../arm-none-eabi/lib/armv6-m/libg.a(lib_a-__call_atexit.o)
 .init_array.00000
                0x0000000000000000        0x4 /Users/nathanogates/Copy/Development/embedded/redux/gcc-arm/bin/../lib/gcc/arm-none-eabi/4.8.4/../../../../arm-none-eabi/lib/armv6-m/libg.a(lib_a-__call_atexit.o)
 .text.__call_exitprocs
                0x0000000000000000      0x118 /Users/nathanogates/Copy/Development/embedded/redux/gcc-arm/bin/../lib/gcc/arm-none-eabi/4.8.4/../../../../arm-none-eabi/lib/armv6-m/libg.a(lib_a-__call_atexit.o)
 .ARM.attributes
                0x0000000000000000       0x2c /Users/nathanogates/Copy/Development/embedded/redux/gcc-arm/bin/../lib/gcc/arm-none-eabi/4.8.4/../../../../arm-none-eabi/lib/armv6-m/libg.a(lib_a-__call_atexit.o)
 .debug_frame   0x0000000000000000       0x54 /Users/nathanogates/Copy/Development/embedded/redux/gcc-arm/bin/../lib/gcc/arm-none-eabi/4.8.4/../../../../arm-none-eabi/lib/armv6-m/libg.a(lib_a-__call_atexit.o)
 .text          0x0000000000000000        0x0 /Users/nathanogates/Copy/Development/embedded/redux/gcc-arm/bin/../lib/gcc/arm-none-eabi/4.8.4/../../../../arm-none-eabi/lib/armv6-m/libg.a(lib_a-atexit.o)
 .data          0x0000000000000000        0x0 /Users/nathanogates/Copy/Development/embedded/redux/gcc-arm/bin/../lib/gcc/arm-none-eabi/4.8.4/../../../../arm-none-eabi/lib/armv6-m/libg.a(lib_a-atexit.o)
 .bss           0x0000000000000000        0x0 /Users/nathanogates/Copy/Development/embedded/redux/gcc-arm/bin/../lib/gcc/arm-none-eabi/4.8.4/../../../../arm-none-eabi/lib/armv6-m/libg.a(lib_a-atexit.o)
 .text.atexit   0x0000000000000000       0x10 /Users/nathanogates/Copy/Development/embedded/redux/gcc-arm/bin/../lib/gcc/arm-none-eabi/4.8.4/../../../../arm-none-eabi/lib/armv6-m/libg.a(lib_a-atexit.o)
 .ARM.attributes
                0x0000000000000000       0x2c /Users/nathanogates/Copy/Development/embedded/redux/gcc-arm/bin/../lib/gcc/arm-none-eabi/4.8.4/../../../../arm-none-eabi/lib/armv6-m/libg.a(lib_a-atexit.o)
 .debug_frame   0x0000000000000000       0x28 /Users/nathanogates/Copy/Development/embedded/redux/gcc-arm/bin/../lib/gcc/arm-none-eabi/4.8.4/../../../../arm-none-eabi/lib/armv6-m/libg.a(lib_a-atexit.o)
 .text          0x0000000000000000        0x0 /Users/nathanogates/Copy/Development/embedded/redux/gcc-arm/bin/../lib/gcc/arm-none-eabi/4.8.4/../../../../arm-none-eabi/lib/armv6-m/libg.a(lib_a-fini.o)
 .data          0x0000000000000000        0x0 /Users/nathanogates/Copy/Development/embedded/redux/gcc-arm/bin/../lib/gcc/arm-none-eabi/4.8.4/../../../../arm-none-eabi/lib/armv6-m/libg.a(lib_a-fini.o)
 .bss           0x0000000000000000        0x0 /Users/nathanogates/Copy/Development/embedded/redux/gcc-arm/bin/../lib/gcc/arm-none-eabi/4.8.4/../../../../arm-none-eabi/lib/armv6-m/libg.a(lib_a-fini.o)
 .text.__libc_fini_array
                0x0000000000000000       0x30 /Users/nathanogates/Copy/Development/embedded/redux/gcc-arm/bin/../lib/gcc/arm-none-eabi/4.8.4/../../../../arm-none-eabi/lib/armv6-m/libg.a(lib_a-fini.o)
 .ARM.attributes
                0x0000000000000000       0x2c /Users/nathanogates/Copy/Development/embedded/redux/gcc-arm/bin/../lib/gcc/arm-none-eabi/4.8.4/../../../../arm-none-eabi/lib/armv6-m/libg.a(lib_a-fini.o)
 .debug_frame   0x0000000000000000       0x2c /Users/nathanogates/Copy/Development/embedded/redux/gcc-arm/bin/../lib/gcc/arm-none-eabi/4.8.4/../../../../arm-none-eabi/lib/armv6-m/libg.a(lib_a-fini.o)
 .text          0x0000000000000000        0x0 /Users/nathanogates/Copy/Development/embedded/redux/gcc-arm/bin/../lib/gcc/arm-none-eabi/4.8.4/../../../../arm-none-eabi/lib/armv6-m/libg.a(lib_a-__atexit.o)
 .data          0x0000000000000000        0x0 /Users/nathanogates/Copy/Development/embedded/redux/gcc-arm/bin/../lib/gcc/arm-none-eabi/4.8.4/../../../../arm-none-eabi/lib/armv6-m/libg.a(lib_a-__atexit.o)
 .bss           0x0000000000000000        0x0 /Users/nathanogates/Copy/Development/embedded/redux/gcc-arm/bin/../lib/gcc/arm-none-eabi/4.8.4/../../../../arm-none-eabi/lib/armv6-m/libg.a(lib_a-__atexit.o)
 .text.__register_exitproc
                0x0000000000000000       0xc0 /Users/nathanogates/Copy/Development/embedded/redux/gcc-arm/bin/../lib/gcc/arm-none-eabi/4.8.4/../../../../arm-none-eabi/lib/armv6-m/libg.a(lib_a-__atexit.o)
 .ARM.attributes
                0x0000000000000000       0x2c /Users/nathanogates/Copy/Development/embedded/redux/gcc-arm/bin/../lib/gcc/arm-none-eabi/4.8.4/../../../../arm-none-eabi/lib/armv6-m/libg.a(lib_a-__atexit.o)
 .debug_frame   0x0000000000000000       0x38 /Users/nathanogates/Copy/Development/embedded/redux/gcc-arm/bin/../lib/gcc/arm-none-eabi/4.8.4/../../../../arm-none-eabi/lib/armv6-m/libg.a(lib_a-__atexit.o)
 .text          0x0000000000000000        0x0 /Users/nathanogates/Copy/Development/embedded/redux/gcc-arm/bin/../lib/gcc/arm-none-eabi/4.8.4/armv6-m/crtend.o
 .data          0x0000000000000000        0x0 /Users/nathanogates/Copy/Development/embedded/redux/gcc-arm/bin/../lib/gcc/arm-none-eabi/4.8.4/armv6-m/crtend.o
 .bss           0x0000000000000000        0x0 /Users/nathanogates/Copy/Development/embedded/redux/gcc-arm/bin/../lib/gcc/arm-none-eabi/4.8.4/armv6-m/crtend.o
 .eh_frame      0x0000000000000000        0x4 /Users/nathanogates/Copy/Development/embedded/redux/gcc-arm/bin/../lib/gcc/arm-none-eabi/4.8.4/armv6-m/crtend.o
 .jcr           0x0000000000000000        0x4 /Users/nathanogates/Copy/Development/embedded/redux/gcc-arm/bin/../lib/gcc/arm-none-eabi/4.8.4/armv6-m/crtend.o
 .ARM.attributes
                0x0000000000000000       0x2c /Users/nathanogates/Copy/Development/embedded/redux/gcc-arm/bin/../lib/gcc/arm-none-eabi/4.8.4/armv6-m/crtend.o
 .text          0x0000000000000000        0x0 /Users/nathanogates/Copy/Development/embedded/redux/gcc-arm/bin/../lib/gcc/arm-none-eabi/4.8.4/armv6-m/crtn.o
 .data          0x0000000000000000        0x0 /Users/nathanogates/Copy/Development/embedded/redux/gcc-arm/bin/../lib/gcc/arm-none-eabi/4.8.4/armv6-m/crtn.o
 .bss           0x0000000000000000        0x0 /Users/nathanogates/Copy/Development/embedded/redux/gcc-arm/bin/../lib/gcc/arm-none-eabi/4.8.4/armv6-m/crtn.o

Memory Configuration

Name             Origin             Length             Attributes
FLASH            0x0000000008000000 0x0000000000020000 xr
RAM              0x0000000020000000 0x0000000000004000 xrw
*default*        0x0000000000000000 0xffffffffffffffff

Linker script and memory map

LOAD /Users/nathanogates/Copy/Development/embedded/redux/gcc-arm/bin/../lib/gcc/arm-none-eabi/4.8.4/armv6-m/crti.o
LOAD /Users/nathanogates/Copy/Development/embedded/redux/gcc-arm/bin/../lib/gcc/arm-none-eabi/4.8.4/armv6-m/crtbegin.o
LOAD /Users/nathanogates/Copy/Development/embedded/redux/gcc-arm/bin/../lib/gcc/arm-none-eabi/4.8.4/../../../../arm-none-eabi/lib/armv6-m/crt0.o
LOAD /var/folders/8f/zhq2rlhx6sl47y8ztwk74bcr0000gn/T//ccN74MyT.o
LOAD /var/folders/8f/zhq2rlhx6sl47y8ztwk74bcr0000gn/T//cc7oEbWX.o
LOAD /var/folders/8f/zhq2rlhx6sl47y8ztwk74bcr0000gn/T//ccd1GYqg.o
LOAD ../../Libraries/libstm32l1.a
START GROUP
LOAD /Users/nathanogates/Copy/Development/embedded/redux/gcc-arm/bin/../lib/gcc/arm-none-eabi/4.8.4/armv6-m/libgcc.a
LOAD /Users/nathanogates/Copy/Development/embedded/redux/gcc-arm/bin/../lib/gcc/arm-none-eabi/4.8.4/../../../../arm-none-eabi/lib/armv6-m/libg.a
LOAD /Users/nathanogates/Copy/Development/embedded/redux/gcc-arm/bin/../lib/gcc/arm-none-eabi/4.8.4/../../../../arm-none-eabi/lib/armv6-m/libc.a
END GROUP
LOAD /Users/nathanogates/Copy/Development/embedded/redux/gcc-arm/bin/../lib/gcc/arm-none-eabi/4.8.4/armv6-m/crtend.o
LOAD /Users/nathanogates/Copy/Development/embedded/redux/gcc-arm/bin/../lib/gcc/arm-none-eabi/4.8.4/armv6-m/crtn.o
                0x0000000020002000                _estack = 0x20002000

.isr_vector     0x0000000008000000      0x10c
                0x0000000008000000                . = ALIGN (0x4)
 *(.isr_vector)
 .isr_vector    0x0000000008000000      0x10c /var/folders/8f/zhq2rlhx6sl47y8ztwk74bcr0000gn/T//ccd1GYqg.o
                0x0000000008000000                g_pfnVectors
                0x000000000800010c                . = ALIGN (0x4)

.text           0x000000000800010c     0x1f2c
                0x000000000800010c                . = ALIGN (0x4)
 *(.text)
 .text          0x000000000800010c      0x1f0 ../../Libraries/libstm32l1.a(stm32l1xx_dac.o)
                0x000000000800010c                DAC_DeInit
                0x0000000008000124                DAC_Init
                0x0000000008000154                DAC_StructInit
                0x0000000008000160                DAC_Cmd
                0x0000000008000184                DAC_SoftwareTriggerCmd
                0x00000000080001a8                DAC_DualSoftwareTriggerCmd
                0x00000000080001c8                DAC_WaveGenerationCmd
                0x00000000080001e8                DAC_SetChannel1Data
                0x0000000008000208                DAC_SetChannel2Data
                0x0000000008000228                DAC_SetDualChannelData
                0x0000000008000244                DAC_GetDataOutputValue
                0x0000000008000268                DAC_DMACmd
                0x0000000008000290                DAC_ITConfig
                0x00000000080002b0                DAC_GetFlagStatus
                0x00000000080002c8                DAC_ClearFlag
                0x00000000080002d4                DAC_GetITStatus
                0x00000000080002f0                DAC_ClearITPendingBit
 .text          0x00000000080002fc      0x220 ../../Libraries/libstm32l1.a(stm32l1xx_dma.o)
                0x00000000080002fc                DMA_DeInit
                0x0000000008000418                DMA_Init
                0x0000000008000454                DMA_StructInit
                0x0000000008000470                DMA_Cmd
                0x000000000800048c                DMA_SetCurrDataCounter
                0x0000000008000490                DMA_GetCurrDataCounter
                0x0000000008000498                DMA_ITConfig
                0x00000000080004ac                DMA_GetFlagStatus
                0x00000000080004cc                DMA_ClearFlag
                0x00000000080004e4                DMA_GetITStatus
                0x0000000008000504                DMA_ClearITPendingBit
 .text          0x000000000800051c       0xec ../../Libraries/libstm32l1.a(stm32l1xx_exti.o)
                0x000000000800051c                EXTI_DeInit
                0x0000000008000538                EXTI_Init
                0x00000000080005a0                EXTI_StructInit
                0x00000000080005b0                EXTI_GenerateSWInterrupt
                0x00000000080005c0                EXTI_GetFlagStatus
                0x00000000080005d4                EXTI_ClearFlag
                0x00000000080005e0                EXTI_GetITStatus
                0x00000000080005fc                EXTI_ClearITPendingBit
 .text          0x0000000008000608      0x23c ../../Libraries/libstm32l1.a(stm32l1xx_gpio.o)
                0x0000000008000608                GPIO_DeInit
                0x00000000080006ec                GPIO_Init
                0x000000000800079c                GPIO_StructInit
                0x00000000080007b0                GPIO_PinLockConfig
                0x00000000080007d4                GPIO_ReadInputDataBit
                0x00000000080007e0                GPIO_ReadInputData
                0x00000000080007e8                GPIO_ReadOutputDataBit
                0x00000000080007f4                GPIO_ReadOutputData
                0x00000000080007fc                GPIO_SetBits
                0x0000000008000800                GPIO_ResetBits
                0x0000000008000804                GPIO_WriteBit
                0x0000000008000810                GPIO_Write
                0x0000000008000814                GPIO_ToggleBits
                0x0000000008000820                GPIO_PinAFConfig
 .text          0x0000000008000844       0xcc ../../Libraries/libstm32l1.a(misc.o)
                0x0000000008000844                NVIC_PriorityGroupConfig
                0x0000000008000858                NVIC_Init
                0x00000000080008c8                NVIC_SetVectorTable
                0x00000000080008dc                NVIC_SystemLPConfig
                0x00000000080008f4                SysTick_CLKSourceConfig
 .text          0x0000000008000910      0x404 ../../Libraries/libstm32l1.a(stm32l1xx_rcc.o)
                0x0000000008000910                RCC_DeInit
                0x0000000008000958                RCC_HSEConfig
                0x0000000008000968                RCC_WaitForHSEStartUp
                0x00000000080009a4                RCC_AdjustMSICalibrationValue
                0x00000000080009b0                RCC_MSIRangeConfig
                0x00000000080009c8                RCC_MSICmd
                0x00000000080009d4                RCC_AdjustHSICalibrationValue
                0x00000000080009ec                RCC_HSICmd
                0x00000000080009f8                RCC_LSEConfig
                0x0000000008000a08                RCC_LSICmd
                0x0000000008000a14                RCC_PLLConfig
                0x0000000008000a24                RCC_PLLCmd
                0x0000000008000a30                RCC_ClockSecuritySystemCmd
                0x0000000008000a3c                RCC_LSEClockSecuritySystemCmd
                0x0000000008000a48                RCC_MCOConfig
                0x0000000008000a54                RCC_SYSCLKConfig
                0x0000000008000a68                RCC_GetSYSCLKSource
                0x0000000008000a78                RCC_HCLKConfig
                0x0000000008000a8c                RCC_PCLK1Config
                0x0000000008000aa4                RCC_PCLK2Config
                0x0000000008000abc                RCC_GetClocksFreq
                0x0000000008000b74                RCC_RTCCLKConfig
                0x0000000008000bb4                RCC_RTCCLKCmd
                0x0000000008000bc0                RCC_RTCResetCmd
                0x0000000008000bcc                RCC_AHBPeriphClockCmd
                0x0000000008000be4                RCC_APB2PeriphClockCmd
                0x0000000008000bfc                RCC_APB1PeriphClockCmd
                0x0000000008000c14                RCC_AHBPeriphResetCmd
                0x0000000008000c2c                RCC_APB2PeriphResetCmd
                0x0000000008000c44                RCC_APB1PeriphResetCmd
                0x0000000008000c5c                RCC_AHBPeriphClockLPModeCmd
                0x0000000008000c74                RCC_APB2PeriphClockLPModeCmd
                0x0000000008000c8c                RCC_APB1PeriphClockLPModeCmd
                0x0000000008000ca4                RCC_ITConfig
                0x0000000008000cbc                RCC_GetFlagStatus
                0x0000000008000ce0                RCC_ClearFlag
                0x0000000008000cf4                RCC_GetITStatus
                0x0000000008000d08                RCC_ClearITPendingBit
 .text          0x0000000008000d14      0x240 ../../Libraries/libstm32l1.a(stm32l1xx_syscfg.o)
                0x0000000008000d14                SYSCFG_DeInit
                0x0000000008000d28                SYSCFG_RIDeInit
                0x0000000008000d40                SYSCFG_MemoryRemapConfig
                0x0000000008000d4c                SYSCFG_GetBootMode
                0x0000000008000d5c                SYSCFG_USBPuCmd
                0x0000000008000d7c                SYSCFG_EXTILineConfig
                0x0000000008000da8                SYSCFG_RITIMSelect
                0x0000000008000dc0                SYSCFG_RITIMInputCaptureConfig
                0x0000000008000e08                SYSCFG_RIResistorConfig
                0x0000000008000e20                SYSCFG_RIChannelSpeedConfig
                0x0000000008000e38                SYSCFG_RIIOSwitchConfig
                0x0000000008000e78                SYSCFG_RISwitchControlModeCmd
                0x0000000008000e98                SYSCFG_RIHysteresisConfig
 .text          0x0000000008000f54      0xb60 ../../Libraries/libstm32l1.a(stm32l1xx_tim.o)
                0x0000000008000f54                TIM_DeInit
                0x0000000008001054                TIM_TimeBaseInit
                0x00000000080010bc                TIM_TimeBaseStructInit
                0x00000000080010cc                TIM_PrescalerConfig
                0x00000000080010d4                TIM_CounterModeConfig
                0x00000000080010e4                TIM_SetCounter
                0x00000000080010e8                TIM_SetAutoreload
                0x00000000080010ec                TIM_GetCounter
                0x00000000080010f0                TIM_GetPrescaler
                0x00000000080010f8                TIM_UpdateDisableConfig
                0x0000000008001118                TIM_UpdateRequestConfig
                0x0000000008001138                TIM_ARRPreloadConfig
                0x0000000008001158                TIM_SelectOnePulseMode
                0x0000000008001170                TIM_SetClockDivision
                0x0000000008001188                TIM_Cmd
                0x00000000080011a8                TIM_OC1Init
                0x00000000080011e0                TIM_OC2Init
                0x0000000008001224                TIM_OC3Init
                0x0000000008001264                TIM_OC4Init
                0x00000000080012a8                TIM_OCStructInit
                0x00000000080012b4                TIM_SelectOCxM
                0x0000000008001304                TIM_SetCompare1
                0x0000000008001308                TIM_SetCompare2
                0x000000000800130c                TIM_SetCompare3
                0x0000000008001310                TIM_SetCompare4
                0x0000000008001314                TIM_ForcedOC1Config
                0x0000000008001324                TIM_ForcedOC2Config
                0x000000000800133c                TIM_ForcedOC3Config
                0x000000000800134c                TIM_ForcedOC4Config
                0x0000000008001364                TIM_OC1PreloadConfig
                0x0000000008001374                TIM_OC2PreloadConfig
                0x000000000800138c                TIM_OC3PreloadConfig
                0x000000000800139c                TIM_OC4PreloadConfig
                0x00000000080013b4                TIM_OC1FastConfig
                0x00000000080013c4                TIM_OC2FastConfig
                0x00000000080013dc                TIM_OC3FastConfig
                0x00000000080013ec                TIM_OC4FastConfig
                0x0000000008001404                TIM_ClearOC1Ref
                0x0000000008001414                TIM_ClearOC2Ref
                0x0000000008001424                TIM_ClearOC3Ref
                0x0000000008001434                TIM_ClearOC4Ref
                0x0000000008001444                TIM_OC1PolarityConfig
                0x0000000008001454                TIM_OC2PolarityConfig
                0x000000000800146c                TIM_OC3PolarityConfig
                0x0000000008001484                TIM_OC4PolarityConfig
                0x000000000800149c                TIM_SelectOCREFClear
                0x00000000080014b4                TIM_CCxCmd
                0x00000000080014d0                TIM_ICInit
                0x0000000008001634                TIM_ICStructInit
                0x0000000008001644                TIM_PWMIConfig
                0x00000000080017cc                TIM_GetCapture1
                0x00000000080017d0                TIM_GetCapture2
                0x00000000080017d4                TIM_GetCapture3
                0x00000000080017d8                TIM_GetCapture4
                0x00000000080017dc                TIM_SetIC1Prescaler
                0x00000000080017f4                TIM_SetIC2Prescaler
                0x0000000008001810                TIM_SetIC3Prescaler
                0x0000000008001828                TIM_SetIC4Prescaler
                0x0000000008001844                TIM_ITConfig
                0x0000000008001858                TIM_GenerateEvent
                0x000000000800185c                TIM_GetFlagStatus
                0x0000000008001868                TIM_ClearFlag
                0x0000000008001870                TIM_GetITStatus
                0x0000000008001888                TIM_ClearITPendingBit
                0x0000000008001890                TIM_DMAConfig
                0x0000000008001898                TIM_DMACmd
                0x00000000080018ac                TIM_SelectCCDMA
                0x00000000080018cc                TIM_InternalClockConfig
                0x00000000080018dc                TIM_ITRxExternalClockConfig
                0x00000000080018f8                TIM_TIxExternalClockConfig
                0x000000000800198c                TIM_ETRClockMode1Config
                0x00000000080019b4                TIM_ETRClockMode2Config
                0x00000000080019d8                TIM_SelectInputTrigger
                0x00000000080019e8                TIM_SelectOutputTrigger
                0x0000000008001a00                TIM_SelectSlaveMode
                0x0000000008001a18                TIM_SelectMasterSlaveMode
                0x0000000008001a30                TIM_ETRConfig
                0x0000000008001a48                TIM_EncoderInterfaceConfig
                0x0000000008001a80                TIM_SelectHallSensor
                0x0000000008001aa0                TIM_RemapConfig
 .text          0x0000000008001ab4       0x9c /Users/nathanogates/Copy/Development/embedded/redux/gcc-arm/bin/../lib/gcc/arm-none-eabi/4.8.4/armv6-m/libgcc.a(_udivsi3.o)
                0x0000000008001ab4                __udivsi3
                0x0000000008001ab4                __aeabi_uidiv
                0x0000000008001b3c                __aeabi_uidivmod
 .text          0x0000000008001b50        0x4 /Users/nathanogates/Copy/Development/embedded/redux/gcc-arm/bin/../lib/gcc/arm-none-eabi/4.8.4/armv6-m/libgcc.a(_dvmd_tls.o)
                0x0000000008001b50                __aeabi_ldiv0
                0x0000000008001b50                __aeabi_idiv0
 *(.text.*)
 .text.debugLights
                0x0000000008001b54       0x30 /var/folders/8f/zhq2rlhx6sl47y8ztwk74bcr0000gn/T//ccN74MyT.o
                0x0000000008001b54                debugLights
 .text.TIM2_config
                0x0000000008001b84       0x40 /var/folders/8f/zhq2rlhx6sl47y8ztwk74bcr0000gn/T//ccN74MyT.o
                0x0000000008001b84                TIM2_config
 .text.EXTI15_10_Config
                0x0000000008001bc4       0x64 /var/folders/8f/zhq2rlhx6sl47y8ztwk74bcr0000gn/T//ccN74MyT.o
                0x0000000008001bc4                EXTI15_10_Config
 .text.DAC_PreConfig
                0x0000000008001c28       0x3c /var/folders/8f/zhq2rlhx6sl47y8ztwk74bcr0000gn/T//ccN74MyT.o
                0x0000000008001c28                DAC_PreConfig
 .text.startup.main
                0x0000000008001c64      0x170 /var/folders/8f/zhq2rlhx6sl47y8ztwk74bcr0000gn/T//ccN74MyT.o
                0x0000000008001c64                main
 .text.EXTI15_10_IRQHandler
                0x0000000008001dd4       0x54 /var/folders/8f/zhq2rlhx6sl47y8ztwk74bcr0000gn/T//ccN74MyT.o
                0x0000000008001dd4                EXTI15_10_IRQHandler
 .text.SystemInit
                0x0000000008001e28      0x114 /var/folders/8f/zhq2rlhx6sl47y8ztwk74bcr0000gn/T//cc7oEbWX.o
                0x0000000008001e28                SystemInit
 .text.Reset_Handler
                0x0000000008001f3c       0x50 /var/folders/8f/zhq2rlhx6sl47y8ztwk74bcr0000gn/T//ccd1GYqg.o
                0x0000000008001f3c                Reset_Handler
 .text.Default_Handler
                0x0000000008001f8c        0x4 /var/folders/8f/zhq2rlhx6sl47y8ztwk74bcr0000gn/T//ccd1GYqg.o
                0x0000000008001f8c                I2C1_ER_IRQHandler
                0x0000000008001f8c                EXTI2_IRQHandler
                0x0000000008001f8c                DebugMon_Handler
                0x0000000008001f8c                HardFault_Handler
                0x0000000008001f8c                TIM10_IRQHandler
                0x0000000008001f8c                USB_HP_IRQHandler
                0x0000000008001f8c                TIM6_IRQHandler
                0x0000000008001f8c                SysTick_Handler
                0x0000000008001f8c                PVD_IRQHandler
                0x0000000008001f8c                PendSV_Handler
                0x0000000008001f8c                NMI_Handler
                0x0000000008001f8c                EXTI3_IRQHandler
                0x0000000008001f8c                EXTI0_IRQHandler
                0x0000000008001f8c                I2C2_EV_IRQHandler
                0x0000000008001f8c                UsageFault_Handler
                0x0000000008001f8c                SPI1_IRQHandler
                0x0000000008001f8c                USB_FS_WKUP_IRQHandler
                0x0000000008001f8c                DMA1_Channel4_IRQHandler
                0x0000000008001f8c                ADC1_IRQHandler
                0x0000000008001f8c                USART3_IRQHandler
                0x0000000008001f8c                DMA1_Channel7_IRQHandler
                0x0000000008001f8c                LCD_IRQHandler
                0x0000000008001f8c                TIM4_IRQHandler
                0x0000000008001f8c                I2C1_EV_IRQHandler
                0x0000000008001f8c                DMA1_Channel6_IRQHandler
                0x0000000008001f8c                TIM3_IRQHandler
                0x0000000008001f8c                RCC_IRQHandler
                0x0000000008001f8c                DMA1_Channel1_IRQHandler
                0x0000000008001f8c                Default_Handler
                0x0000000008001f8c                TIM7_IRQHandler
                0x0000000008001f8c                EXTI9_5_IRQHandler
                0x0000000008001f8c                TIM9_IRQHandler
                0x0000000008001f8c                TAMPER_STAMP_IRQHandler
                0x0000000008001f8c                RTC_WKUP_IRQHandler
                0x0000000008001f8c                SPI2_IRQHandler
                0x0000000008001f8c                MemManage_Handler
                0x0000000008001f8c                SVC_Handler
                0x0000000008001f8c                DMA1_Channel5_IRQHandler
                0x0000000008001f8c                USB_LP_IRQHandler
                0x0000000008001f8c                EXTI4_IRQHandler
                0x0000000008001f8c                DMA1_Channel3_IRQHandler
                0x0000000008001f8c                COMP_IRQHandler
                0x0000000008001f8c                WWDG_IRQHandler
                0x0000000008001f8c                TIM2_IRQHandler
                0x0000000008001f8c                DAC_IRQHandler
                0x0000000008001f8c                EXTI1_IRQHandler
                0x0000000008001f8c                TIM11_IRQHandler
                0x0000000008001f8c                USART2_IRQHandler
                0x0000000008001f8c                I2C2_ER_IRQHandler
                0x0000000008001f8c                DMA1_Channel2_IRQHandler
                0x0000000008001f8c                FLASH_IRQHandler
                0x0000000008001f8c                BusFault_Handler
                0x0000000008001f8c                USART1_IRQHandler
                0x0000000008001f8c                RTC_Alarm_IRQHandler
 .text.__libc_init_array
                0x0000000008001f90       0x48 /Users/nathanogates/Copy/Development/embedded/redux/gcc-arm/bin/../lib/gcc/arm-none-eabi/4.8.4/../../../../arm-none-eabi/lib/armv6-m/libg.a(lib_a-init.o)
                0x0000000008001f90                __libc_init_array
 *(.rodata)
 *(.rodata*)
 .rodata.Sine12bit
                0x0000000008001fd8       0x40 /var/folders/8f/zhq2rlhx6sl47y8ztwk74bcr0000gn/T//ccN74MyT.o
                0x0000000008001fd8                Sine12bit
 .rodata.Escalator8bit
                0x0000000008002018        0x6 /var/folders/8f/zhq2rlhx6sl47y8ztwk74bcr0000gn/T//ccN74MyT.o
                0x0000000008002018                Escalator8bit
 *(.glue_7)
 .glue_7        0x0000000000000000        0x0 linker stubs
 *(.glue_7t)
 .glue_7t       0x0000000000000000        0x0 linker stubs
 *(.init)
 *fill*         0x000000000800201e        0x2 
 .init          0x0000000008002020        0x4 /Users/nathanogates/Copy/Development/embedded/redux/gcc-arm/bin/../lib/gcc/arm-none-eabi/4.8.4/armv6-m/crti.o
                0x0000000008002020                _init
 .init          0x0000000008002024        0x8 /Users/nathanogates/Copy/Development/embedded/redux/gcc-arm/bin/../lib/gcc/arm-none-eabi/4.8.4/armv6-m/crtn.o
 *(.fini)
 .fini          0x000000000800202c        0x4 /Users/nathanogates/Copy/Development/embedded/redux/gcc-arm/bin/../lib/gcc/arm-none-eabi/4.8.4/armv6-m/crti.o
                0x000000000800202c                _fini
 .fini          0x0000000008002030        0x8 /Users/nathanogates/Copy/Development/embedded/redux/gcc-arm/bin/../lib/gcc/arm-none-eabi/4.8.4/armv6-m/crtn.o
                0x0000000008002038                . = ALIGN (0x4)
                0x0000000008002038                _etext = .
                0x0000000008002038                _sidata = _etext

.vfp11_veneer   0x0000000008002038        0x0
 .vfp11_veneer  0x0000000000000000        0x0 linker stubs

.v4_bx          0x0000000008002038        0x0
 .v4_bx         0x0000000000000000        0x0 linker stubs

.iplt           0x0000000008002038        0x0
 .iplt          0x0000000000000000        0x0 /Users/nathanogates/Copy/Development/embedded/redux/gcc-arm/bin/../lib/gcc/arm-none-eabi/4.8.4/armv6-m/crtbegin.o

.rel.dyn        0x0000000008002038        0x0
 .rel.iplt      0x0000000000000000        0x0 /Users/nathanogates/Copy/Development/embedded/redux/gcc-arm/bin/../lib/gcc/arm-none-eabi/4.8.4/armv6-m/crtbegin.o

.data           0x0000000020000000       0x20 load address 0x0000000008002038
                0x0000000020000000                . = ALIGN (0x4)
                0x0000000020000000                _sdata = .
                0x0000000020000000                _data = .
 *(.data)
 .data          0x0000000020000000       0x1c ../../Libraries/libstm32l1.a(stm32l1xx_rcc.o)
 *(.data.*)
 .data.WaveChange
                0x000000002000001c        0x1 /var/folders/8f/zhq2rlhx6sl47y8ztwk74bcr0000gn/T//ccN74MyT.o
                0x000000002000001c                WaveChange
 .data.SelectedWavesForm
                0x000000002000001d        0x1 /var/folders/8f/zhq2rlhx6sl47y8ztwk74bcr0000gn/T//ccN74MyT.o
                0x000000002000001d                SelectedWavesForm
 *(.RAMtext)
                0x0000000020000020                . = ALIGN (0x4)
 *fill*         0x000000002000001e        0x2 
                0x0000000020000020                _edata = .

.igot.plt       0x0000000020000020        0x0 load address 0x0000000008002058
 .igot.plt      0x0000000000000000        0x0 /Users/nathanogates/Copy/Development/embedded/redux/gcc-arm/bin/../lib/gcc/arm-none-eabi/4.8.4/armv6-m/crtbegin.o

.bss            0x0000000020000020       0x60 load address 0x0000000008002058
                0x0000000020000020                . = ALIGN (0x4)
                0x0000000020000020                _sbss = .
                0x0000000020000020                _bss = .
 *(.bss)
 *(.bss.*)
 .bss.lightState
                0x0000000020000020        0x4 /var/folders/8f/zhq2rlhx6sl47y8ztwk74bcr0000gn/T//ccN74MyT.o
                0x0000000020000020                lightState
 *(COMMON)
 COMMON         0x0000000020000024       0x5c /var/folders/8f/zhq2rlhx6sl47y8ztwk74bcr0000gn/T//ccN74MyT.o
                0x0000000020000024                TIM_TimeBaseStructure
                0x0000000020000030                DAC_InitStructure
                0x0000000020000040                GPIO_InitStructure
                0x0000000020000048                NVIC_InitStructure
                0x000000002000004c                EXTI_InitStructure
                0x0000000020000054                DMA_InitStructure
                0x0000000020000080                . = ALIGN (0x4)
                0x0000000020000080                _ebss = .
                0x0000000020000080                PROVIDE (end, _ebss)
                0x0000000020000080                PROVIDE (_end, _ebss)
                0x0000000020000080                __exidx_start = .
                0x0000000020000080                __exidx_end = .

/DISCARD/
 libc.a(*)
 libm.a(*)
 libgcc.a(*)

.stab
 *(.stab)

.stabstr
 *(.stabstr)

.stab.excl
 *(.stab.excl)

.stab.exclstr
 *(.stab.exclstr)

.stab.index
 *(.stab.index)

.stab.indexstr
 *(.stab.indexstr)

.comment        0x0000000000000000       0xe0
 *(.comment)
 .comment       0x0000000000000000       0x70 /var/folders/8f/zhq2rlhx6sl47y8ztwk74bcr0000gn/T//ccN74MyT.o
                                         0x71 (size before relaxing)
 .comment       0x0000000000000000       0x71 /var/folders/8f/zhq2rlhx6sl47y8ztwk74bcr0000gn/T//cc7oEbWX.o
 .comment       0x0000000000000070       0x70 ../../Libraries/libstm32l1.a(stm32l1xx_dac.o)
                                         0x71 (size before relaxing)
 .comment       0x0000000000000000       0x71 ../../Libraries/libstm32l1.a(stm32l1xx_dma.o)
 .comment       0x0000000000000000       0x71 ../../Libraries/libstm32l1.a(stm32l1xx_exti.o)
 .comment       0x0000000000000000       0x71 ../../Libraries/libstm32l1.a(stm32l1xx_gpio.o)
 .comment       0x0000000000000000       0x71 ../../Libraries/libstm32l1.a(misc.o)
 .comment       0x0000000000000000       0x71 ../../Libraries/libstm32l1.a(stm32l1xx_rcc.o)
 .comment       0x0000000000000000       0x71 ../../Libraries/libstm32l1.a(stm32l1xx_syscfg.o)
 .comment       0x0000000000000000       0x71 ../../Libraries/libstm32l1.a(stm32l1xx_tim.o)

.ARM.attributes
                0x0000000000000000       0x2d
 .ARM.attributes
                0x0000000000000000       0x1e /Users/nathanogates/Copy/Development/embedded/redux/gcc-arm/bin/../lib/gcc/arm-none-eabi/4.8.4/armv6-m/crti.o
 .ARM.attributes
                0x000000000000001e       0x31 /var/folders/8f/zhq2rlhx6sl47y8ztwk74bcr0000gn/T//ccN74MyT.o
 .ARM.attributes
                0x000000000000004f       0x31 /var/folders/8f/zhq2rlhx6sl47y8ztwk74bcr0000gn/T//cc7oEbWX.o
 .ARM.attributes
                0x0000000000000080       0x21 /var/folders/8f/zhq2rlhx6sl47y8ztwk74bcr0000gn/T//ccd1GYqg.o
 .ARM.attributes
                0x00000000000000a1       0x31 ../../Libraries/libstm32l1.a(stm32l1xx_dac.o)
 .ARM.attributes
                0x00000000000000d2       0x31 ../../Libraries/libstm32l1.a(stm32l1xx_dma.o)
 .ARM.attributes
                0x0000000000000103       0x31 ../../Libraries/libstm32l1.a(stm32l1xx_exti.o)
 .ARM.attributes
                0x0000000000000134       0x31 ../../Libraries/libstm32l1.a(stm32l1xx_gpio.o)
 .ARM.attributes
                0x0000000000000165       0x31 ../../Libraries/libstm32l1.a(misc.o)
 .ARM.attributes
                0x0000000000000196       0x31 ../../Libraries/libstm32l1.a(stm32l1xx_rcc.o)
 .ARM.attributes
                0x00000000000001c7       0x31 ../../Libraries/libstm32l1.a(stm32l1xx_syscfg.o)
 .ARM.attributes
                0x00000000000001f8       0x31 ../../Libraries/libstm32l1.a(stm32l1xx_tim.o)
 .ARM.attributes
                0x0000000000000229       0x1e /Users/nathanogates/Copy/Development/embedded/redux/gcc-arm/bin/../lib/gcc/arm-none-eabi/4.8.4/armv6-m/libgcc.a(_udivsi3.o)
 .ARM.attributes
                0x0000000000000247       0x1e /Users/nathanogates/Copy/Development/embedded/redux/gcc-arm/bin/../lib/gcc/arm-none-eabi/4.8.4/armv6-m/libgcc.a(_dvmd_tls.o)
 .ARM.attributes
                0x0000000000000265       0x2c /Users/nathanogates/Copy/Development/embedded/redux/gcc-arm/bin/../lib/gcc/arm-none-eabi/4.8.4/../../../../arm-none-eabi/lib/armv6-m/libg.a(lib_a-init.o)
 .ARM.attributes
                0x0000000000000291       0x1e /Users/nathanogates/Copy/Development/embedded/redux/gcc-arm/bin/../lib/gcc/arm-none-eabi/4.8.4/armv6-m/crtn.o

.debug
 *(.debug)

.line
 *(.line)

.debug_srcinfo
 *(.debug_srcinfo)

.debug_sfnames
 *(.debug_sfnames)

.debug_aranges  0x0000000000000000      0x198
 *(.debug_aranges)
 .debug_aranges
                0x0000000000000000       0x48 /var/folders/8f/zhq2rlhx6sl47y8ztwk74bcr0000gn/T//ccN74MyT.o
 .debug_aranges
                0x0000000000000048       0x28 /var/folders/8f/zhq2rlhx6sl47y8ztwk74bcr0000gn/T//cc7oEbWX.o
 .debug_aranges
                0x0000000000000070       0x28 /var/folders/8f/zhq2rlhx6sl47y8ztwk74bcr0000gn/T//ccd1GYqg.o
 .debug_aranges
                0x0000000000000098       0x20 ../../Libraries/libstm32l1.a(stm32l1xx_dac.o)
 .debug_aranges
                0x00000000000000b8       0x20 ../../Libraries/libstm32l1.a(stm32l1xx_dma.o)
 .debug_aranges
                0x00000000000000d8       0x20 ../../Libraries/libstm32l1.a(stm32l1xx_exti.o)
 .debug_aranges
                0x00000000000000f8       0x20 ../../Libraries/libstm32l1.a(stm32l1xx_gpio.o)
 .debug_aranges
                0x0000000000000118       0x20 ../../Libraries/libstm32l1.a(misc.o)
 .debug_aranges
                0x0000000000000138       0x20 ../../Libraries/libstm32l1.a(stm32l1xx_rcc.o)
 .debug_aranges
                0x0000000000000158       0x20 ../../Libraries/libstm32l1.a(stm32l1xx_syscfg.o)
 .debug_aranges
                0x0000000000000178       0x20 ../../Libraries/libstm32l1.a(stm32l1xx_tim.o)

.debug_pubnames
 *(.debug_pubnames)

.debug_info     0x0000000000000000     0x614e
 *(.debug_info .gnu.linkonce.wi.*)
 .debug_info    0x0000000000000000     0x10b6 /var/folders/8f/zhq2rlhx6sl47y8ztwk74bcr0000gn/T//ccN74MyT.o
 .debug_info    0x00000000000010b6      0x56b /var/folders/8f/zhq2rlhx6sl47y8ztwk74bcr0000gn/T//cc7oEbWX.o
 .debug_info    0x0000000000001621       0xb0 /var/folders/8f/zhq2rlhx6sl47y8ztwk74bcr0000gn/T//ccd1GYqg.o
 .debug_info    0x00000000000016d1      0x671 ../../Libraries/libstm32l1.a(stm32l1xx_dac.o)
 .debug_info    0x0000000000001d42      0x453 ../../Libraries/libstm32l1.a(stm32l1xx_dma.o)
 .debug_info    0x0000000000002195      0x338 ../../Libraries/libstm32l1.a(stm32l1xx_exti.o)
 .debug_info    0x00000000000024cd      0x7bd ../../Libraries/libstm32l1.a(stm32l1xx_gpio.o)
 .debug_info    0x0000000000002c8a      0x526 ../../Libraries/libstm32l1.a(misc.o)
 .debug_info    0x00000000000031b0      0xa93 ../../Libraries/libstm32l1.a(stm32l1xx_rcc.o)
 .debug_info    0x0000000000003c43      0x453 ../../Libraries/libstm32l1.a(stm32l1xx_syscfg.o)
 .debug_info    0x0000000000004096     0x20b8 ../../Libraries/libstm32l1.a(stm32l1xx_tim.o)

.debug_abbrev   0x0000000000000000     0x129f
 *(.debug_abbrev)
 .debug_abbrev  0x0000000000000000      0x1fa /var/folders/8f/zhq2rlhx6sl47y8ztwk74bcr0000gn/T//ccN74MyT.o
 .debug_abbrev  0x00000000000001fa      0x15f /var/folders/8f/zhq2rlhx6sl47y8ztwk74bcr0000gn/T//cc7oEbWX.o
 .debug_abbrev  0x0000000000000359       0x12 /var/folders/8f/zhq2rlhx6sl47y8ztwk74bcr0000gn/T//ccd1GYqg.o
 .debug_abbrev  0x000000000000036b      0x1cf ../../Libraries/libstm32l1.a(stm32l1xx_dac.o)
 .debug_abbrev  0x000000000000053a      0x166 ../../Libraries/libstm32l1.a(stm32l1xx_dma.o)
 .debug_abbrev  0x00000000000006a0      0x1c5 ../../Libraries/libstm32l1.a(stm32l1xx_exti.o)
 .debug_abbrev  0x0000000000000865      0x1e5 ../../Libraries/libstm32l1.a(stm32l1xx_gpio.o)
 .debug_abbrev  0x0000000000000a4a      0x156 ../../Libraries/libstm32l1.a(misc.o)
 .debug_abbrev  0x0000000000000ba0      0x29a ../../Libraries/libstm32l1.a(stm32l1xx_rcc.o)
 .debug_abbrev  0x0000000000000e3a      0x1ba ../../Libraries/libstm32l1.a(stm32l1xx_syscfg.o)
 .debug_abbrev  0x0000000000000ff4      0x2ab ../../Libraries/libstm32l1.a(stm32l1xx_tim.o)

.debug_line     0x0000000000000000     0x1a3b
 *(.debug_line)
 .debug_line    0x0000000000000000      0x332 /var/folders/8f/zhq2rlhx6sl47y8ztwk74bcr0000gn/T//ccN74MyT.o
 .debug_line    0x0000000000000332      0x1d4 /var/folders/8f/zhq2rlhx6sl47y8ztwk74bcr0000gn/T//cc7oEbWX.o
 .debug_line    0x0000000000000506       0x80 /var/folders/8f/zhq2rlhx6sl47y8ztwk74bcr0000gn/T//ccd1GYqg.o
 .debug_line    0x0000000000000586      0x207 ../../Libraries/libstm32l1.a(stm32l1xx_dac.o)
 .debug_line    0x000000000000078d      0x1ee ../../Libraries/libstm32l1.a(stm32l1xx_dma.o)
 .debug_line    0x000000000000097b      0x1a5 ../../Libraries/libstm32l1.a(stm32l1xx_exti.o)
 .debug_line    0x0000000000000b20      0x20b ../../Libraries/libstm32l1.a(stm32l1xx_gpio.o)
 .debug_line    0x0000000000000d2b      0x164 ../../Libraries/libstm32l1.a(misc.o)
 .debug_line    0x0000000000000e8f      0x30d ../../Libraries/libstm32l1.a(stm32l1xx_rcc.o)
 .debug_line    0x000000000000119c      0x209 ../../Libraries/libstm32l1.a(stm32l1xx_syscfg.o)
 .debug_line    0x00000000000013a5      0x696 ../../Libraries/libstm32l1.a(stm32l1xx_tim.o)

.debug_frame    0x0000000000000000      0xe9c
 *(.debug_frame)
 .debug_frame   0x0000000000000000       0xb4 /var/folders/8f/zhq2rlhx6sl47y8ztwk74bcr0000gn/T//ccN74MyT.o
 .debug_frame   0x00000000000000b4       0x4c /var/folders/8f/zhq2rlhx6sl47y8ztwk74bcr0000gn/T//cc7oEbWX.o
 .debug_frame   0x0000000000000100      0x140 ../../Libraries/libstm32l1.a(stm32l1xx_dac.o)
 .debug_frame   0x0000000000000240       0xc8 ../../Libraries/libstm32l1.a(stm32l1xx_dma.o)
 .debug_frame   0x0000000000000308       0x98 ../../Libraries/libstm32l1.a(stm32l1xx_exti.o)
 .debug_frame   0x00000000000003a0      0x120 ../../Libraries/libstm32l1.a(stm32l1xx_gpio.o)
 .debug_frame   0x00000000000004c0       0x60 ../../Libraries/libstm32l1.a(misc.o)
 .debug_frame   0x0000000000000520      0x288 ../../Libraries/libstm32l1.a(stm32l1xx_rcc.o)
 .debug_frame   0x00000000000007a8       0xf0 ../../Libraries/libstm32l1.a(stm32l1xx_syscfg.o)
 .debug_frame   0x0000000000000898      0x5b8 ../../Libraries/libstm32l1.a(stm32l1xx_tim.o)
 .debug_frame   0x0000000000000e50       0x20 /Users/nathanogates/Copy/Development/embedded/redux/gcc-arm/bin/../lib/gcc/arm-none-eabi/4.8.4/armv6-m/libgcc.a(_udivsi3.o)
 .debug_frame   0x0000000000000e70       0x2c /Users/nathanogates/Copy/Development/embedded/redux/gcc-arm/bin/../lib/gcc/arm-none-eabi/4.8.4/../../../../arm-none-eabi/lib/armv6-m/libg.a(lib_a-init.o)

.debug_str      0x0000000000000000     0x24bf
 *(.debug_str)
 .debug_str     0x0000000000000000      0xd0a /var/folders/8f/zhq2rlhx6sl47y8ztwk74bcr0000gn/T//ccN74MyT.o
                                        0xd74 (size before relaxing)
 .debug_str     0x0000000000000d0a      0x1a6 /var/folders/8f/zhq2rlhx6sl47y8ztwk74bcr0000gn/T//cc7oEbWX.o
                                        0x3c6 (size before relaxing)
 .debug_str     0x0000000000000eb0      0x29f ../../Libraries/libstm32l1.a(stm32l1xx_dac.o)
                                        0x45f (size before relaxing)
 .debug_str     0x000000000000114f      0x118 ../../Libraries/libstm32l1.a(stm32l1xx_dma.o)
                                        0x3c6 (size before relaxing)
 .debug_str     0x0000000000001267       0xb4 ../../Libraries/libstm32l1.a(stm32l1xx_exti.o)
                                        0x363 (size before relaxing)
 .debug_str     0x000000000000131b      0x155 ../../Libraries/libstm32l1.a(stm32l1xx_gpio.o)
                                        0x4e6 (size before relaxing)
 .debug_str     0x0000000000001470      0x13d ../../Libraries/libstm32l1.a(misc.o)
                                        0x3ce (size before relaxing)
 .debug_str     0x00000000000015ad      0x3f5 ../../Libraries/libstm32l1.a(stm32l1xx_rcc.o)
                                        0x704 (size before relaxing)
 .debug_str     0x00000000000019a2      0x258 ../../Libraries/libstm32l1.a(stm32l1xx_syscfg.o)
                                        0x425 (size before relaxing)
 .debug_str     0x0000000000001bfa      0x8c5 ../../Libraries/libstm32l1.a(stm32l1xx_tim.o)
                                        0xc72 (size before relaxing)

.debug_loc      0x0000000000000000     0x41cd
 *(.debug_loc)
 .debug_loc     0x0000000000000000      0x119 /var/folders/8f/zhq2rlhx6sl47y8ztwk74bcr0000gn/T//cc7oEbWX.o
 .debug_loc     0x0000000000000119      0x5bf ../../Libraries/libstm32l1.a(stm32l1xx_dac.o)
 .debug_loc     0x00000000000006d8      0x20c ../../Libraries/libstm32l1.a(stm32l1xx_dma.o)
 .debug_loc     0x00000000000008e4      0x15e ../../Libraries/libstm32l1.a(stm32l1xx_exti.o)
 .debug_loc     0x0000000000000a42      0x38c ../../Libraries/libstm32l1.a(stm32l1xx_gpio.o)
 .debug_loc     0x0000000000000dce      0x18c ../../Libraries/libstm32l1.a(misc.o)
 .debug_loc     0x0000000000000f5a      0x98f ../../Libraries/libstm32l1.a(stm32l1xx_rcc.o)
 .debug_loc     0x00000000000018e9      0x4d7 ../../Libraries/libstm32l1.a(stm32l1xx_syscfg.o)
 .debug_loc     0x0000000000001dc0     0x240d ../../Libraries/libstm32l1.a(stm32l1xx_tim.o)

.debug_macinfo
 *(.debug_macinfo)

.debug_weaknames
 *(.debug_weaknames)

.debug_funcnames
 *(.debug_funcnames)

.debug_typenames
 *(.debug_typenames)

.debug_varnames
 *(.debug_varnames)
OUTPUT(main.elf elf32-littlearm)

.debug_ranges   0x0000000000000000      0x268
 .debug_ranges  0x0000000000000000       0x38 /var/folders/8f/zhq2rlhx6sl47y8ztwk74bcr0000gn/T//ccN74MyT.o
 .debug_ranges  0x0000000000000038       0x30 /var/folders/8f/zhq2rlhx6sl47y8ztwk74bcr0000gn/T//cc7oEbWX.o
 .debug_ranges  0x0000000000000068       0x20 /var/folders/8f/zhq2rlhx6sl47y8ztwk74bcr0000gn/T//ccd1GYqg.o
 .debug_ranges  0x0000000000000088       0x18 ../../Libraries/libstm32l1.a(stm32l1xx_rcc.o)
 .debug_ranges  0x00000000000000a0      0x1c8 ../../Libraries/libstm32l1.a(stm32l1xx_tim.o)
