Archive member included because of file (symbol)

../../Libraries/libstm32l1.a(stm32l1xx_dac.o)
                              /var/folders/8f/zhq2rlhx6sl47y8ztwk74bcr0000gn/T//ccBpbOfg.o (DAC_Init)
../../Libraries/libstm32l1.a(stm32l1xx_gpio.o)
                              /var/folders/8f/zhq2rlhx6sl47y8ztwk74bcr0000gn/T//ccBpbOfg.o (GPIO_Init)
../../Libraries/libstm32l1.a(stm32l1xx_rcc.o)
                              /var/folders/8f/zhq2rlhx6sl47y8ztwk74bcr0000gn/T//ccBpbOfg.o (RCC_AHBPeriphClockCmd)
/Users/nathanogates/Copy/Development/embedded/redux/gcc-arm/bin/../lib/gcc/arm-none-eabi/4.8.4/armv6-m/libgcc.a(_thumb1_case_uqi.o)
                              /var/folders/8f/zhq2rlhx6sl47y8ztwk74bcr0000gn/T//ccqyqi2F.o (__gnu_thumb1_case_uqi)
/Users/nathanogates/Copy/Development/embedded/redux/gcc-arm/bin/../lib/gcc/arm-none-eabi/4.8.4/armv6-m/libgcc.a(_udivsi3.o)
                              /var/folders/8f/zhq2rlhx6sl47y8ztwk74bcr0000gn/T//ccqyqi2F.o (__aeabi_uidiv)
/Users/nathanogates/Copy/Development/embedded/redux/gcc-arm/bin/../lib/gcc/arm-none-eabi/4.8.4/armv6-m/libgcc.a(_dvmd_tls.o)
                              /Users/nathanogates/Copy/Development/embedded/redux/gcc-arm/bin/../lib/gcc/arm-none-eabi/4.8.4/armv6-m/libgcc.a(_udivsi3.o) (__aeabi_idiv0)
/Users/nathanogates/Copy/Development/embedded/redux/gcc-arm/bin/../lib/gcc/arm-none-eabi/4.8.4/../../../../arm-none-eabi/lib/armv6-m/libg.a(lib_a-exit.o)
                              /Users/nathanogates/Copy/Development/embedded/redux/gcc-arm/bin/../lib/gcc/arm-none-eabi/4.8.4/../../../../arm-none-eabi/lib/armv6-m/crt0.o (exit)
/Users/nathanogates/Copy/Development/embedded/redux/gcc-arm/bin/../lib/gcc/arm-none-eabi/4.8.4/../../../../arm-none-eabi/lib/armv6-m/libg.a(lib_a-impure.o)
                              /Users/nathanogates/Copy/Development/embedded/redux/gcc-arm/bin/../lib/gcc/arm-none-eabi/4.8.4/../../../../arm-none-eabi/lib/armv6-m/libg.a(lib_a-exit.o) (_global_impure_ptr)
/Users/nathanogates/Copy/Development/embedded/redux/gcc-arm/bin/../lib/gcc/arm-none-eabi/4.8.4/../../../../arm-none-eabi/lib/armv6-m/libg.a(lib_a-init.o)
                              /Users/nathanogates/Copy/Development/embedded/redux/gcc-arm/bin/../lib/gcc/arm-none-eabi/4.8.4/../../../../arm-none-eabi/lib/armv6-m/crt0.o (__libc_init_array)
/Users/nathanogates/Copy/Development/embedded/redux/gcc-arm/bin/../lib/gcc/arm-none-eabi/4.8.4/../../../../arm-none-eabi/lib/armv6-m/libg.a(lib_a-memset.o)
                              /Users/nathanogates/Copy/Development/embedded/redux/gcc-arm/bin/../lib/gcc/arm-none-eabi/4.8.4/../../../../arm-none-eabi/lib/armv6-m/crt0.o (memset)
/Users/nathanogates/Copy/Development/embedded/redux/gcc-arm/bin/../lib/gcc/arm-none-eabi/4.8.4/../../../../arm-none-eabi/lib/armv6-m/libg.a(lib_a-__call_atexit.o)
                              /Users/nathanogates/Copy/Development/embedded/redux/gcc-arm/bin/../lib/gcc/arm-none-eabi/4.8.4/../../../../arm-none-eabi/lib/armv6-m/libg.a(lib_a-exit.o) (__call_exitprocs)
/Users/nathanogates/Copy/Development/embedded/redux/gcc-arm/bin/../lib/gcc/arm-none-eabi/4.8.4/../../../../arm-none-eabi/lib/armv6-m/libg.a(lib_a-atexit.o)
                              /Users/nathanogates/Copy/Development/embedded/redux/gcc-arm/bin/../lib/gcc/arm-none-eabi/4.8.4/../../../../arm-none-eabi/lib/armv6-m/libg.a(lib_a-__call_atexit.o) (atexit)
/Users/nathanogates/Copy/Development/embedded/redux/gcc-arm/bin/../lib/gcc/arm-none-eabi/4.8.4/../../../../arm-none-eabi/lib/armv6-m/libg.a(lib_a-fini.o)
                              /Users/nathanogates/Copy/Development/embedded/redux/gcc-arm/bin/../lib/gcc/arm-none-eabi/4.8.4/../../../../arm-none-eabi/lib/armv6-m/libg.a(lib_a-__call_atexit.o) (__libc_fini_array)
/Users/nathanogates/Copy/Development/embedded/redux/gcc-arm/bin/../lib/gcc/arm-none-eabi/4.8.4/../../../../arm-none-eabi/lib/armv6-m/libg.a(lib_a-__atexit.o)
                              /Users/nathanogates/Copy/Development/embedded/redux/gcc-arm/bin/../lib/gcc/arm-none-eabi/4.8.4/../../../../arm-none-eabi/lib/armv6-m/libg.a(lib_a-atexit.o) (__register_exitproc)

Discarded input sections

 .text          0x0000000000000000        0x0 /Users/nathanogates/Copy/Development/embedded/redux/gcc-arm/bin/../lib/gcc/arm-none-eabi/4.8.4/armv6-m/crti.o
 .data          0x0000000000000000        0x0 /Users/nathanogates/Copy/Development/embedded/redux/gcc-arm/bin/../lib/gcc/arm-none-eabi/4.8.4/armv6-m/crti.o
 .bss           0x0000000000000000        0x0 /Users/nathanogates/Copy/Development/embedded/redux/gcc-arm/bin/../lib/gcc/arm-none-eabi/4.8.4/armv6-m/crti.o
 .text          0x0000000000000000       0x60 /Users/nathanogates/Copy/Development/embedded/redux/gcc-arm/bin/../lib/gcc/arm-none-eabi/4.8.4/armv6-m/crtbegin.o
 .data          0x0000000000000000        0x4 /Users/nathanogates/Copy/Development/embedded/redux/gcc-arm/bin/../lib/gcc/arm-none-eabi/4.8.4/armv6-m/crtbegin.o
 .bss           0x0000000000000000       0x1c /Users/nathanogates/Copy/Development/embedded/redux/gcc-arm/bin/../lib/gcc/arm-none-eabi/4.8.4/armv6-m/crtbegin.o
 .init_array    0x0000000000000000        0x4 /Users/nathanogates/Copy/Development/embedded/redux/gcc-arm/bin/../lib/gcc/arm-none-eabi/4.8.4/armv6-m/crtbegin.o
 .fini_array    0x0000000000000000        0x4 /Users/nathanogates/Copy/Development/embedded/redux/gcc-arm/bin/../lib/gcc/arm-none-eabi/4.8.4/armv6-m/crtbegin.o
 .eh_frame      0x0000000000000000        0x0 /Users/nathanogates/Copy/Development/embedded/redux/gcc-arm/bin/../lib/gcc/arm-none-eabi/4.8.4/armv6-m/crtbegin.o
 .jcr           0x0000000000000000        0x0 /Users/nathanogates/Copy/Development/embedded/redux/gcc-arm/bin/../lib/gcc/arm-none-eabi/4.8.4/armv6-m/crtbegin.o
 .ARM.attributes
                0x0000000000000000       0x2c /Users/nathanogates/Copy/Development/embedded/redux/gcc-arm/bin/../lib/gcc/arm-none-eabi/4.8.4/armv6-m/crtbegin.o
 .text          0x0000000000000000       0x78 /Users/nathanogates/Copy/Development/embedded/redux/gcc-arm/bin/../lib/gcc/arm-none-eabi/4.8.4/../../../../arm-none-eabi/lib/armv6-m/crt0.o
 .data          0x0000000000000000        0x0 /Users/nathanogates/Copy/Development/embedded/redux/gcc-arm/bin/../lib/gcc/arm-none-eabi/4.8.4/../../../../arm-none-eabi/lib/armv6-m/crt0.o
 .bss           0x0000000000000000        0x0 /Users/nathanogates/Copy/Development/embedded/redux/gcc-arm/bin/../lib/gcc/arm-none-eabi/4.8.4/../../../../arm-none-eabi/lib/armv6-m/crt0.o
 .ARM.extab     0x0000000000000000        0x0 /Users/nathanogates/Copy/Development/embedded/redux/gcc-arm/bin/../lib/gcc/arm-none-eabi/4.8.4/../../../../arm-none-eabi/lib/armv6-m/crt0.o
 .ARM.exidx     0x0000000000000000        0x8 /Users/nathanogates/Copy/Development/embedded/redux/gcc-arm/bin/../lib/gcc/arm-none-eabi/4.8.4/../../../../arm-none-eabi/lib/armv6-m/crt0.o
 .ARM.attributes
                0x0000000000000000       0x1b /Users/nathanogates/Copy/Development/embedded/redux/gcc-arm/bin/../lib/gcc/arm-none-eabi/4.8.4/../../../../arm-none-eabi/lib/armv6-m/crt0.o
 .text          0x0000000000000000        0x0 /var/folders/8f/zhq2rlhx6sl47y8ztwk74bcr0000gn/T//ccBpbOfg.o
 .data          0x0000000000000000        0x0 /var/folders/8f/zhq2rlhx6sl47y8ztwk74bcr0000gn/T//ccBpbOfg.o
 .bss           0x0000000000000000        0x0 /var/folders/8f/zhq2rlhx6sl47y8ztwk74bcr0000gn/T//ccBpbOfg.o
 .text.delay    0x0000000000000000       0x1c /var/folders/8f/zhq2rlhx6sl47y8ztwk74bcr0000gn/T//ccBpbOfg.o
 .text          0x0000000000000000        0x0 /var/folders/8f/zhq2rlhx6sl47y8ztwk74bcr0000gn/T//ccqyqi2F.o
 .data          0x0000000000000000        0x0 /var/folders/8f/zhq2rlhx6sl47y8ztwk74bcr0000gn/T//ccqyqi2F.o
 .bss           0x0000000000000000        0x0 /var/folders/8f/zhq2rlhx6sl47y8ztwk74bcr0000gn/T//ccqyqi2F.o
 .text.SystemCoreClockUpdate
                0x0000000000000000       0x8c /var/folders/8f/zhq2rlhx6sl47y8ztwk74bcr0000gn/T//ccqyqi2F.o
 .data.PLLMulTable
                0x0000000000000000        0x9 /var/folders/8f/zhq2rlhx6sl47y8ztwk74bcr0000gn/T//ccqyqi2F.o
 .data.AHBPrescTable
                0x0000000000000000       0x10 /var/folders/8f/zhq2rlhx6sl47y8ztwk74bcr0000gn/T//ccqyqi2F.o
 .data.SystemCoreClock
                0x0000000000000000        0x4 /var/folders/8f/zhq2rlhx6sl47y8ztwk74bcr0000gn/T//ccqyqi2F.o
 .text          0x0000000000000000       0x14 /var/folders/8f/zhq2rlhx6sl47y8ztwk74bcr0000gn/T//ccsCfPYG.o
 .data          0x0000000000000000        0x0 /var/folders/8f/zhq2rlhx6sl47y8ztwk74bcr0000gn/T//ccsCfPYG.o
 .bss           0x0000000000000000        0x0 /var/folders/8f/zhq2rlhx6sl47y8ztwk74bcr0000gn/T//ccsCfPYG.o
 .data          0x0000000000000000        0x0 ../../Libraries/libstm32l1.a(stm32l1xx_dac.o)
 .bss           0x0000000000000000        0x0 ../../Libraries/libstm32l1.a(stm32l1xx_dac.o)
 .data          0x0000000000000000        0x0 ../../Libraries/libstm32l1.a(stm32l1xx_gpio.o)
 .bss           0x0000000000000000        0x0 ../../Libraries/libstm32l1.a(stm32l1xx_gpio.o)
 .bss           0x0000000000000000        0x0 ../../Libraries/libstm32l1.a(stm32l1xx_rcc.o)
 .text          0x0000000000000000       0x14 /Users/nathanogates/Copy/Development/embedded/redux/gcc-arm/bin/../lib/gcc/arm-none-eabi/4.8.4/armv6-m/libgcc.a(_thumb1_case_uqi.o)
 .data          0x0000000000000000        0x0 /Users/nathanogates/Copy/Development/embedded/redux/gcc-arm/bin/../lib/gcc/arm-none-eabi/4.8.4/armv6-m/libgcc.a(_thumb1_case_uqi.o)
 .bss           0x0000000000000000        0x0 /Users/nathanogates/Copy/Development/embedded/redux/gcc-arm/bin/../lib/gcc/arm-none-eabi/4.8.4/armv6-m/libgcc.a(_thumb1_case_uqi.o)
 .ARM.attributes
                0x0000000000000000       0x1e /Users/nathanogates/Copy/Development/embedded/redux/gcc-arm/bin/../lib/gcc/arm-none-eabi/4.8.4/armv6-m/libgcc.a(_thumb1_case_uqi.o)
 .data          0x0000000000000000        0x0 /Users/nathanogates/Copy/Development/embedded/redux/gcc-arm/bin/../lib/gcc/arm-none-eabi/4.8.4/armv6-m/libgcc.a(_udivsi3.o)
 .bss           0x0000000000000000        0x0 /Users/nathanogates/Copy/Development/embedded/redux/gcc-arm/bin/../lib/gcc/arm-none-eabi/4.8.4/armv6-m/libgcc.a(_udivsi3.o)
 .data          0x0000000000000000        0x0 /Users/nathanogates/Copy/Development/embedded/redux/gcc-arm/bin/../lib/gcc/arm-none-eabi/4.8.4/armv6-m/libgcc.a(_dvmd_tls.o)
 .bss           0x0000000000000000        0x0 /Users/nathanogates/Copy/Development/embedded/redux/gcc-arm/bin/../lib/gcc/arm-none-eabi/4.8.4/armv6-m/libgcc.a(_dvmd_tls.o)
 .text          0x0000000000000000        0x0 /Users/nathanogates/Copy/Development/embedded/redux/gcc-arm/bin/../lib/gcc/arm-none-eabi/4.8.4/../../../../arm-none-eabi/lib/armv6-m/libg.a(lib_a-exit.o)
 .data          0x0000000000000000        0x0 /Users/nathanogates/Copy/Development/embedded/redux/gcc-arm/bin/../lib/gcc/arm-none-eabi/4.8.4/../../../../arm-none-eabi/lib/armv6-m/libg.a(lib_a-exit.o)
 .bss           0x0000000000000000        0x0 /Users/nathanogates/Copy/Development/embedded/redux/gcc-arm/bin/../lib/gcc/arm-none-eabi/4.8.4/../../../../arm-none-eabi/lib/armv6-m/libg.a(lib_a-exit.o)
 .text.exit     0x0000000000000000       0x20 /Users/nathanogates/Copy/Development/embedded/redux/gcc-arm/bin/../lib/gcc/arm-none-eabi/4.8.4/../../../../arm-none-eabi/lib/armv6-m/libg.a(lib_a-exit.o)
 .ARM.attributes
                0x0000000000000000       0x2c /Users/nathanogates/Copy/Development/embedded/redux/gcc-arm/bin/../lib/gcc/arm-none-eabi/4.8.4/../../../../arm-none-eabi/lib/armv6-m/libg.a(lib_a-exit.o)
 .debug_frame   0x0000000000000000       0x28 /Users/nathanogates/Copy/Development/embedded/redux/gcc-arm/bin/../lib/gcc/arm-none-eabi/4.8.4/../../../../arm-none-eabi/lib/armv6-m/libg.a(lib_a-exit.o)
 .text          0x0000000000000000        0x0 /Users/nathanogates/Copy/Development/embedded/redux/gcc-arm/bin/../lib/gcc/arm-none-eabi/4.8.4/../../../../arm-none-eabi/lib/armv6-m/libg.a(lib_a-impure.o)
 .data          0x0000000000000000        0x0 /Users/nathanogates/Copy/Development/embedded/redux/gcc-arm/bin/../lib/gcc/arm-none-eabi/4.8.4/../../../../arm-none-eabi/lib/armv6-m/libg.a(lib_a-impure.o)
 .bss           0x0000000000000000        0x0 /Users/nathanogates/Copy/Development/embedded/redux/gcc-arm/bin/../lib/gcc/arm-none-eabi/4.8.4/../../../../arm-none-eabi/lib/armv6-m/libg.a(lib_a-impure.o)
 .data.impure_data
                0x0000000000000000      0x428 /Users/nathanogates/Copy/Development/embedded/redux/gcc-arm/bin/../lib/gcc/arm-none-eabi/4.8.4/../../../../arm-none-eabi/lib/armv6-m/libg.a(lib_a-impure.o)
 .data._impure_ptr
                0x0000000000000000        0x4 /Users/nathanogates/Copy/Development/embedded/redux/gcc-arm/bin/../lib/gcc/arm-none-eabi/4.8.4/../../../../arm-none-eabi/lib/armv6-m/libg.a(lib_a-impure.o)
 .rodata.str1.4
                0x0000000000000000        0x4 /Users/nathanogates/Copy/Development/embedded/redux/gcc-arm/bin/../lib/gcc/arm-none-eabi/4.8.4/../../../../arm-none-eabi/lib/armv6-m/libg.a(lib_a-impure.o)
 .rodata._global_impure_ptr
                0x0000000000000000        0x4 /Users/nathanogates/Copy/Development/embedded/redux/gcc-arm/bin/../lib/gcc/arm-none-eabi/4.8.4/../../../../arm-none-eabi/lib/armv6-m/libg.a(lib_a-impure.o)
 .ARM.attributes
                0x0000000000000000       0x2c /Users/nathanogates/Copy/Development/embedded/redux/gcc-arm/bin/../lib/gcc/arm-none-eabi/4.8.4/../../../../arm-none-eabi/lib/armv6-m/libg.a(lib_a-impure.o)
 .text          0x0000000000000000        0x0 /Users/nathanogates/Copy/Development/embedded/redux/gcc-arm/bin/../lib/gcc/arm-none-eabi/4.8.4/../../../../arm-none-eabi/lib/armv6-m/libg.a(lib_a-init.o)
 .data          0x0000000000000000        0x0 /Users/nathanogates/Copy/Development/embedded/redux/gcc-arm/bin/../lib/gcc/arm-none-eabi/4.8.4/../../../../arm-none-eabi/lib/armv6-m/libg.a(lib_a-init.o)
 .bss           0x0000000000000000        0x0 /Users/nathanogates/Copy/Development/embedded/redux/gcc-arm/bin/../lib/gcc/arm-none-eabi/4.8.4/../../../../arm-none-eabi/lib/armv6-m/libg.a(lib_a-init.o)
 .text          0x0000000000000000        0x0 /Users/nathanogates/Copy/Development/embedded/redux/gcc-arm/bin/../lib/gcc/arm-none-eabi/4.8.4/../../../../arm-none-eabi/lib/armv6-m/libg.a(lib_a-memset.o)
 .data          0x0000000000000000        0x0 /Users/nathanogates/Copy/Development/embedded/redux/gcc-arm/bin/../lib/gcc/arm-none-eabi/4.8.4/../../../../arm-none-eabi/lib/armv6-m/libg.a(lib_a-memset.o)
 .bss           0x0000000000000000        0x0 /Users/nathanogates/Copy/Development/embedded/redux/gcc-arm/bin/../lib/gcc/arm-none-eabi/4.8.4/../../../../arm-none-eabi/lib/armv6-m/libg.a(lib_a-memset.o)
 .text.memset   0x0000000000000000       0x9c /Users/nathanogates/Copy/Development/embedded/redux/gcc-arm/bin/../lib/gcc/arm-none-eabi/4.8.4/../../../../arm-none-eabi/lib/armv6-m/libg.a(lib_a-memset.o)
 .ARM.attributes
                0x0000000000000000       0x2c /Users/nathanogates/Copy/Development/embedded/redux/gcc-arm/bin/../lib/gcc/arm-none-eabi/4.8.4/../../../../arm-none-eabi/lib/armv6-m/libg.a(lib_a-memset.o)
 .debug_frame   0x0000000000000000       0x30 /Users/nathanogates/Copy/Development/embedded/redux/gcc-arm/bin/../lib/gcc/arm-none-eabi/4.8.4/../../../../arm-none-eabi/lib/armv6-m/libg.a(lib_a-memset.o)
 .text          0x0000000000000000        0x0 /Users/nathanogates/Copy/Development/embedded/redux/gcc-arm/bin/../lib/gcc/arm-none-eabi/4.8.4/../../../../arm-none-eabi/lib/armv6-m/libg.a(lib_a-__call_atexit.o)
 .data          0x0000000000000000        0x0 /Users/nathanogates/Copy/Development/embedded/redux/gcc-arm/bin/../lib/gcc/arm-none-eabi/4.8.4/../../../../arm-none-eabi/lib/armv6-m/libg.a(lib_a-__call_atexit.o)
 .bss           0x0000000000000000        0x0 /Users/nathanogates/Copy/Development/embedded/redux/gcc-arm/bin/../lib/gcc/arm-none-eabi/4.8.4/../../../../arm-none-eabi/lib/armv6-m/libg.a(lib_a-__call_atexit.o)
 .text.startup.register_fini
                0x0000000000000000       0x18 /Users/nathanogates/Copy/Development/embedded/redux/gcc-arm/bin/../lib/gcc/arm-none-eabi/4.8.4/../../../../arm-none-eabi/lib/armv6-m/libg.a(lib_a-__call_atexit.o)
 .init_array.00000
                0x0000000000000000        0x4 /Users/nathanogates/Copy/Development/embedded/redux/gcc-arm/bin/../lib/gcc/arm-none-eabi/4.8.4/../../../../arm-none-eabi/lib/armv6-m/libg.a(lib_a-__call_atexit.o)
 .text.__call_exitprocs
                0x0000000000000000      0x118 /Users/nathanogates/Copy/Development/embedded/redux/gcc-arm/bin/../lib/gcc/arm-none-eabi/4.8.4/../../../../arm-none-eabi/lib/armv6-m/libg.a(lib_a-__call_atexit.o)
 .ARM.attributes
                0x0000000000000000       0x2c /Users/nathanogates/Copy/Development/embedded/redux/gcc-arm/bin/../lib/gcc/arm-none-eabi/4.8.4/../../../../arm-none-eabi/lib/armv6-m/libg.a(lib_a-__call_atexit.o)
 .debug_frame   0x0000000000000000       0x54 /Users/nathanogates/Copy/Development/embedded/redux/gcc-arm/bin/../lib/gcc/arm-none-eabi/4.8.4/../../../../arm-none-eabi/lib/armv6-m/libg.a(lib_a-__call_atexit.o)
 .text          0x0000000000000000        0x0 /Users/nathanogates/Copy/Development/embedded/redux/gcc-arm/bin/../lib/gcc/arm-none-eabi/4.8.4/../../../../arm-none-eabi/lib/armv6-m/libg.a(lib_a-atexit.o)
 .data          0x0000000000000000        0x0 /Users/nathanogates/Copy/Development/embedded/redux/gcc-arm/bin/../lib/gcc/arm-none-eabi/4.8.4/../../../../arm-none-eabi/lib/armv6-m/libg.a(lib_a-atexit.o)
 .bss           0x0000000000000000        0x0 /Users/nathanogates/Copy/Development/embedded/redux/gcc-arm/bin/../lib/gcc/arm-none-eabi/4.8.4/../../../../arm-none-eabi/lib/armv6-m/libg.a(lib_a-atexit.o)
 .text.atexit   0x0000000000000000       0x10 /Users/nathanogates/Copy/Development/embedded/redux/gcc-arm/bin/../lib/gcc/arm-none-eabi/4.8.4/../../../../arm-none-eabi/lib/armv6-m/libg.a(lib_a-atexit.o)
 .ARM.attributes
                0x0000000000000000       0x2c /Users/nathanogates/Copy/Development/embedded/redux/gcc-arm/bin/../lib/gcc/arm-none-eabi/4.8.4/../../../../arm-none-eabi/lib/armv6-m/libg.a(lib_a-atexit.o)
 .debug_frame   0x0000000000000000       0x28 /Users/nathanogates/Copy/Development/embedded/redux/gcc-arm/bin/../lib/gcc/arm-none-eabi/4.8.4/../../../../arm-none-eabi/lib/armv6-m/libg.a(lib_a-atexit.o)
 .text          0x0000000000000000        0x0 /Users/nathanogates/Copy/Development/embedded/redux/gcc-arm/bin/../lib/gcc/arm-none-eabi/4.8.4/../../../../arm-none-eabi/lib/armv6-m/libg.a(lib_a-fini.o)
 .data          0x0000000000000000        0x0 /Users/nathanogates/Copy/Development/embedded/redux/gcc-arm/bin/../lib/gcc/arm-none-eabi/4.8.4/../../../../arm-none-eabi/lib/armv6-m/libg.a(lib_a-fini.o)
 .bss           0x0000000000000000        0x0 /Users/nathanogates/Copy/Development/embedded/redux/gcc-arm/bin/../lib/gcc/arm-none-eabi/4.8.4/../../../../arm-none-eabi/lib/armv6-m/libg.a(lib_a-fini.o)
 .text.__libc_fini_array
                0x0000000000000000       0x30 /Users/nathanogates/Copy/Development/embedded/redux/gcc-arm/bin/../lib/gcc/arm-none-eabi/4.8.4/../../../../arm-none-eabi/lib/armv6-m/libg.a(lib_a-fini.o)
 .ARM.attributes
                0x0000000000000000       0x2c /Users/nathanogates/Copy/Development/embedded/redux/gcc-arm/bin/../lib/gcc/arm-none-eabi/4.8.4/../../../../arm-none-eabi/lib/armv6-m/libg.a(lib_a-fini.o)
 .debug_frame   0x0000000000000000       0x2c /Users/nathanogates/Copy/Development/embedded/redux/gcc-arm/bin/../lib/gcc/arm-none-eabi/4.8.4/../../../../arm-none-eabi/lib/armv6-m/libg.a(lib_a-fini.o)
 .text          0x0000000000000000        0x0 /Users/nathanogates/Copy/Development/embedded/redux/gcc-arm/bin/../lib/gcc/arm-none-eabi/4.8.4/../../../../arm-none-eabi/lib/armv6-m/libg.a(lib_a-__atexit.o)
 .data          0x0000000000000000        0x0 /Users/nathanogates/Copy/Development/embedded/redux/gcc-arm/bin/../lib/gcc/arm-none-eabi/4.8.4/../../../../arm-none-eabi/lib/armv6-m/libg.a(lib_a-__atexit.o)
 .bss           0x0000000000000000        0x0 /Users/nathanogates/Copy/Development/embedded/redux/gcc-arm/bin/../lib/gcc/arm-none-eabi/4.8.4/../../../../arm-none-eabi/lib/armv6-m/libg.a(lib_a-__atexit.o)
 .text.__register_exitproc
                0x0000000000000000       0xc0 /Users/nathanogates/Copy/Development/embedded/redux/gcc-arm/bin/../lib/gcc/arm-none-eabi/4.8.4/../../../../arm-none-eabi/lib/armv6-m/libg.a(lib_a-__atexit.o)
 .ARM.attributes
                0x0000000000000000       0x2c /Users/nathanogates/Copy/Development/embedded/redux/gcc-arm/bin/../lib/gcc/arm-none-eabi/4.8.4/../../../../arm-none-eabi/lib/armv6-m/libg.a(lib_a-__atexit.o)
 .debug_frame   0x0000000000000000       0x38 /Users/nathanogates/Copy/Development/embedded/redux/gcc-arm/bin/../lib/gcc/arm-none-eabi/4.8.4/../../../../arm-none-eabi/lib/armv6-m/libg.a(lib_a-__atexit.o)
 .text          0x0000000000000000        0x0 /Users/nathanogates/Copy/Development/embedded/redux/gcc-arm/bin/../lib/gcc/arm-none-eabi/4.8.4/armv6-m/crtend.o
 .data          0x0000000000000000        0x0 /Users/nathanogates/Copy/Development/embedded/redux/gcc-arm/bin/../lib/gcc/arm-none-eabi/4.8.4/armv6-m/crtend.o
 .bss           0x0000000000000000        0x0 /Users/nathanogates/Copy/Development/embedded/redux/gcc-arm/bin/../lib/gcc/arm-none-eabi/4.8.4/armv6-m/crtend.o
 .eh_frame      0x0000000000000000        0x4 /Users/nathanogates/Copy/Development/embedded/redux/gcc-arm/bin/../lib/gcc/arm-none-eabi/4.8.4/armv6-m/crtend.o
 .jcr           0x0000000000000000        0x4 /Users/nathanogates/Copy/Development/embedded/redux/gcc-arm/bin/../lib/gcc/arm-none-eabi/4.8.4/armv6-m/crtend.o
 .ARM.attributes
                0x0000000000000000       0x2c /Users/nathanogates/Copy/Development/embedded/redux/gcc-arm/bin/../lib/gcc/arm-none-eabi/4.8.4/armv6-m/crtend.o
 .text          0x0000000000000000        0x0 /Users/nathanogates/Copy/Development/embedded/redux/gcc-arm/bin/../lib/gcc/arm-none-eabi/4.8.4/armv6-m/crtn.o
 .data          0x0000000000000000        0x0 /Users/nathanogates/Copy/Development/embedded/redux/gcc-arm/bin/../lib/gcc/arm-none-eabi/4.8.4/armv6-m/crtn.o
 .bss           0x0000000000000000        0x0 /Users/nathanogates/Copy/Development/embedded/redux/gcc-arm/bin/../lib/gcc/arm-none-eabi/4.8.4/armv6-m/crtn.o

Memory Configuration

Name             Origin             Length             Attributes
FLASH            0x0000000008000000 0x0000000000020000 xr
RAM              0x0000000020000000 0x0000000000004000 xrw
*default*        0x0000000000000000 0xffffffffffffffff

Linker script and memory map

LOAD /Users/nathanogates/Copy/Development/embedded/redux/gcc-arm/bin/../lib/gcc/arm-none-eabi/4.8.4/armv6-m/crti.o
LOAD /Users/nathanogates/Copy/Development/embedded/redux/gcc-arm/bin/../lib/gcc/arm-none-eabi/4.8.4/armv6-m/crtbegin.o
LOAD /Users/nathanogates/Copy/Development/embedded/redux/gcc-arm/bin/../lib/gcc/arm-none-eabi/4.8.4/../../../../arm-none-eabi/lib/armv6-m/crt0.o
LOAD /var/folders/8f/zhq2rlhx6sl47y8ztwk74bcr0000gn/T//ccBpbOfg.o
LOAD /var/folders/8f/zhq2rlhx6sl47y8ztwk74bcr0000gn/T//ccqyqi2F.o
LOAD /var/folders/8f/zhq2rlhx6sl47y8ztwk74bcr0000gn/T//ccsCfPYG.o
LOAD ../../Libraries/libstm32l1.a
START GROUP
LOAD /Users/nathanogates/Copy/Development/embedded/redux/gcc-arm/bin/../lib/gcc/arm-none-eabi/4.8.4/armv6-m/libgcc.a
LOAD /Users/nathanogates/Copy/Development/embedded/redux/gcc-arm/bin/../lib/gcc/arm-none-eabi/4.8.4/../../../../arm-none-eabi/lib/armv6-m/libg.a
LOAD /Users/nathanogates/Copy/Development/embedded/redux/gcc-arm/bin/../lib/gcc/arm-none-eabi/4.8.4/../../../../arm-none-eabi/lib/armv6-m/libc.a
END GROUP
LOAD /Users/nathanogates/Copy/Development/embedded/redux/gcc-arm/bin/../lib/gcc/arm-none-eabi/4.8.4/armv6-m/crtend.o
LOAD /Users/nathanogates/Copy/Development/embedded/redux/gcc-arm/bin/../lib/gcc/arm-none-eabi/4.8.4/armv6-m/crtn.o
                0x0000000020002000                _estack = 0x20002000

.isr_vector     0x0000000008000000      0x10c
                0x0000000008000000                . = ALIGN (0x4)
 *(.isr_vector)
 .isr_vector    0x0000000008000000      0x10c /var/folders/8f/zhq2rlhx6sl47y8ztwk74bcr0000gn/T//ccsCfPYG.o
                0x0000000008000000                g_pfnVectors
                0x000000000800010c                . = ALIGN (0x4)

.text           0x000000000800010c      0xb0c
                0x000000000800010c                . = ALIGN (0x4)
 *(.text)
 .text          0x000000000800010c      0x1f0 ../../Libraries/libstm32l1.a(stm32l1xx_dac.o)
                0x000000000800010c                DAC_DeInit
                0x0000000008000124                DAC_Init
                0x0000000008000154                DAC_StructInit
                0x0000000008000160                DAC_Cmd
                0x0000000008000184                DAC_SoftwareTriggerCmd
                0x00000000080001a8                DAC_DualSoftwareTriggerCmd
                0x00000000080001c8                DAC_WaveGenerationCmd
                0x00000000080001e8                DAC_SetChannel1Data
                0x0000000008000208                DAC_SetChannel2Data
                0x0000000008000228                DAC_SetDualChannelData
                0x0000000008000244                DAC_GetDataOutputValue
                0x0000000008000268                DAC_DMACmd
                0x0000000008000290                DAC_ITConfig
                0x00000000080002b0                DAC_GetFlagStatus
                0x00000000080002c8                DAC_ClearFlag
                0x00000000080002d4                DAC_GetITStatus
                0x00000000080002f0                DAC_ClearITPendingBit
 .text          0x00000000080002fc      0x23c ../../Libraries/libstm32l1.a(stm32l1xx_gpio.o)
                0x00000000080002fc                GPIO_DeInit
                0x00000000080003e0                GPIO_Init
                0x0000000008000490                GPIO_StructInit
                0x00000000080004a4                GPIO_PinLockConfig
                0x00000000080004c8                GPIO_ReadInputDataBit
                0x00000000080004d4                GPIO_ReadInputData
                0x00000000080004dc                GPIO_ReadOutputDataBit
                0x00000000080004e8                GPIO_ReadOutputData
                0x00000000080004f0                GPIO_SetBits
                0x00000000080004f4                GPIO_ResetBits
                0x00000000080004f8                GPIO_WriteBit
                0x0000000008000504                GPIO_Write
                0x0000000008000508                GPIO_ToggleBits
                0x0000000008000514                GPIO_PinAFConfig
 .text          0x0000000008000538      0x404 ../../Libraries/libstm32l1.a(stm32l1xx_rcc.o)
                0x0000000008000538                RCC_DeInit
                0x0000000008000580                RCC_HSEConfig
                0x0000000008000590                RCC_WaitForHSEStartUp
                0x00000000080005cc                RCC_AdjustMSICalibrationValue
                0x00000000080005d8                RCC_MSIRangeConfig
                0x00000000080005f0                RCC_MSICmd
                0x00000000080005fc                RCC_AdjustHSICalibrationValue
                0x0000000008000614                RCC_HSICmd
                0x0000000008000620                RCC_LSEConfig
                0x0000000008000630                RCC_LSICmd
                0x000000000800063c                RCC_PLLConfig
                0x000000000800064c                RCC_PLLCmd
                0x0000000008000658                RCC_ClockSecuritySystemCmd
                0x0000000008000664                RCC_LSEClockSecuritySystemCmd
                0x0000000008000670                RCC_MCOConfig
                0x000000000800067c                RCC_SYSCLKConfig
                0x0000000008000690                RCC_GetSYSCLKSource
                0x00000000080006a0                RCC_HCLKConfig
                0x00000000080006b4                RCC_PCLK1Config
                0x00000000080006cc                RCC_PCLK2Config
                0x00000000080006e4                RCC_GetClocksFreq
                0x000000000800079c                RCC_RTCCLKConfig
                0x00000000080007dc                RCC_RTCCLKCmd
                0x00000000080007e8                RCC_RTCResetCmd
                0x00000000080007f4                RCC_AHBPeriphClockCmd
                0x000000000800080c                RCC_APB2PeriphClockCmd
                0x0000000008000824                RCC_APB1PeriphClockCmd
                0x000000000800083c                RCC_AHBPeriphResetCmd
                0x0000000008000854                RCC_APB2PeriphResetCmd
                0x000000000800086c                RCC_APB1PeriphResetCmd
                0x0000000008000884                RCC_AHBPeriphClockLPModeCmd
                0x000000000800089c                RCC_APB2PeriphClockLPModeCmd
                0x00000000080008b4                RCC_APB1PeriphClockLPModeCmd
                0x00000000080008cc                RCC_ITConfig
                0x00000000080008e4                RCC_GetFlagStatus
                0x0000000008000908                RCC_ClearFlag
                0x000000000800091c                RCC_GetITStatus
                0x0000000008000930                RCC_ClearITPendingBit
 .text          0x000000000800093c       0x9c /Users/nathanogates/Copy/Development/embedded/redux/gcc-arm/bin/../lib/gcc/arm-none-eabi/4.8.4/armv6-m/libgcc.a(_udivsi3.o)
                0x000000000800093c                __udivsi3
                0x000000000800093c                __aeabi_uidiv
                0x00000000080009c4                __aeabi_uidivmod
 .text          0x00000000080009d8        0x4 /Users/nathanogates/Copy/Development/embedded/redux/gcc-arm/bin/../lib/gcc/arm-none-eabi/4.8.4/armv6-m/libgcc.a(_dvmd_tls.o)
                0x00000000080009d8                __aeabi_ldiv0
                0x00000000080009d8                __aeabi_idiv0
 *(.text.*)
 .text.DAC_PreConfig
                0x00000000080009dc       0x5c /var/folders/8f/zhq2rlhx6sl47y8ztwk74bcr0000gn/T//ccBpbOfg.o
                0x00000000080009dc                DAC_PreConfig
 .text.startup.main
                0x0000000008000a38       0x18 /var/folders/8f/zhq2rlhx6sl47y8ztwk74bcr0000gn/T//ccBpbOfg.o
                0x0000000008000a38                main
 .text.SystemInit
                0x0000000008000a50      0x114 /var/folders/8f/zhq2rlhx6sl47y8ztwk74bcr0000gn/T//ccqyqi2F.o
                0x0000000008000a50                SystemInit
 .text.Reset_Handler
                0x0000000008000b64       0x50 /var/folders/8f/zhq2rlhx6sl47y8ztwk74bcr0000gn/T//ccsCfPYG.o
                0x0000000008000b64                Reset_Handler
 .text.Default_Handler
                0x0000000008000bb4        0x4 /var/folders/8f/zhq2rlhx6sl47y8ztwk74bcr0000gn/T//ccsCfPYG.o
                0x0000000008000bb4                I2C1_ER_IRQHandler
                0x0000000008000bb4                EXTI2_IRQHandler
                0x0000000008000bb4                DebugMon_Handler
                0x0000000008000bb4                HardFault_Handler
                0x0000000008000bb4                TIM10_IRQHandler
                0x0000000008000bb4                USB_HP_IRQHandler
                0x0000000008000bb4                TIM6_IRQHandler
                0x0000000008000bb4                SysTick_Handler
                0x0000000008000bb4                PVD_IRQHandler
                0x0000000008000bb4                PendSV_Handler
                0x0000000008000bb4                NMI_Handler
                0x0000000008000bb4                EXTI3_IRQHandler
                0x0000000008000bb4                EXTI0_IRQHandler
                0x0000000008000bb4                I2C2_EV_IRQHandler
                0x0000000008000bb4                UsageFault_Handler
                0x0000000008000bb4                SPI1_IRQHandler
                0x0000000008000bb4                USB_FS_WKUP_IRQHandler
                0x0000000008000bb4                DMA1_Channel4_IRQHandler
                0x0000000008000bb4                ADC1_IRQHandler
                0x0000000008000bb4                USART3_IRQHandler
                0x0000000008000bb4                DMA1_Channel7_IRQHandler
                0x0000000008000bb4                LCD_IRQHandler
                0x0000000008000bb4                TIM4_IRQHandler
                0x0000000008000bb4                I2C1_EV_IRQHandler
                0x0000000008000bb4                DMA1_Channel6_IRQHandler
                0x0000000008000bb4                TIM3_IRQHandler
                0x0000000008000bb4                RCC_IRQHandler
                0x0000000008000bb4                DMA1_Channel1_IRQHandler
                0x0000000008000bb4                Default_Handler
                0x0000000008000bb4                EXTI15_10_IRQHandler
                0x0000000008000bb4                TIM7_IRQHandler
                0x0000000008000bb4                EXTI9_5_IRQHandler
                0x0000000008000bb4                TIM9_IRQHandler
                0x0000000008000bb4                TAMPER_STAMP_IRQHandler
                0x0000000008000bb4                RTC_WKUP_IRQHandler
                0x0000000008000bb4                SPI2_IRQHandler
                0x0000000008000bb4                MemManage_Handler
                0x0000000008000bb4                SVC_Handler
                0x0000000008000bb4                DMA1_Channel5_IRQHandler
                0x0000000008000bb4                USB_LP_IRQHandler
                0x0000000008000bb4                EXTI4_IRQHandler
                0x0000000008000bb4                DMA1_Channel3_IRQHandler
                0x0000000008000bb4                COMP_IRQHandler
                0x0000000008000bb4                WWDG_IRQHandler
                0x0000000008000bb4                TIM2_IRQHandler
                0x0000000008000bb4                DAC_IRQHandler
                0x0000000008000bb4                EXTI1_IRQHandler
                0x0000000008000bb4                TIM11_IRQHandler
                0x0000000008000bb4                USART2_IRQHandler
                0x0000000008000bb4                I2C2_ER_IRQHandler
                0x0000000008000bb4                DMA1_Channel2_IRQHandler
                0x0000000008000bb4                FLASH_IRQHandler
                0x0000000008000bb4                BusFault_Handler
                0x0000000008000bb4                USART1_IRQHandler
                0x0000000008000bb4                RTC_Alarm_IRQHandler
 .text.__libc_init_array
                0x0000000008000bb8       0x48 /Users/nathanogates/Copy/Development/embedded/redux/gcc-arm/bin/../lib/gcc/arm-none-eabi/4.8.4/../../../../arm-none-eabi/lib/armv6-m/libg.a(lib_a-init.o)
                0x0000000008000bb8                __libc_init_array
 *(.rodata)
 *(.rodata*)
 *(.glue_7)
 .glue_7        0x0000000000000000        0x0 linker stubs
 *(.glue_7t)
 .glue_7t       0x0000000000000000        0x0 linker stubs
 *(.init)
 .init          0x0000000008000c00        0x4 /Users/nathanogates/Copy/Development/embedded/redux/gcc-arm/bin/../lib/gcc/arm-none-eabi/4.8.4/armv6-m/crti.o
                0x0000000008000c00                _init
 .init          0x0000000008000c04        0x8 /Users/nathanogates/Copy/Development/embedded/redux/gcc-arm/bin/../lib/gcc/arm-none-eabi/4.8.4/armv6-m/crtn.o
 *(.fini)
 .fini          0x0000000008000c0c        0x4 /Users/nathanogates/Copy/Development/embedded/redux/gcc-arm/bin/../lib/gcc/arm-none-eabi/4.8.4/armv6-m/crti.o
                0x0000000008000c0c                _fini
 .fini          0x0000000008000c10        0x8 /Users/nathanogates/Copy/Development/embedded/redux/gcc-arm/bin/../lib/gcc/arm-none-eabi/4.8.4/armv6-m/crtn.o
                0x0000000008000c18                . = ALIGN (0x4)
                0x0000000008000c18                _etext = .
                0x0000000008000c18                _sidata = _etext

.vfp11_veneer   0x0000000008000c18        0x0
 .vfp11_veneer  0x0000000000000000        0x0 linker stubs

.v4_bx          0x0000000008000c18        0x0
 .v4_bx         0x0000000000000000        0x0 linker stubs

.iplt           0x0000000008000c18        0x0
 .iplt          0x0000000000000000        0x0 /Users/nathanogates/Copy/Development/embedded/redux/gcc-arm/bin/../lib/gcc/arm-none-eabi/4.8.4/armv6-m/crtbegin.o

.rel.dyn        0x0000000008000c18        0x0
 .rel.iplt      0x0000000000000000        0x0 /Users/nathanogates/Copy/Development/embedded/redux/gcc-arm/bin/../lib/gcc/arm-none-eabi/4.8.4/armv6-m/crtbegin.o

.data           0x0000000020000000       0x20 load address 0x0000000008000c18
                0x0000000020000000                . = ALIGN (0x4)
                0x0000000020000000                _sdata = .
                0x0000000020000000                _data = .
 *(.data)
 .data          0x0000000020000000       0x1c ../../Libraries/libstm32l1.a(stm32l1xx_rcc.o)
 *(.data.*)
 .data.ADCVal   0x000000002000001c        0x2 /var/folders/8f/zhq2rlhx6sl47y8ztwk74bcr0000gn/T//ccBpbOfg.o
                0x000000002000001c                ADCVal
 *(.RAMtext)
                0x0000000020000020                . = ALIGN (0x4)
 *fill*         0x000000002000001e        0x2 
                0x0000000020000020                _edata = .

.igot.plt       0x0000000020000020        0x0 load address 0x0000000008000c38
 .igot.plt      0x0000000000000000        0x0 /Users/nathanogates/Copy/Development/embedded/redux/gcc-arm/bin/../lib/gcc/arm-none-eabi/4.8.4/armv6-m/crtbegin.o

.bss            0x0000000020000020        0x0
                0x0000000020000020                . = ALIGN (0x4)
                0x0000000020000020                _sbss = .
                0x0000000020000020                _bss = .
 *(.bss)
 *(.bss.*)
 *(COMMON)
                0x0000000020000020                . = ALIGN (0x4)
                0x0000000020000020                _ebss = .
                0x0000000020000020                PROVIDE (end, _ebss)
                0x0000000020000020                PROVIDE (_end, _ebss)
                0x0000000020000020                __exidx_start = .
                0x0000000020000020                __exidx_end = .

/DISCARD/
 libc.a(*)
 libm.a(*)
 libgcc.a(*)

.stab
 *(.stab)

.stabstr
 *(.stabstr)

.stab.excl
 *(.stab.excl)

.stab.exclstr
 *(.stab.exclstr)

.stab.index
 *(.stab.index)

.stab.indexstr
 *(.stab.indexstr)

.comment        0x0000000000000000       0xe0
 *(.comment)
 .comment       0x0000000000000000       0x70 /var/folders/8f/zhq2rlhx6sl47y8ztwk74bcr0000gn/T//ccBpbOfg.o
                                         0x71 (size before relaxing)
 .comment       0x0000000000000000       0x71 /var/folders/8f/zhq2rlhx6sl47y8ztwk74bcr0000gn/T//ccqyqi2F.o
 .comment       0x0000000000000070       0x70 ../../Libraries/libstm32l1.a(stm32l1xx_dac.o)
                                         0x71 (size before relaxing)
 .comment       0x0000000000000000       0x71 ../../Libraries/libstm32l1.a(stm32l1xx_gpio.o)
 .comment       0x0000000000000000       0x71 ../../Libraries/libstm32l1.a(stm32l1xx_rcc.o)

.ARM.attributes
                0x0000000000000000       0x2d
 .ARM.attributes
                0x0000000000000000       0x1e /Users/nathanogates/Copy/Development/embedded/redux/gcc-arm/bin/../lib/gcc/arm-none-eabi/4.8.4/armv6-m/crti.o
 .ARM.attributes
                0x000000000000001e       0x31 /var/folders/8f/zhq2rlhx6sl47y8ztwk74bcr0000gn/T//ccBpbOfg.o
 .ARM.attributes
                0x000000000000004f       0x31 /var/folders/8f/zhq2rlhx6sl47y8ztwk74bcr0000gn/T//ccqyqi2F.o
 .ARM.attributes
                0x0000000000000080       0x21 /var/folders/8f/zhq2rlhx6sl47y8ztwk74bcr0000gn/T//ccsCfPYG.o
 .ARM.attributes
                0x00000000000000a1       0x31 ../../Libraries/libstm32l1.a(stm32l1xx_dac.o)
 .ARM.attributes
                0x00000000000000d2       0x31 ../../Libraries/libstm32l1.a(stm32l1xx_gpio.o)
 .ARM.attributes
                0x0000000000000103       0x31 ../../Libraries/libstm32l1.a(stm32l1xx_rcc.o)
 .ARM.attributes
                0x0000000000000134       0x1e /Users/nathanogates/Copy/Development/embedded/redux/gcc-arm/bin/../lib/gcc/arm-none-eabi/4.8.4/armv6-m/libgcc.a(_udivsi3.o)
 .ARM.attributes
                0x0000000000000152       0x1e /Users/nathanogates/Copy/Development/embedded/redux/gcc-arm/bin/../lib/gcc/arm-none-eabi/4.8.4/armv6-m/libgcc.a(_dvmd_tls.o)
 .ARM.attributes
                0x0000000000000170       0x2c /Users/nathanogates/Copy/Development/embedded/redux/gcc-arm/bin/../lib/gcc/arm-none-eabi/4.8.4/../../../../arm-none-eabi/lib/armv6-m/libg.a(lib_a-init.o)
 .ARM.attributes
                0x000000000000019c       0x1e /Users/nathanogates/Copy/Development/embedded/redux/gcc-arm/bin/../lib/gcc/arm-none-eabi/4.8.4/armv6-m/crtn.o

.debug
 *(.debug)

.line
 *(.line)

.debug_srcinfo
 *(.debug_srcinfo)

.debug_sfnames
 *(.debug_sfnames)

.debug_aranges  0x0000000000000000       0xe0
 *(.debug_aranges)
 .debug_aranges
                0x0000000000000000       0x30 /var/folders/8f/zhq2rlhx6sl47y8ztwk74bcr0000gn/T//ccBpbOfg.o
 .debug_aranges
                0x0000000000000030       0x28 /var/folders/8f/zhq2rlhx6sl47y8ztwk74bcr0000gn/T//ccqyqi2F.o
 .debug_aranges
                0x0000000000000058       0x28 /var/folders/8f/zhq2rlhx6sl47y8ztwk74bcr0000gn/T//ccsCfPYG.o
 .debug_aranges
                0x0000000000000080       0x20 ../../Libraries/libstm32l1.a(stm32l1xx_dac.o)
 .debug_aranges
                0x00000000000000a0       0x20 ../../Libraries/libstm32l1.a(stm32l1xx_gpio.o)
 .debug_aranges
                0x00000000000000c0       0x20 ../../Libraries/libstm32l1.a(stm32l1xx_rcc.o)

.debug_pubnames
 *(.debug_pubnames)

.debug_info     0x0000000000000000     0x23e3
 *(.debug_info .gnu.linkonce.wi.*)
 .debug_info    0x0000000000000000      0x511 /var/folders/8f/zhq2rlhx6sl47y8ztwk74bcr0000gn/T//ccBpbOfg.o
 .debug_info    0x0000000000000511      0x56b /var/folders/8f/zhq2rlhx6sl47y8ztwk74bcr0000gn/T//ccqyqi2F.o
 .debug_info    0x0000000000000a7c       0xa6 /var/folders/8f/zhq2rlhx6sl47y8ztwk74bcr0000gn/T//ccsCfPYG.o
 .debug_info    0x0000000000000b22      0x671 ../../Libraries/libstm32l1.a(stm32l1xx_dac.o)
 .debug_info    0x0000000000001193      0x7bd ../../Libraries/libstm32l1.a(stm32l1xx_gpio.o)
 .debug_info    0x0000000000001950      0xa93 ../../Libraries/libstm32l1.a(stm32l1xx_rcc.o)

.debug_abbrev   0x0000000000000000      0x96e
 *(.debug_abbrev)
 .debug_abbrev  0x0000000000000000      0x1af /var/folders/8f/zhq2rlhx6sl47y8ztwk74bcr0000gn/T//ccBpbOfg.o
 .debug_abbrev  0x00000000000001af      0x15f /var/folders/8f/zhq2rlhx6sl47y8ztwk74bcr0000gn/T//ccqyqi2F.o
 .debug_abbrev  0x000000000000030e       0x12 /var/folders/8f/zhq2rlhx6sl47y8ztwk74bcr0000gn/T//ccsCfPYG.o
 .debug_abbrev  0x0000000000000320      0x1cf ../../Libraries/libstm32l1.a(stm32l1xx_dac.o)
 .debug_abbrev  0x00000000000004ef      0x1e5 ../../Libraries/libstm32l1.a(stm32l1xx_gpio.o)
 .debug_abbrev  0x00000000000006d4      0x29a ../../Libraries/libstm32l1.a(stm32l1xx_rcc.o)

.debug_line     0x0000000000000000      0xb93
 *(.debug_line)
 .debug_line    0x0000000000000000      0x220 /var/folders/8f/zhq2rlhx6sl47y8ztwk74bcr0000gn/T//ccBpbOfg.o
 .debug_line    0x0000000000000220      0x1d4 /var/folders/8f/zhq2rlhx6sl47y8ztwk74bcr0000gn/T//ccqyqi2F.o
 .debug_line    0x00000000000003f4       0x80 /var/folders/8f/zhq2rlhx6sl47y8ztwk74bcr0000gn/T//ccsCfPYG.o
 .debug_line    0x0000000000000474      0x207 ../../Libraries/libstm32l1.a(stm32l1xx_dac.o)
 .debug_line    0x000000000000067b      0x20b ../../Libraries/libstm32l1.a(stm32l1xx_gpio.o)
 .debug_line    0x0000000000000886      0x30d ../../Libraries/libstm32l1.a(stm32l1xx_rcc.o)

.debug_frame    0x0000000000000000      0x5d8
 *(.debug_frame)
 .debug_frame   0x0000000000000000       0x58 /var/folders/8f/zhq2rlhx6sl47y8ztwk74bcr0000gn/T//ccBpbOfg.o
 .debug_frame   0x0000000000000058       0x4c /var/folders/8f/zhq2rlhx6sl47y8ztwk74bcr0000gn/T//ccqyqi2F.o
 .debug_frame   0x00000000000000a4      0x140 ../../Libraries/libstm32l1.a(stm32l1xx_dac.o)
 .debug_frame   0x00000000000001e4      0x120 ../../Libraries/libstm32l1.a(stm32l1xx_gpio.o)
 .debug_frame   0x0000000000000304      0x288 ../../Libraries/libstm32l1.a(stm32l1xx_rcc.o)
 .debug_frame   0x000000000000058c       0x20 /Users/nathanogates/Copy/Development/embedded/redux/gcc-arm/bin/../lib/gcc/arm-none-eabi/4.8.4/armv6-m/libgcc.a(_udivsi3.o)
 .debug_frame   0x00000000000005ac       0x2c /Users/nathanogates/Copy/Development/embedded/redux/gcc-arm/bin/../lib/gcc/arm-none-eabi/4.8.4/../../../../arm-none-eabi/lib/armv6-m/libg.a(lib_a-init.o)

.debug_str      0x0000000000000000      0xea4
 *(.debug_str)
 .debug_str     0x0000000000000000      0x470 /var/folders/8f/zhq2rlhx6sl47y8ztwk74bcr0000gn/T//ccBpbOfg.o
                                        0x4be (size before relaxing)
 .debug_str     0x0000000000000470      0x1b0 /var/folders/8f/zhq2rlhx6sl47y8ztwk74bcr0000gn/T//ccqyqi2F.o
                                        0x3bc (size before relaxing)
 .debug_str     0x0000000000000620      0x2dc ../../Libraries/libstm32l1.a(stm32l1xx_dac.o)
                                        0x45f (size before relaxing)
 .debug_str     0x00000000000008fc      0x195 ../../Libraries/libstm32l1.a(stm32l1xx_gpio.o)
                                        0x4e6 (size before relaxing)
 .debug_str     0x0000000000000a91      0x413 ../../Libraries/libstm32l1.a(stm32l1xx_rcc.o)
                                        0x704 (size before relaxing)

.debug_loc      0x0000000000000000     0x13f3
 *(.debug_loc)
 .debug_loc     0x0000000000000000      0x119 /var/folders/8f/zhq2rlhx6sl47y8ztwk74bcr0000gn/T//ccqyqi2F.o
 .debug_loc     0x0000000000000119      0x5bf ../../Libraries/libstm32l1.a(stm32l1xx_dac.o)
 .debug_loc     0x00000000000006d8      0x38c ../../Libraries/libstm32l1.a(stm32l1xx_gpio.o)
 .debug_loc     0x0000000000000a64      0x98f ../../Libraries/libstm32l1.a(stm32l1xx_rcc.o)

.debug_macinfo
 *(.debug_macinfo)

.debug_weaknames
 *(.debug_weaknames)

.debug_funcnames
 *(.debug_funcnames)

.debug_typenames
 *(.debug_typenames)

.debug_varnames
 *(.debug_varnames)
OUTPUT(main.elf elf32-littlearm)

.debug_ranges   0x0000000000000000       0x88
 .debug_ranges  0x0000000000000000       0x20 /var/folders/8f/zhq2rlhx6sl47y8ztwk74bcr0000gn/T//ccBpbOfg.o
 .debug_ranges  0x0000000000000020       0x30 /var/folders/8f/zhq2rlhx6sl47y8ztwk74bcr0000gn/T//ccqyqi2F.o
 .debug_ranges  0x0000000000000050       0x20 /var/folders/8f/zhq2rlhx6sl47y8ztwk74bcr0000gn/T//ccsCfPYG.o
 .debug_ranges  0x0000000000000070       0x18 ../../Libraries/libstm32l1.a(stm32l1xx_rcc.o)
