Archive member included because of file (symbol)

../../Libraries/libstm32l1.a(stm32l1xx_adc.o)
                              /var/folders/8f/zhq2rlhx6sl47y8ztwk74bcr0000gn/T//ccGa6SGe.o (ADC_Init)
../../Libraries/libstm32l1.a(stm32l1xx_gpio.o)
                              /var/folders/8f/zhq2rlhx6sl47y8ztwk74bcr0000gn/T//ccGa6SGe.o (GPIO_Init)
../../Libraries/libstm32l1.a(stm32l1xx_rcc.o)
                              /var/folders/8f/zhq2rlhx6sl47y8ztwk74bcr0000gn/T//ccGa6SGe.o (RCC_HSICmd)
../../Libraries/libstm32l1.a(stm32l1xx_tim.o)
                              /var/folders/8f/zhq2rlhx6sl47y8ztwk74bcr0000gn/T//ccGa6SGe.o (TIM_TimeBaseInit)
/Users/nathanogates/Development/embedded/redux/gcc-arm/bin/../lib/gcc/arm-none-eabi/4.8.4/armv6-m/libgcc.a(_thumb1_case_uqi.o)
                              /var/folders/8f/zhq2rlhx6sl47y8ztwk74bcr0000gn/T//cc9BHjEf.o (__gnu_thumb1_case_uqi)
/Users/nathanogates/Development/embedded/redux/gcc-arm/bin/../lib/gcc/arm-none-eabi/4.8.4/armv6-m/libgcc.a(_udivsi3.o)
                              /var/folders/8f/zhq2rlhx6sl47y8ztwk74bcr0000gn/T//ccGa6SGe.o (__aeabi_uidiv)
/Users/nathanogates/Development/embedded/redux/gcc-arm/bin/../lib/gcc/arm-none-eabi/4.8.4/armv6-m/libgcc.a(_dvmd_tls.o)
                              /Users/nathanogates/Development/embedded/redux/gcc-arm/bin/../lib/gcc/arm-none-eabi/4.8.4/armv6-m/libgcc.a(_udivsi3.o) (__aeabi_idiv0)
/Users/nathanogates/Development/embedded/redux/gcc-arm/bin/../lib/gcc/arm-none-eabi/4.8.4/../../../../arm-none-eabi/lib/armv6-m/libg.a(lib_a-exit.o)
                              /Users/nathanogates/Development/embedded/redux/gcc-arm/bin/../lib/gcc/arm-none-eabi/4.8.4/../../../../arm-none-eabi/lib/armv6-m/crt0.o (exit)
/Users/nathanogates/Development/embedded/redux/gcc-arm/bin/../lib/gcc/arm-none-eabi/4.8.4/../../../../arm-none-eabi/lib/armv6-m/libg.a(lib_a-impure.o)
                              /Users/nathanogates/Development/embedded/redux/gcc-arm/bin/../lib/gcc/arm-none-eabi/4.8.4/../../../../arm-none-eabi/lib/armv6-m/libg.a(lib_a-exit.o) (_global_impure_ptr)
/Users/nathanogates/Development/embedded/redux/gcc-arm/bin/../lib/gcc/arm-none-eabi/4.8.4/../../../../arm-none-eabi/lib/armv6-m/libg.a(lib_a-init.o)
                              /Users/nathanogates/Development/embedded/redux/gcc-arm/bin/../lib/gcc/arm-none-eabi/4.8.4/../../../../arm-none-eabi/lib/armv6-m/crt0.o (__libc_init_array)
/Users/nathanogates/Development/embedded/redux/gcc-arm/bin/../lib/gcc/arm-none-eabi/4.8.4/../../../../arm-none-eabi/lib/armv6-m/libg.a(lib_a-memset.o)
                              /Users/nathanogates/Development/embedded/redux/gcc-arm/bin/../lib/gcc/arm-none-eabi/4.8.4/../../../../arm-none-eabi/lib/armv6-m/crt0.o (memset)
/Users/nathanogates/Development/embedded/redux/gcc-arm/bin/../lib/gcc/arm-none-eabi/4.8.4/../../../../arm-none-eabi/lib/armv6-m/libg.a(lib_a-__call_atexit.o)
                              /Users/nathanogates/Development/embedded/redux/gcc-arm/bin/../lib/gcc/arm-none-eabi/4.8.4/../../../../arm-none-eabi/lib/armv6-m/libg.a(lib_a-exit.o) (__call_exitprocs)
/Users/nathanogates/Development/embedded/redux/gcc-arm/bin/../lib/gcc/arm-none-eabi/4.8.4/../../../../arm-none-eabi/lib/armv6-m/libg.a(lib_a-atexit.o)
                              /Users/nathanogates/Development/embedded/redux/gcc-arm/bin/../lib/gcc/arm-none-eabi/4.8.4/../../../../arm-none-eabi/lib/armv6-m/libg.a(lib_a-__call_atexit.o) (atexit)
/Users/nathanogates/Development/embedded/redux/gcc-arm/bin/../lib/gcc/arm-none-eabi/4.8.4/../../../../arm-none-eabi/lib/armv6-m/libg.a(lib_a-fini.o)
                              /Users/nathanogates/Development/embedded/redux/gcc-arm/bin/../lib/gcc/arm-none-eabi/4.8.4/../../../../arm-none-eabi/lib/armv6-m/libg.a(lib_a-__call_atexit.o) (__libc_fini_array)
/Users/nathanogates/Development/embedded/redux/gcc-arm/bin/../lib/gcc/arm-none-eabi/4.8.4/../../../../arm-none-eabi/lib/armv6-m/libg.a(lib_a-__atexit.o)
                              /Users/nathanogates/Development/embedded/redux/gcc-arm/bin/../lib/gcc/arm-none-eabi/4.8.4/../../../../arm-none-eabi/lib/armv6-m/libg.a(lib_a-atexit.o) (__register_exitproc)

Allocating common symbols
Common symbol       size              file

TIM_TimeBaseStructure
                    0xc               /var/folders/8f/zhq2rlhx6sl47y8ztwk74bcr0000gn/T//ccGa6SGe.o
ADC_InitStructure   0x18              /var/folders/8f/zhq2rlhx6sl47y8ztwk74bcr0000gn/T//ccGa6SGe.o
TIM_OCInitStructure
                    0xc               /var/folders/8f/zhq2rlhx6sl47y8ztwk74bcr0000gn/T//ccGa6SGe.o
GPIO_InitStructure  0x8               /var/folders/8f/zhq2rlhx6sl47y8ztwk74bcr0000gn/T//ccGa6SGe.o
ADC_CommonInitStructure
                    0x4               /var/folders/8f/zhq2rlhx6sl47y8ztwk74bcr0000gn/T//ccGa6SGe.o

Discarded input sections

 .text          0x0000000000000000        0x0 /Users/nathanogates/Development/embedded/redux/gcc-arm/bin/../lib/gcc/arm-none-eabi/4.8.4/armv6-m/crti.o
 .data          0x0000000000000000        0x0 /Users/nathanogates/Development/embedded/redux/gcc-arm/bin/../lib/gcc/arm-none-eabi/4.8.4/armv6-m/crti.o
 .bss           0x0000000000000000        0x0 /Users/nathanogates/Development/embedded/redux/gcc-arm/bin/../lib/gcc/arm-none-eabi/4.8.4/armv6-m/crti.o
 .text          0x0000000000000000       0x60 /Users/nathanogates/Development/embedded/redux/gcc-arm/bin/../lib/gcc/arm-none-eabi/4.8.4/armv6-m/crtbegin.o
 .data          0x0000000000000000        0x4 /Users/nathanogates/Development/embedded/redux/gcc-arm/bin/../lib/gcc/arm-none-eabi/4.8.4/armv6-m/crtbegin.o
 .bss           0x0000000000000000       0x1c /Users/nathanogates/Development/embedded/redux/gcc-arm/bin/../lib/gcc/arm-none-eabi/4.8.4/armv6-m/crtbegin.o
 .init_array    0x0000000000000000        0x4 /Users/nathanogates/Development/embedded/redux/gcc-arm/bin/../lib/gcc/arm-none-eabi/4.8.4/armv6-m/crtbegin.o
 .fini_array    0x0000000000000000        0x4 /Users/nathanogates/Development/embedded/redux/gcc-arm/bin/../lib/gcc/arm-none-eabi/4.8.4/armv6-m/crtbegin.o
 .eh_frame      0x0000000000000000        0x0 /Users/nathanogates/Development/embedded/redux/gcc-arm/bin/../lib/gcc/arm-none-eabi/4.8.4/armv6-m/crtbegin.o
 .jcr           0x0000000000000000        0x0 /Users/nathanogates/Development/embedded/redux/gcc-arm/bin/../lib/gcc/arm-none-eabi/4.8.4/armv6-m/crtbegin.o
 .ARM.attributes
                0x0000000000000000       0x2c /Users/nathanogates/Development/embedded/redux/gcc-arm/bin/../lib/gcc/arm-none-eabi/4.8.4/armv6-m/crtbegin.o
 .text          0x0000000000000000       0x78 /Users/nathanogates/Development/embedded/redux/gcc-arm/bin/../lib/gcc/arm-none-eabi/4.8.4/../../../../arm-none-eabi/lib/armv6-m/crt0.o
 .data          0x0000000000000000        0x0 /Users/nathanogates/Development/embedded/redux/gcc-arm/bin/../lib/gcc/arm-none-eabi/4.8.4/../../../../arm-none-eabi/lib/armv6-m/crt0.o
 .bss           0x0000000000000000        0x0 /Users/nathanogates/Development/embedded/redux/gcc-arm/bin/../lib/gcc/arm-none-eabi/4.8.4/../../../../arm-none-eabi/lib/armv6-m/crt0.o
 .ARM.extab     0x0000000000000000        0x0 /Users/nathanogates/Development/embedded/redux/gcc-arm/bin/../lib/gcc/arm-none-eabi/4.8.4/../../../../arm-none-eabi/lib/armv6-m/crt0.o
 .ARM.exidx     0x0000000000000000        0x8 /Users/nathanogates/Development/embedded/redux/gcc-arm/bin/../lib/gcc/arm-none-eabi/4.8.4/../../../../arm-none-eabi/lib/armv6-m/crt0.o
 .ARM.attributes
                0x0000000000000000       0x1b /Users/nathanogates/Development/embedded/redux/gcc-arm/bin/../lib/gcc/arm-none-eabi/4.8.4/../../../../arm-none-eabi/lib/armv6-m/crt0.o
 .text          0x0000000000000000        0x0 /var/folders/8f/zhq2rlhx6sl47y8ztwk74bcr0000gn/T//ccGa6SGe.o
 .data          0x0000000000000000        0x0 /var/folders/8f/zhq2rlhx6sl47y8ztwk74bcr0000gn/T//ccGa6SGe.o
 .bss           0x0000000000000000        0x0 /var/folders/8f/zhq2rlhx6sl47y8ztwk74bcr0000gn/T//ccGa6SGe.o
 .text          0x0000000000000000        0x0 /var/folders/8f/zhq2rlhx6sl47y8ztwk74bcr0000gn/T//cc9BHjEf.o
 .data          0x0000000000000000        0x0 /var/folders/8f/zhq2rlhx6sl47y8ztwk74bcr0000gn/T//cc9BHjEf.o
 .bss           0x0000000000000000        0x0 /var/folders/8f/zhq2rlhx6sl47y8ztwk74bcr0000gn/T//cc9BHjEf.o
 .text.SystemCoreClockUpdate
                0x0000000000000000       0x8c /var/folders/8f/zhq2rlhx6sl47y8ztwk74bcr0000gn/T//cc9BHjEf.o
 .data.PLLMulTable
                0x0000000000000000        0x9 /var/folders/8f/zhq2rlhx6sl47y8ztwk74bcr0000gn/T//cc9BHjEf.o
 .data.AHBPrescTable
                0x0000000000000000       0x10 /var/folders/8f/zhq2rlhx6sl47y8ztwk74bcr0000gn/T//cc9BHjEf.o
 .text          0x0000000000000000       0x14 /var/folders/8f/zhq2rlhx6sl47y8ztwk74bcr0000gn/T//cc73HuRH.o
 .data          0x0000000000000000        0x0 /var/folders/8f/zhq2rlhx6sl47y8ztwk74bcr0000gn/T//cc73HuRH.o
 .bss           0x0000000000000000        0x0 /var/folders/8f/zhq2rlhx6sl47y8ztwk74bcr0000gn/T//cc73HuRH.o
 .data          0x0000000000000000        0x0 ../../Libraries/libstm32l1.a(stm32l1xx_adc.o)
 .bss           0x0000000000000000        0x0 ../../Libraries/libstm32l1.a(stm32l1xx_adc.o)
 .data          0x0000000000000000        0x0 ../../Libraries/libstm32l1.a(stm32l1xx_gpio.o)
 .bss           0x0000000000000000        0x0 ../../Libraries/libstm32l1.a(stm32l1xx_gpio.o)
 .bss           0x0000000000000000        0x0 ../../Libraries/libstm32l1.a(stm32l1xx_rcc.o)
 .data          0x0000000000000000        0x0 ../../Libraries/libstm32l1.a(stm32l1xx_tim.o)
 .bss           0x0000000000000000        0x0 ../../Libraries/libstm32l1.a(stm32l1xx_tim.o)
 .text          0x0000000000000000       0x14 /Users/nathanogates/Development/embedded/redux/gcc-arm/bin/../lib/gcc/arm-none-eabi/4.8.4/armv6-m/libgcc.a(_thumb1_case_uqi.o)
 .data          0x0000000000000000        0x0 /Users/nathanogates/Development/embedded/redux/gcc-arm/bin/../lib/gcc/arm-none-eabi/4.8.4/armv6-m/libgcc.a(_thumb1_case_uqi.o)
 .bss           0x0000000000000000        0x0 /Users/nathanogates/Development/embedded/redux/gcc-arm/bin/../lib/gcc/arm-none-eabi/4.8.4/armv6-m/libgcc.a(_thumb1_case_uqi.o)
 .ARM.attributes
                0x0000000000000000       0x1e /Users/nathanogates/Development/embedded/redux/gcc-arm/bin/../lib/gcc/arm-none-eabi/4.8.4/armv6-m/libgcc.a(_thumb1_case_uqi.o)
 .data          0x0000000000000000        0x0 /Users/nathanogates/Development/embedded/redux/gcc-arm/bin/../lib/gcc/arm-none-eabi/4.8.4/armv6-m/libgcc.a(_udivsi3.o)
 .bss           0x0000000000000000        0x0 /Users/nathanogates/Development/embedded/redux/gcc-arm/bin/../lib/gcc/arm-none-eabi/4.8.4/armv6-m/libgcc.a(_udivsi3.o)
 .data          0x0000000000000000        0x0 /Users/nathanogates/Development/embedded/redux/gcc-arm/bin/../lib/gcc/arm-none-eabi/4.8.4/armv6-m/libgcc.a(_dvmd_tls.o)
 .bss           0x0000000000000000        0x0 /Users/nathanogates/Development/embedded/redux/gcc-arm/bin/../lib/gcc/arm-none-eabi/4.8.4/armv6-m/libgcc.a(_dvmd_tls.o)
 .text          0x0000000000000000        0x0 /Users/nathanogates/Development/embedded/redux/gcc-arm/bin/../lib/gcc/arm-none-eabi/4.8.4/../../../../arm-none-eabi/lib/armv6-m/libg.a(lib_a-exit.o)
 .data          0x0000000000000000        0x0 /Users/nathanogates/Development/embedded/redux/gcc-arm/bin/../lib/gcc/arm-none-eabi/4.8.4/../../../../arm-none-eabi/lib/armv6-m/libg.a(lib_a-exit.o)
 .bss           0x0000000000000000        0x0 /Users/nathanogates/Development/embedded/redux/gcc-arm/bin/../lib/gcc/arm-none-eabi/4.8.4/../../../../arm-none-eabi/lib/armv6-m/libg.a(lib_a-exit.o)
 .text.exit     0x0000000000000000       0x20 /Users/nathanogates/Development/embedded/redux/gcc-arm/bin/../lib/gcc/arm-none-eabi/4.8.4/../../../../arm-none-eabi/lib/armv6-m/libg.a(lib_a-exit.o)
 .ARM.attributes
                0x0000000000000000       0x2c /Users/nathanogates/Development/embedded/redux/gcc-arm/bin/../lib/gcc/arm-none-eabi/4.8.4/../../../../arm-none-eabi/lib/armv6-m/libg.a(lib_a-exit.o)
 .debug_frame   0x0000000000000000       0x28 /Users/nathanogates/Development/embedded/redux/gcc-arm/bin/../lib/gcc/arm-none-eabi/4.8.4/../../../../arm-none-eabi/lib/armv6-m/libg.a(lib_a-exit.o)
 .text          0x0000000000000000        0x0 /Users/nathanogates/Development/embedded/redux/gcc-arm/bin/../lib/gcc/arm-none-eabi/4.8.4/../../../../arm-none-eabi/lib/armv6-m/libg.a(lib_a-impure.o)
 .data          0x0000000000000000        0x0 /Users/nathanogates/Development/embedded/redux/gcc-arm/bin/../lib/gcc/arm-none-eabi/4.8.4/../../../../arm-none-eabi/lib/armv6-m/libg.a(lib_a-impure.o)
 .bss           0x0000000000000000        0x0 /Users/nathanogates/Development/embedded/redux/gcc-arm/bin/../lib/gcc/arm-none-eabi/4.8.4/../../../../arm-none-eabi/lib/armv6-m/libg.a(lib_a-impure.o)
 .data.impure_data
                0x0000000000000000      0x428 /Users/nathanogates/Development/embedded/redux/gcc-arm/bin/../lib/gcc/arm-none-eabi/4.8.4/../../../../arm-none-eabi/lib/armv6-m/libg.a(lib_a-impure.o)
 .data._impure_ptr
                0x0000000000000000        0x4 /Users/nathanogates/Development/embedded/redux/gcc-arm/bin/../lib/gcc/arm-none-eabi/4.8.4/../../../../arm-none-eabi/lib/armv6-m/libg.a(lib_a-impure.o)
 .rodata.str1.4
                0x0000000000000000        0x4 /Users/nathanogates/Development/embedded/redux/gcc-arm/bin/../lib/gcc/arm-none-eabi/4.8.4/../../../../arm-none-eabi/lib/armv6-m/libg.a(lib_a-impure.o)
 .rodata._global_impure_ptr
                0x0000000000000000        0x4 /Users/nathanogates/Development/embedded/redux/gcc-arm/bin/../lib/gcc/arm-none-eabi/4.8.4/../../../../arm-none-eabi/lib/armv6-m/libg.a(lib_a-impure.o)
 .ARM.attributes
                0x0000000000000000       0x2c /Users/nathanogates/Development/embedded/redux/gcc-arm/bin/../lib/gcc/arm-none-eabi/4.8.4/../../../../arm-none-eabi/lib/armv6-m/libg.a(lib_a-impure.o)
 .text          0x0000000000000000        0x0 /Users/nathanogates/Development/embedded/redux/gcc-arm/bin/../lib/gcc/arm-none-eabi/4.8.4/../../../../arm-none-eabi/lib/armv6-m/libg.a(lib_a-init.o)
 .data          0x0000000000000000        0x0 /Users/nathanogates/Development/embedded/redux/gcc-arm/bin/../lib/gcc/arm-none-eabi/4.8.4/../../../../arm-none-eabi/lib/armv6-m/libg.a(lib_a-init.o)
 .bss           0x0000000000000000        0x0 /Users/nathanogates/Development/embedded/redux/gcc-arm/bin/../lib/gcc/arm-none-eabi/4.8.4/../../../../arm-none-eabi/lib/armv6-m/libg.a(lib_a-init.o)
 .text          0x0000000000000000        0x0 /Users/nathanogates/Development/embedded/redux/gcc-arm/bin/../lib/gcc/arm-none-eabi/4.8.4/../../../../arm-none-eabi/lib/armv6-m/libg.a(lib_a-memset.o)
 .data          0x0000000000000000        0x0 /Users/nathanogates/Development/embedded/redux/gcc-arm/bin/../lib/gcc/arm-none-eabi/4.8.4/../../../../arm-none-eabi/lib/armv6-m/libg.a(lib_a-memset.o)
 .bss           0x0000000000000000        0x0 /Users/nathanogates/Development/embedded/redux/gcc-arm/bin/../lib/gcc/arm-none-eabi/4.8.4/../../../../arm-none-eabi/lib/armv6-m/libg.a(lib_a-memset.o)
 .text.memset   0x0000000000000000       0x9c /Users/nathanogates/Development/embedded/redux/gcc-arm/bin/../lib/gcc/arm-none-eabi/4.8.4/../../../../arm-none-eabi/lib/armv6-m/libg.a(lib_a-memset.o)
 .ARM.attributes
                0x0000000000000000       0x2c /Users/nathanogates/Development/embedded/redux/gcc-arm/bin/../lib/gcc/arm-none-eabi/4.8.4/../../../../arm-none-eabi/lib/armv6-m/libg.a(lib_a-memset.o)
 .debug_frame   0x0000000000000000       0x30 /Users/nathanogates/Development/embedded/redux/gcc-arm/bin/../lib/gcc/arm-none-eabi/4.8.4/../../../../arm-none-eabi/lib/armv6-m/libg.a(lib_a-memset.o)
 .text          0x0000000000000000        0x0 /Users/nathanogates/Development/embedded/redux/gcc-arm/bin/../lib/gcc/arm-none-eabi/4.8.4/../../../../arm-none-eabi/lib/armv6-m/libg.a(lib_a-__call_atexit.o)
 .data          0x0000000000000000        0x0 /Users/nathanogates/Development/embedded/redux/gcc-arm/bin/../lib/gcc/arm-none-eabi/4.8.4/../../../../arm-none-eabi/lib/armv6-m/libg.a(lib_a-__call_atexit.o)
 .bss           0x0000000000000000        0x0 /Users/nathanogates/Development/embedded/redux/gcc-arm/bin/../lib/gcc/arm-none-eabi/4.8.4/../../../../arm-none-eabi/lib/armv6-m/libg.a(lib_a-__call_atexit.o)
 .text.startup.register_fini
                0x0000000000000000       0x18 /Users/nathanogates/Development/embedded/redux/gcc-arm/bin/../lib/gcc/arm-none-eabi/4.8.4/../../../../arm-none-eabi/lib/armv6-m/libg.a(lib_a-__call_atexit.o)
 .init_array.00000
                0x0000000000000000        0x4 /Users/nathanogates/Development/embedded/redux/gcc-arm/bin/../lib/gcc/arm-none-eabi/4.8.4/../../../../arm-none-eabi/lib/armv6-m/libg.a(lib_a-__call_atexit.o)
 .text.__call_exitprocs
                0x0000000000000000      0x118 /Users/nathanogates/Development/embedded/redux/gcc-arm/bin/../lib/gcc/arm-none-eabi/4.8.4/../../../../arm-none-eabi/lib/armv6-m/libg.a(lib_a-__call_atexit.o)
 .ARM.attributes
                0x0000000000000000       0x2c /Users/nathanogates/Development/embedded/redux/gcc-arm/bin/../lib/gcc/arm-none-eabi/4.8.4/../../../../arm-none-eabi/lib/armv6-m/libg.a(lib_a-__call_atexit.o)
 .debug_frame   0x0000000000000000       0x54 /Users/nathanogates/Development/embedded/redux/gcc-arm/bin/../lib/gcc/arm-none-eabi/4.8.4/../../../../arm-none-eabi/lib/armv6-m/libg.a(lib_a-__call_atexit.o)
 .text          0x0000000000000000        0x0 /Users/nathanogates/Development/embedded/redux/gcc-arm/bin/../lib/gcc/arm-none-eabi/4.8.4/../../../../arm-none-eabi/lib/armv6-m/libg.a(lib_a-atexit.o)
 .data          0x0000000000000000        0x0 /Users/nathanogates/Development/embedded/redux/gcc-arm/bin/../lib/gcc/arm-none-eabi/4.8.4/../../../../arm-none-eabi/lib/armv6-m/libg.a(lib_a-atexit.o)
 .bss           0x0000000000000000        0x0 /Users/nathanogates/Development/embedded/redux/gcc-arm/bin/../lib/gcc/arm-none-eabi/4.8.4/../../../../arm-none-eabi/lib/armv6-m/libg.a(lib_a-atexit.o)
 .text.atexit   0x0000000000000000       0x10 /Users/nathanogates/Development/embedded/redux/gcc-arm/bin/../lib/gcc/arm-none-eabi/4.8.4/../../../../arm-none-eabi/lib/armv6-m/libg.a(lib_a-atexit.o)
 .ARM.attributes
                0x0000000000000000       0x2c /Users/nathanogates/Development/embedded/redux/gcc-arm/bin/../lib/gcc/arm-none-eabi/4.8.4/../../../../arm-none-eabi/lib/armv6-m/libg.a(lib_a-atexit.o)
 .debug_frame   0x0000000000000000       0x28 /Users/nathanogates/Development/embedded/redux/gcc-arm/bin/../lib/gcc/arm-none-eabi/4.8.4/../../../../arm-none-eabi/lib/armv6-m/libg.a(lib_a-atexit.o)
 .text          0x0000000000000000        0x0 /Users/nathanogates/Development/embedded/redux/gcc-arm/bin/../lib/gcc/arm-none-eabi/4.8.4/../../../../arm-none-eabi/lib/armv6-m/libg.a(lib_a-fini.o)
 .data          0x0000000000000000        0x0 /Users/nathanogates/Development/embedded/redux/gcc-arm/bin/../lib/gcc/arm-none-eabi/4.8.4/../../../../arm-none-eabi/lib/armv6-m/libg.a(lib_a-fini.o)
 .bss           0x0000000000000000        0x0 /Users/nathanogates/Development/embedded/redux/gcc-arm/bin/../lib/gcc/arm-none-eabi/4.8.4/../../../../arm-none-eabi/lib/armv6-m/libg.a(lib_a-fini.o)
 .text.__libc_fini_array
                0x0000000000000000       0x30 /Users/nathanogates/Development/embedded/redux/gcc-arm/bin/../lib/gcc/arm-none-eabi/4.8.4/../../../../arm-none-eabi/lib/armv6-m/libg.a(lib_a-fini.o)
 .ARM.attributes
                0x0000000000000000       0x2c /Users/nathanogates/Development/embedded/redux/gcc-arm/bin/../lib/gcc/arm-none-eabi/4.8.4/../../../../arm-none-eabi/lib/armv6-m/libg.a(lib_a-fini.o)
 .debug_frame   0x0000000000000000       0x2c /Users/nathanogates/Development/embedded/redux/gcc-arm/bin/../lib/gcc/arm-none-eabi/4.8.4/../../../../arm-none-eabi/lib/armv6-m/libg.a(lib_a-fini.o)
 .text          0x0000000000000000        0x0 /Users/nathanogates/Development/embedded/redux/gcc-arm/bin/../lib/gcc/arm-none-eabi/4.8.4/../../../../arm-none-eabi/lib/armv6-m/libg.a(lib_a-__atexit.o)
 .data          0x0000000000000000        0x0 /Users/nathanogates/Development/embedded/redux/gcc-arm/bin/../lib/gcc/arm-none-eabi/4.8.4/../../../../arm-none-eabi/lib/armv6-m/libg.a(lib_a-__atexit.o)
 .bss           0x0000000000000000        0x0 /Users/nathanogates/Development/embedded/redux/gcc-arm/bin/../lib/gcc/arm-none-eabi/4.8.4/../../../../arm-none-eabi/lib/armv6-m/libg.a(lib_a-__atexit.o)
 .text.__register_exitproc
                0x0000000000000000       0xc0 /Users/nathanogates/Development/embedded/redux/gcc-arm/bin/../lib/gcc/arm-none-eabi/4.8.4/../../../../arm-none-eabi/lib/armv6-m/libg.a(lib_a-__atexit.o)
 .ARM.attributes
                0x0000000000000000       0x2c /Users/nathanogates/Development/embedded/redux/gcc-arm/bin/../lib/gcc/arm-none-eabi/4.8.4/../../../../arm-none-eabi/lib/armv6-m/libg.a(lib_a-__atexit.o)
 .debug_frame   0x0000000000000000       0x38 /Users/nathanogates/Development/embedded/redux/gcc-arm/bin/../lib/gcc/arm-none-eabi/4.8.4/../../../../arm-none-eabi/lib/armv6-m/libg.a(lib_a-__atexit.o)
 .text          0x0000000000000000        0x0 /Users/nathanogates/Development/embedded/redux/gcc-arm/bin/../lib/gcc/arm-none-eabi/4.8.4/armv6-m/crtend.o
 .data          0x0000000000000000        0x0 /Users/nathanogates/Development/embedded/redux/gcc-arm/bin/../lib/gcc/arm-none-eabi/4.8.4/armv6-m/crtend.o
 .bss           0x0000000000000000        0x0 /Users/nathanogates/Development/embedded/redux/gcc-arm/bin/../lib/gcc/arm-none-eabi/4.8.4/armv6-m/crtend.o
 .eh_frame      0x0000000000000000        0x4 /Users/nathanogates/Development/embedded/redux/gcc-arm/bin/../lib/gcc/arm-none-eabi/4.8.4/armv6-m/crtend.o
 .jcr           0x0000000000000000        0x4 /Users/nathanogates/Development/embedded/redux/gcc-arm/bin/../lib/gcc/arm-none-eabi/4.8.4/armv6-m/crtend.o
 .ARM.attributes
                0x0000000000000000       0x2c /Users/nathanogates/Development/embedded/redux/gcc-arm/bin/../lib/gcc/arm-none-eabi/4.8.4/armv6-m/crtend.o
 .text          0x0000000000000000        0x0 /Users/nathanogates/Development/embedded/redux/gcc-arm/bin/../lib/gcc/arm-none-eabi/4.8.4/armv6-m/crtn.o
 .data          0x0000000000000000        0x0 /Users/nathanogates/Development/embedded/redux/gcc-arm/bin/../lib/gcc/arm-none-eabi/4.8.4/armv6-m/crtn.o
 .bss           0x0000000000000000        0x0 /Users/nathanogates/Development/embedded/redux/gcc-arm/bin/../lib/gcc/arm-none-eabi/4.8.4/armv6-m/crtn.o

Memory Configuration

Name             Origin             Length             Attributes
FLASH            0x0000000008000000 0x0000000000020000 xr
RAM              0x0000000020000000 0x0000000000004000 xrw
*default*        0x0000000000000000 0xffffffffffffffff

Linker script and memory map

LOAD /Users/nathanogates/Development/embedded/redux/gcc-arm/bin/../lib/gcc/arm-none-eabi/4.8.4/armv6-m/crti.o
LOAD /Users/nathanogates/Development/embedded/redux/gcc-arm/bin/../lib/gcc/arm-none-eabi/4.8.4/armv6-m/crtbegin.o
LOAD /Users/nathanogates/Development/embedded/redux/gcc-arm/bin/../lib/gcc/arm-none-eabi/4.8.4/../../../../arm-none-eabi/lib/armv6-m/crt0.o
LOAD /var/folders/8f/zhq2rlhx6sl47y8ztwk74bcr0000gn/T//ccGa6SGe.o
LOAD /var/folders/8f/zhq2rlhx6sl47y8ztwk74bcr0000gn/T//cc9BHjEf.o
LOAD /var/folders/8f/zhq2rlhx6sl47y8ztwk74bcr0000gn/T//cc73HuRH.o
LOAD ../../Libraries/libstm32l1.a
START GROUP
LOAD /Users/nathanogates/Development/embedded/redux/gcc-arm/bin/../lib/gcc/arm-none-eabi/4.8.4/armv6-m/libgcc.a
LOAD /Users/nathanogates/Development/embedded/redux/gcc-arm/bin/../lib/gcc/arm-none-eabi/4.8.4/../../../../arm-none-eabi/lib/armv6-m/libg.a
LOAD /Users/nathanogates/Development/embedded/redux/gcc-arm/bin/../lib/gcc/arm-none-eabi/4.8.4/../../../../arm-none-eabi/lib/armv6-m/libc.a
END GROUP
LOAD /Users/nathanogates/Development/embedded/redux/gcc-arm/bin/../lib/gcc/arm-none-eabi/4.8.4/armv6-m/crtend.o
LOAD /Users/nathanogates/Development/embedded/redux/gcc-arm/bin/../lib/gcc/arm-none-eabi/4.8.4/armv6-m/crtn.o
                0x0000000020002000                _estack = 0x20002000

.isr_vector     0x0000000008000000      0x10c
                0x0000000008000000                . = ALIGN (0x4)
 *(.isr_vector)
 .isr_vector    0x0000000008000000      0x10c /var/folders/8f/zhq2rlhx6sl47y8ztwk74bcr0000gn/T//cc73HuRH.o
                0x0000000008000000                g_pfnVectors
                0x000000000800010c                . = ALIGN (0x4)

.text           0x000000000800010c     0x19e8
                0x000000000800010c                . = ALIGN (0x4)
 *(.text)
 .text          0x000000000800010c      0x4a4 ../../Libraries/libstm32l1.a(stm32l1xx_adc.o)
                0x000000000800010c                ADC_DeInit
                0x0000000008000130                ADC_Init
                0x0000000008000180                ADC_StructInit
                0x0000000008000198                ADC_CommonInit
                0x00000000080001b0                ADC_CommonStructInit
                0x00000000080001b8                ADC_Cmd
                0x00000000080001d0                ADC_BankSelection
                0x00000000080001e8                ADC_PowerDownCmd
                0x00000000080001fc                ADC_DelaySelectionConfig
                0x0000000008000208                ADC_AnalogWatchdogCmd
                0x0000000008000218                ADC_AnalogWatchdogThresholdsConfig
                0x0000000008000220                ADC_AnalogWatchdogSingleChannelConfig
                0x000000000800022c                ADC_TempSensorVrefintCmd
                0x0000000008000250                ADC_RegularChannelConfig
                0x0000000008000354                ADC_SoftwareStartConv
                0x0000000008000360                ADC_GetSoftwareStartConvStatus
                0x0000000008000368                ADC_EOCOnEachRegularChannelCmd
                0x0000000008000384                ADC_ContinuousModeCmd
                0x000000000800039c                ADC_DiscModeChannelCountConfig
                0x00000000080003b0                ADC_DiscModeCmd
                0x00000000080003cc                ADC_GetConversionValue
                0x00000000080003d4                ADC_DMACmd
                0x00000000080003f0                ADC_DMARequestAfterLastTransferCmd
                0x000000000800040c                ADC_InjectedChannelConfig
                0x00000000080004a4                ADC_InjectedSequencerLengthConfig
                0x00000000080004b8                ADC_SetInjectedOffset
                0x00000000080004d0                ADC_ExternalTrigInjectedConvConfig
                0x00000000080004e0                ADC_ExternalTrigInjectedConvEdgeConfig
                0x00000000080004f0                ADC_SoftwareStartInjectedConv
                0x00000000080004fc                ADC_GetSoftwareStartInjectedConvCmdStatus
                0x0000000008000504                ADC_AutoInjectedConvCmd
                0x0000000008000520                ADC_InjectedDiscModeCmd
                0x000000000800053c                ADC_GetInjectedConversionValue
                0x0000000008000558                ADC_ITConfig
                0x0000000008000574                ADC_GetFlagStatus
                0x0000000008000580                ADC_ClearFlag
                0x0000000008000588                ADC_GetITStatus
                0x00000000080005a8                ADC_ClearITPendingBit
 .text          0x00000000080005b0      0x23c ../../Libraries/libstm32l1.a(stm32l1xx_gpio.o)
                0x00000000080005b0                GPIO_DeInit
                0x0000000008000694                GPIO_Init
                0x0000000008000744                GPIO_StructInit
                0x0000000008000758                GPIO_PinLockConfig
                0x000000000800077c                GPIO_ReadInputDataBit
                0x0000000008000788                GPIO_ReadInputData
                0x0000000008000790                GPIO_ReadOutputDataBit
                0x000000000800079c                GPIO_ReadOutputData
                0x00000000080007a4                GPIO_SetBits
                0x00000000080007a8                GPIO_ResetBits
                0x00000000080007ac                GPIO_WriteBit
                0x00000000080007b8                GPIO_Write
                0x00000000080007bc                GPIO_ToggleBits
                0x00000000080007c8                GPIO_PinAFConfig
 .text          0x00000000080007ec      0x404 ../../Libraries/libstm32l1.a(stm32l1xx_rcc.o)
                0x00000000080007ec                RCC_DeInit
                0x0000000008000834                RCC_HSEConfig
                0x0000000008000844                RCC_WaitForHSEStartUp
                0x0000000008000880                RCC_AdjustMSICalibrationValue
                0x000000000800088c                RCC_MSIRangeConfig
                0x00000000080008a4                RCC_MSICmd
                0x00000000080008b0                RCC_AdjustHSICalibrationValue
                0x00000000080008c8                RCC_HSICmd
                0x00000000080008d4                RCC_LSEConfig
                0x00000000080008e4                RCC_LSICmd
                0x00000000080008f0                RCC_PLLConfig
                0x0000000008000900                RCC_PLLCmd
                0x000000000800090c                RCC_ClockSecuritySystemCmd
                0x0000000008000918                RCC_LSEClockSecuritySystemCmd
                0x0000000008000924                RCC_MCOConfig
                0x0000000008000930                RCC_SYSCLKConfig
                0x0000000008000944                RCC_GetSYSCLKSource
                0x0000000008000954                RCC_HCLKConfig
                0x0000000008000968                RCC_PCLK1Config
                0x0000000008000980                RCC_PCLK2Config
                0x0000000008000998                RCC_GetClocksFreq
                0x0000000008000a50                RCC_RTCCLKConfig
                0x0000000008000a90                RCC_RTCCLKCmd
                0x0000000008000a9c                RCC_RTCResetCmd
                0x0000000008000aa8                RCC_AHBPeriphClockCmd
                0x0000000008000ac0                RCC_APB2PeriphClockCmd
                0x0000000008000ad8                RCC_APB1PeriphClockCmd
                0x0000000008000af0                RCC_AHBPeriphResetCmd
                0x0000000008000b08                RCC_APB2PeriphResetCmd
                0x0000000008000b20                RCC_APB1PeriphResetCmd
                0x0000000008000b38                RCC_AHBPeriphClockLPModeCmd
                0x0000000008000b50                RCC_APB2PeriphClockLPModeCmd
                0x0000000008000b68                RCC_APB1PeriphClockLPModeCmd
                0x0000000008000b80                RCC_ITConfig
                0x0000000008000b98                RCC_GetFlagStatus
                0x0000000008000bbc                RCC_ClearFlag
                0x0000000008000bd0                RCC_GetITStatus
                0x0000000008000be4                RCC_ClearITPendingBit
 .text          0x0000000008000bf0      0xb60 ../../Libraries/libstm32l1.a(stm32l1xx_tim.o)
                0x0000000008000bf0                TIM_DeInit
                0x0000000008000cf0                TIM_TimeBaseInit
                0x0000000008000d58                TIM_TimeBaseStructInit
                0x0000000008000d68                TIM_PrescalerConfig
                0x0000000008000d70                TIM_CounterModeConfig
                0x0000000008000d80                TIM_SetCounter
                0x0000000008000d84                TIM_SetAutoreload
                0x0000000008000d88                TIM_GetCounter
                0x0000000008000d8c                TIM_GetPrescaler
                0x0000000008000d94                TIM_UpdateDisableConfig
                0x0000000008000db4                TIM_UpdateRequestConfig
                0x0000000008000dd4                TIM_ARRPreloadConfig
                0x0000000008000df4                TIM_SelectOnePulseMode
                0x0000000008000e0c                TIM_SetClockDivision
                0x0000000008000e24                TIM_Cmd
                0x0000000008000e44                TIM_OC1Init
                0x0000000008000e7c                TIM_OC2Init
                0x0000000008000ec0                TIM_OC3Init
                0x0000000008000f00                TIM_OC4Init
                0x0000000008000f44                TIM_OCStructInit
                0x0000000008000f50                TIM_SelectOCxM
                0x0000000008000fa0                TIM_SetCompare1
                0x0000000008000fa4                TIM_SetCompare2
                0x0000000008000fa8                TIM_SetCompare3
                0x0000000008000fac                TIM_SetCompare4
                0x0000000008000fb0                TIM_ForcedOC1Config
                0x0000000008000fc0                TIM_ForcedOC2Config
                0x0000000008000fd8                TIM_ForcedOC3Config
                0x0000000008000fe8                TIM_ForcedOC4Config
                0x0000000008001000                TIM_OC1PreloadConfig
                0x0000000008001010                TIM_OC2PreloadConfig
                0x0000000008001028                TIM_OC3PreloadConfig
                0x0000000008001038                TIM_OC4PreloadConfig
                0x0000000008001050                TIM_OC1FastConfig
                0x0000000008001060                TIM_OC2FastConfig
                0x0000000008001078                TIM_OC3FastConfig
                0x0000000008001088                TIM_OC4FastConfig
                0x00000000080010a0                TIM_ClearOC1Ref
                0x00000000080010b0                TIM_ClearOC2Ref
                0x00000000080010c0                TIM_ClearOC3Ref
                0x00000000080010d0                TIM_ClearOC4Ref
                0x00000000080010e0                TIM_OC1PolarityConfig
                0x00000000080010f0                TIM_OC2PolarityConfig
                0x0000000008001108                TIM_OC3PolarityConfig
                0x0000000008001120                TIM_OC4PolarityConfig
                0x0000000008001138                TIM_SelectOCREFClear
                0x0000000008001150                TIM_CCxCmd
                0x000000000800116c                TIM_ICInit
                0x00000000080012d0                TIM_ICStructInit
                0x00000000080012e0                TIM_PWMIConfig
                0x0000000008001468                TIM_GetCapture1
                0x000000000800146c                TIM_GetCapture2
                0x0000000008001470                TIM_GetCapture3
                0x0000000008001474                TIM_GetCapture4
                0x0000000008001478                TIM_SetIC1Prescaler
                0x0000000008001490                TIM_SetIC2Prescaler
                0x00000000080014ac                TIM_SetIC3Prescaler
                0x00000000080014c4                TIM_SetIC4Prescaler
                0x00000000080014e0                TIM_ITConfig
                0x00000000080014f4                TIM_GenerateEvent
                0x00000000080014f8                TIM_GetFlagStatus
                0x0000000008001504                TIM_ClearFlag
                0x000000000800150c                TIM_GetITStatus
                0x0000000008001524                TIM_ClearITPendingBit
                0x000000000800152c                TIM_DMAConfig
                0x0000000008001534                TIM_DMACmd
                0x0000000008001548                TIM_SelectCCDMA
                0x0000000008001568                TIM_InternalClockConfig
                0x0000000008001578                TIM_ITRxExternalClockConfig
                0x0000000008001594                TIM_TIxExternalClockConfig
                0x0000000008001628                TIM_ETRClockMode1Config
                0x0000000008001650                TIM_ETRClockMode2Config
                0x0000000008001674                TIM_SelectInputTrigger
                0x0000000008001684                TIM_SelectOutputTrigger
                0x000000000800169c                TIM_SelectSlaveMode
                0x00000000080016b4                TIM_SelectMasterSlaveMode
                0x00000000080016cc                TIM_ETRConfig
                0x00000000080016e4                TIM_EncoderInterfaceConfig
                0x000000000800171c                TIM_SelectHallSensor
                0x000000000800173c                TIM_RemapConfig
 .text          0x0000000008001750       0x9c /Users/nathanogates/Development/embedded/redux/gcc-arm/bin/../lib/gcc/arm-none-eabi/4.8.4/armv6-m/libgcc.a(_udivsi3.o)
                0x0000000008001750                __udivsi3
                0x0000000008001750                __aeabi_uidiv
                0x00000000080017d8                __aeabi_uidivmod
 .text          0x00000000080017ec        0x4 /Users/nathanogates/Development/embedded/redux/gcc-arm/bin/../lib/gcc/arm-none-eabi/4.8.4/armv6-m/libgcc.a(_dvmd_tls.o)
                0x00000000080017ec                __aeabi_ldiv0
                0x00000000080017ec                __aeabi_idiv0
 *(.text.*)
 .text.startup.main
                0x00000000080017f0      0x13c /var/folders/8f/zhq2rlhx6sl47y8ztwk74bcr0000gn/T//ccGa6SGe.o
                0x00000000080017f0                main
 .text.SystemInit
                0x000000000800192c      0x114 /var/folders/8f/zhq2rlhx6sl47y8ztwk74bcr0000gn/T//cc9BHjEf.o
                0x000000000800192c                SystemInit
 .text.Reset_Handler
                0x0000000008001a40       0x50 /var/folders/8f/zhq2rlhx6sl47y8ztwk74bcr0000gn/T//cc73HuRH.o
                0x0000000008001a40                Reset_Handler
 .text.Default_Handler
                0x0000000008001a90        0x4 /var/folders/8f/zhq2rlhx6sl47y8ztwk74bcr0000gn/T//cc73HuRH.o
                0x0000000008001a90                I2C1_ER_IRQHandler
                0x0000000008001a90                EXTI2_IRQHandler
                0x0000000008001a90                DebugMon_Handler
                0x0000000008001a90                HardFault_Handler
                0x0000000008001a90                TIM10_IRQHandler
                0x0000000008001a90                USB_HP_IRQHandler
                0x0000000008001a90                TIM6_IRQHandler
                0x0000000008001a90                SysTick_Handler
                0x0000000008001a90                PVD_IRQHandler
                0x0000000008001a90                PendSV_Handler
                0x0000000008001a90                NMI_Handler
                0x0000000008001a90                EXTI3_IRQHandler
                0x0000000008001a90                EXTI0_IRQHandler
                0x0000000008001a90                I2C2_EV_IRQHandler
                0x0000000008001a90                UsageFault_Handler
                0x0000000008001a90                SPI1_IRQHandler
                0x0000000008001a90                USB_FS_WKUP_IRQHandler
                0x0000000008001a90                DMA1_Channel4_IRQHandler
                0x0000000008001a90                ADC1_IRQHandler
                0x0000000008001a90                USART3_IRQHandler
                0x0000000008001a90                DMA1_Channel7_IRQHandler
                0x0000000008001a90                LCD_IRQHandler
                0x0000000008001a90                TIM4_IRQHandler
                0x0000000008001a90                I2C1_EV_IRQHandler
                0x0000000008001a90                DMA1_Channel6_IRQHandler
                0x0000000008001a90                TIM3_IRQHandler
                0x0000000008001a90                RCC_IRQHandler
                0x0000000008001a90                DMA1_Channel1_IRQHandler
                0x0000000008001a90                Default_Handler
                0x0000000008001a90                EXTI15_10_IRQHandler
                0x0000000008001a90                TIM7_IRQHandler
                0x0000000008001a90                EXTI9_5_IRQHandler
                0x0000000008001a90                TIM9_IRQHandler
                0x0000000008001a90                TAMPER_STAMP_IRQHandler
                0x0000000008001a90                RTC_WKUP_IRQHandler
                0x0000000008001a90                SPI2_IRQHandler
                0x0000000008001a90                MemManage_Handler
                0x0000000008001a90                SVC_Handler
                0x0000000008001a90                DMA1_Channel5_IRQHandler
                0x0000000008001a90                USB_LP_IRQHandler
                0x0000000008001a90                EXTI4_IRQHandler
                0x0000000008001a90                DMA1_Channel3_IRQHandler
                0x0000000008001a90                COMP_IRQHandler
                0x0000000008001a90                WWDG_IRQHandler
                0x0000000008001a90                TIM2_IRQHandler
                0x0000000008001a90                DAC_IRQHandler
                0x0000000008001a90                EXTI1_IRQHandler
                0x0000000008001a90                TIM11_IRQHandler
                0x0000000008001a90                USART2_IRQHandler
                0x0000000008001a90                I2C2_ER_IRQHandler
                0x0000000008001a90                DMA1_Channel2_IRQHandler
                0x0000000008001a90                FLASH_IRQHandler
                0x0000000008001a90                BusFault_Handler
                0x0000000008001a90                USART1_IRQHandler
                0x0000000008001a90                RTC_Alarm_IRQHandler
 .text.__libc_init_array
                0x0000000008001a94       0x48 /Users/nathanogates/Development/embedded/redux/gcc-arm/bin/../lib/gcc/arm-none-eabi/4.8.4/../../../../arm-none-eabi/lib/armv6-m/libg.a(lib_a-init.o)
                0x0000000008001a94                __libc_init_array
 *(.rodata)
 *(.rodata*)
 *(.glue_7)
 .glue_7        0x0000000000000000        0x0 linker stubs
 *(.glue_7t)
 .glue_7t       0x0000000000000000        0x0 linker stubs
 *(.init)
 .init          0x0000000008001adc        0x4 /Users/nathanogates/Development/embedded/redux/gcc-arm/bin/../lib/gcc/arm-none-eabi/4.8.4/armv6-m/crti.o
                0x0000000008001adc                _init
 .init          0x0000000008001ae0        0x8 /Users/nathanogates/Development/embedded/redux/gcc-arm/bin/../lib/gcc/arm-none-eabi/4.8.4/armv6-m/crtn.o
 *(.fini)
 .fini          0x0000000008001ae8        0x4 /Users/nathanogates/Development/embedded/redux/gcc-arm/bin/../lib/gcc/arm-none-eabi/4.8.4/armv6-m/crti.o
                0x0000000008001ae8                _fini
 .fini          0x0000000008001aec        0x8 /Users/nathanogates/Development/embedded/redux/gcc-arm/bin/../lib/gcc/arm-none-eabi/4.8.4/armv6-m/crtn.o
                0x0000000008001af4                . = ALIGN (0x4)
                0x0000000008001af4                _etext = .
                0x0000000008001af4                _sidata = _etext

.vfp11_veneer   0x0000000008001af4        0x0
 .vfp11_veneer  0x0000000000000000        0x0 linker stubs

.v4_bx          0x0000000008001af4        0x0
 .v4_bx         0x0000000000000000        0x0 linker stubs

.iplt           0x0000000008001af4        0x0
 .iplt          0x0000000000000000        0x0 /Users/nathanogates/Development/embedded/redux/gcc-arm/bin/../lib/gcc/arm-none-eabi/4.8.4/armv6-m/crtbegin.o

.rel.dyn        0x0000000008001af4        0x0
 .rel.iplt      0x0000000000000000        0x0 /Users/nathanogates/Development/embedded/redux/gcc-arm/bin/../lib/gcc/arm-none-eabi/4.8.4/armv6-m/crtbegin.o

.data           0x0000000020000000       0x20 load address 0x0000000008001af4
                0x0000000020000000                . = ALIGN (0x4)
                0x0000000020000000                _sdata = .
                0x0000000020000000                _data = .
 *(.data)
 .data          0x0000000020000000       0x1c ../../Libraries/libstm32l1.a(stm32l1xx_rcc.o)
 *(.data.*)
 .data.SystemCoreClock
                0x000000002000001c        0x4 /var/folders/8f/zhq2rlhx6sl47y8ztwk74bcr0000gn/T//cc9BHjEf.o
                0x000000002000001c                SystemCoreClock
 *(.RAMtext)
                0x0000000020000020                . = ALIGN (0x4)
                0x0000000020000020                _edata = .

.igot.plt       0x0000000020000020        0x0 load address 0x0000000008001b14
 .igot.plt      0x0000000000000000        0x0 /Users/nathanogates/Development/embedded/redux/gcc-arm/bin/../lib/gcc/arm-none-eabi/4.8.4/armv6-m/crtbegin.o

.bss            0x0000000020000020       0x40 load address 0x0000000008001b14
                0x0000000020000020                . = ALIGN (0x4)
                0x0000000020000020                _sbss = .
                0x0000000020000020                _bss = .
 *(.bss)
 *(.bss.*)
 .bss.PrescalerValue
                0x0000000020000020        0x2 /var/folders/8f/zhq2rlhx6sl47y8ztwk74bcr0000gn/T//ccGa6SGe.o
                0x0000000020000020                PrescalerValue
 *(COMMON)
 *fill*         0x0000000020000022        0x2 
 COMMON         0x0000000020000024       0x3c /var/folders/8f/zhq2rlhx6sl47y8ztwk74bcr0000gn/T//ccGa6SGe.o
                0x0000000020000024                TIM_TimeBaseStructure
                0x0000000020000030                ADC_InitStructure
                0x0000000020000048                TIM_OCInitStructure
                0x0000000020000054                GPIO_InitStructure
                0x000000002000005c                ADC_CommonInitStructure
                0x0000000020000060                . = ALIGN (0x4)
                0x0000000020000060                _ebss = .
                0x0000000020000060                PROVIDE (end, _ebss)
                0x0000000020000060                PROVIDE (_end, _ebss)
                0x0000000020000060                __exidx_start = .
                0x0000000020000060                __exidx_end = .

/DISCARD/
 libc.a(*)
 libm.a(*)
 libgcc.a(*)

.stab
 *(.stab)

.stabstr
 *(.stabstr)

.stab.excl
 *(.stab.excl)

.stab.exclstr
 *(.stab.exclstr)

.stab.index
 *(.stab.index)

.stab.indexstr
 *(.stab.indexstr)

.comment        0x0000000000000000       0xe0
 *(.comment)
 .comment       0x0000000000000000       0x70 /var/folders/8f/zhq2rlhx6sl47y8ztwk74bcr0000gn/T//ccGa6SGe.o
                                         0x71 (size before relaxing)
 .comment       0x0000000000000000       0x71 /var/folders/8f/zhq2rlhx6sl47y8ztwk74bcr0000gn/T//cc9BHjEf.o
 .comment       0x0000000000000000       0x71 ../../Libraries/libstm32l1.a(stm32l1xx_adc.o)
 .comment       0x0000000000000070       0x70 ../../Libraries/libstm32l1.a(stm32l1xx_gpio.o)
                                         0x71 (size before relaxing)
 .comment       0x0000000000000000       0x71 ../../Libraries/libstm32l1.a(stm32l1xx_rcc.o)
 .comment       0x0000000000000000       0x71 ../../Libraries/libstm32l1.a(stm32l1xx_tim.o)

.ARM.attributes
                0x0000000000000000       0x2d
 .ARM.attributes
                0x0000000000000000       0x1e /Users/nathanogates/Development/embedded/redux/gcc-arm/bin/../lib/gcc/arm-none-eabi/4.8.4/armv6-m/crti.o
 .ARM.attributes
                0x000000000000001e       0x31 /var/folders/8f/zhq2rlhx6sl47y8ztwk74bcr0000gn/T//ccGa6SGe.o
 .ARM.attributes
                0x000000000000004f       0x31 /var/folders/8f/zhq2rlhx6sl47y8ztwk74bcr0000gn/T//cc9BHjEf.o
 .ARM.attributes
                0x0000000000000080       0x21 /var/folders/8f/zhq2rlhx6sl47y8ztwk74bcr0000gn/T//cc73HuRH.o
 .ARM.attributes
                0x00000000000000a1       0x31 ../../Libraries/libstm32l1.a(stm32l1xx_adc.o)
 .ARM.attributes
                0x00000000000000d2       0x31 ../../Libraries/libstm32l1.a(stm32l1xx_gpio.o)
 .ARM.attributes
                0x0000000000000103       0x31 ../../Libraries/libstm32l1.a(stm32l1xx_rcc.o)
 .ARM.attributes
                0x0000000000000134       0x31 ../../Libraries/libstm32l1.a(stm32l1xx_tim.o)
 .ARM.attributes
                0x0000000000000165       0x1e /Users/nathanogates/Development/embedded/redux/gcc-arm/bin/../lib/gcc/arm-none-eabi/4.8.4/armv6-m/libgcc.a(_udivsi3.o)
 .ARM.attributes
                0x0000000000000183       0x1e /Users/nathanogates/Development/embedded/redux/gcc-arm/bin/../lib/gcc/arm-none-eabi/4.8.4/armv6-m/libgcc.a(_dvmd_tls.o)
 .ARM.attributes
                0x00000000000001a1       0x2c /Users/nathanogates/Development/embedded/redux/gcc-arm/bin/../lib/gcc/arm-none-eabi/4.8.4/../../../../arm-none-eabi/lib/armv6-m/libg.a(lib_a-init.o)
 .ARM.attributes
                0x00000000000001cd       0x1e /Users/nathanogates/Development/embedded/redux/gcc-arm/bin/../lib/gcc/arm-none-eabi/4.8.4/armv6-m/crtn.o

.debug
 *(.debug)

.line
 *(.line)

.debug_srcinfo
 *(.debug_srcinfo)

.debug_sfnames
 *(.debug_sfnames)

.debug_aranges  0x0000000000000000       0xf0
 *(.debug_aranges)
 .debug_aranges
                0x0000000000000000       0x20 /var/folders/8f/zhq2rlhx6sl47y8ztwk74bcr0000gn/T//ccGa6SGe.o
 .debug_aranges
                0x0000000000000020       0x28 /var/folders/8f/zhq2rlhx6sl47y8ztwk74bcr0000gn/T//cc9BHjEf.o
 .debug_aranges
                0x0000000000000048       0x28 /var/folders/8f/zhq2rlhx6sl47y8ztwk74bcr0000gn/T//cc73HuRH.o
 .debug_aranges
                0x0000000000000070       0x20 ../../Libraries/libstm32l1.a(stm32l1xx_adc.o)
 .debug_aranges
                0x0000000000000090       0x20 ../../Libraries/libstm32l1.a(stm32l1xx_gpio.o)
 .debug_aranges
                0x00000000000000b0       0x20 ../../Libraries/libstm32l1.a(stm32l1xx_rcc.o)
 .debug_aranges
                0x00000000000000d0       0x20 ../../Libraries/libstm32l1.a(stm32l1xx_tim.o)

.debug_pubnames
 *(.debug_pubnames)

.debug_info     0x0000000000000000     0x51d3
 *(.debug_info .gnu.linkonce.wi.*)
 .debug_info    0x0000000000000000      0xbf0 /var/folders/8f/zhq2rlhx6sl47y8ztwk74bcr0000gn/T//ccGa6SGe.o
 .debug_info    0x0000000000000bf0      0x56b /var/folders/8f/zhq2rlhx6sl47y8ztwk74bcr0000gn/T//cc9BHjEf.o
 .debug_info    0x000000000000115b       0xa7 /var/folders/8f/zhq2rlhx6sl47y8ztwk74bcr0000gn/T//cc73HuRH.o
 .debug_info    0x0000000000001202      0xcc9 ../../Libraries/libstm32l1.a(stm32l1xx_adc.o)
 .debug_info    0x0000000000001ecb      0x7bd ../../Libraries/libstm32l1.a(stm32l1xx_gpio.o)
 .debug_info    0x0000000000002688      0xa93 ../../Libraries/libstm32l1.a(stm32l1xx_rcc.o)
 .debug_info    0x000000000000311b     0x20b8 ../../Libraries/libstm32l1.a(stm32l1xx_tim.o)

.debug_abbrev   0x0000000000000000      0xc03
 *(.debug_abbrev)
 .debug_abbrev  0x0000000000000000      0x1a8 /var/folders/8f/zhq2rlhx6sl47y8ztwk74bcr0000gn/T//ccGa6SGe.o
 .debug_abbrev  0x00000000000001a8      0x15f /var/folders/8f/zhq2rlhx6sl47y8ztwk74bcr0000gn/T//cc9BHjEf.o
 .debug_abbrev  0x0000000000000307       0x12 /var/folders/8f/zhq2rlhx6sl47y8ztwk74bcr0000gn/T//cc73HuRH.o
 .debug_abbrev  0x0000000000000319      0x1c0 ../../Libraries/libstm32l1.a(stm32l1xx_adc.o)
 .debug_abbrev  0x00000000000004d9      0x1e5 ../../Libraries/libstm32l1.a(stm32l1xx_gpio.o)
 .debug_abbrev  0x00000000000006be      0x29a ../../Libraries/libstm32l1.a(stm32l1xx_rcc.o)
 .debug_abbrev  0x0000000000000958      0x2ab ../../Libraries/libstm32l1.a(stm32l1xx_tim.o)

.debug_line     0x0000000000000000     0x13dc
 *(.debug_line)
 .debug_line    0x0000000000000000      0x244 /var/folders/8f/zhq2rlhx6sl47y8ztwk74bcr0000gn/T//ccGa6SGe.o
 .debug_line    0x0000000000000244      0x1ca /var/folders/8f/zhq2rlhx6sl47y8ztwk74bcr0000gn/T//cc9BHjEf.o
 .debug_line    0x000000000000040e       0x80 /var/folders/8f/zhq2rlhx6sl47y8ztwk74bcr0000gn/T//cc73HuRH.o
 .debug_line    0x000000000000048e      0x3a0 ../../Libraries/libstm32l1.a(stm32l1xx_adc.o)
 .debug_line    0x000000000000082e      0x20b ../../Libraries/libstm32l1.a(stm32l1xx_gpio.o)
 .debug_line    0x0000000000000a39      0x30d ../../Libraries/libstm32l1.a(stm32l1xx_rcc.o)
 .debug_line    0x0000000000000d46      0x696 ../../Libraries/libstm32l1.a(stm32l1xx_tim.o)

.debug_frame    0x0000000000000000      0xcd0
 *(.debug_frame)
 .debug_frame   0x0000000000000000       0x30 /var/folders/8f/zhq2rlhx6sl47y8ztwk74bcr0000gn/T//ccGa6SGe.o
 .debug_frame   0x0000000000000030       0x4c /var/folders/8f/zhq2rlhx6sl47y8ztwk74bcr0000gn/T//cc9BHjEf.o
 .debug_frame   0x000000000000007c      0x2a8 ../../Libraries/libstm32l1.a(stm32l1xx_adc.o)
 .debug_frame   0x0000000000000324      0x120 ../../Libraries/libstm32l1.a(stm32l1xx_gpio.o)
 .debug_frame   0x0000000000000444      0x288 ../../Libraries/libstm32l1.a(stm32l1xx_rcc.o)
 .debug_frame   0x00000000000006cc      0x5b8 ../../Libraries/libstm32l1.a(stm32l1xx_tim.o)
 .debug_frame   0x0000000000000c84       0x20 /Users/nathanogates/Development/embedded/redux/gcc-arm/bin/../lib/gcc/arm-none-eabi/4.8.4/armv6-m/libgcc.a(_udivsi3.o)
 .debug_frame   0x0000000000000ca4       0x2c /Users/nathanogates/Development/embedded/redux/gcc-arm/bin/../lib/gcc/arm-none-eabi/4.8.4/../../../../arm-none-eabi/lib/armv6-m/libg.a(lib_a-init.o)

.debug_str      0x0000000000000000     0x1d75
 *(.debug_str)
 .debug_str     0x0000000000000000      0x7d8 /var/folders/8f/zhq2rlhx6sl47y8ztwk74bcr0000gn/T//ccGa6SGe.o
                                        0x83f (size before relaxing)
 .debug_str     0x00000000000007d8      0x196 /var/folders/8f/zhq2rlhx6sl47y8ztwk74bcr0000gn/T//cc9BHjEf.o
                                        0x3bd (size before relaxing)
 .debug_str     0x000000000000096e      0x574 ../../Libraries/libstm32l1.a(stm32l1xx_adc.o)
                                        0x837 (size before relaxing)
 .debug_str     0x0000000000000ee2      0x229 ../../Libraries/libstm32l1.a(stm32l1xx_gpio.o)
                                        0x4e6 (size before relaxing)
 .debug_str     0x000000000000110b      0x3d8 ../../Libraries/libstm32l1.a(stm32l1xx_rcc.o)
                                        0x704 (size before relaxing)
 .debug_str     0x00000000000014e3      0x892 ../../Libraries/libstm32l1.a(stm32l1xx_tim.o)
                                        0xc72 (size before relaxing)

.debug_loc      0x0000000000000000     0x3ecc
 *(.debug_loc)
 .debug_loc     0x0000000000000000       0x17 /var/folders/8f/zhq2rlhx6sl47y8ztwk74bcr0000gn/T//ccGa6SGe.o
 .debug_loc     0x0000000000000017      0x119 /var/folders/8f/zhq2rlhx6sl47y8ztwk74bcr0000gn/T//cc9BHjEf.o
 .debug_loc     0x0000000000000130      0xc74 ../../Libraries/libstm32l1.a(stm32l1xx_adc.o)
 .debug_loc     0x0000000000000da4      0x38c ../../Libraries/libstm32l1.a(stm32l1xx_gpio.o)
 .debug_loc     0x0000000000001130      0x98f ../../Libraries/libstm32l1.a(stm32l1xx_rcc.o)
 .debug_loc     0x0000000000001abf     0x240d ../../Libraries/libstm32l1.a(stm32l1xx_tim.o)

.debug_macinfo
 *(.debug_macinfo)

.debug_weaknames
 *(.debug_weaknames)

.debug_funcnames
 *(.debug_funcnames)

.debug_typenames
 *(.debug_typenames)

.debug_varnames
 *(.debug_varnames)
OUTPUT(main.elf elf32-littlearm)

.debug_ranges   0x0000000000000000      0x240
 .debug_ranges  0x0000000000000000       0x10 /var/folders/8f/zhq2rlhx6sl47y8ztwk74bcr0000gn/T//ccGa6SGe.o
 .debug_ranges  0x0000000000000010       0x30 /var/folders/8f/zhq2rlhx6sl47y8ztwk74bcr0000gn/T//cc9BHjEf.o
 .debug_ranges  0x0000000000000040       0x20 /var/folders/8f/zhq2rlhx6sl47y8ztwk74bcr0000gn/T//cc73HuRH.o
 .debug_ranges  0x0000000000000060       0x18 ../../Libraries/libstm32l1.a(stm32l1xx_rcc.o)
 .debug_ranges  0x0000000000000078      0x1c8 ../../Libraries/libstm32l1.a(stm32l1xx_tim.o)
